<?xml version="1.0" encoding="utf-8"?><testsuites name="pytest tests"><testsuite name="pytest" errors="0" failures="0" skipped="0" tests="258" time="44.148" timestamp="2025-12-27T00:29:40.539644+00:00" hostname="2b5051674439"><testcase classname="tests.e2e.test_acars_api.TestAcarsMessagesEndpoints" name="test_get_acars_messages_empty" time="0.167" /><testcase classname="tests.e2e.test_acars_api.TestAcarsMessagesEndpoints" name="test_get_acars_messages_with_data" time="0.069" /><testcase classname="tests.e2e.test_acars_api.TestAcarsMessagesEndpoints" name="test_get_acars_messages_filter_by_icao" time="0.066" /><testcase classname="tests.e2e.test_acars_api.TestAcarsMessagesEndpoints" name="test_get_acars_messages_filter_by_callsign" time="0.072" /><testcase classname="tests.e2e.test_acars_api.TestAcarsMessagesEndpoints" name="test_get_acars_messages_filter_by_label" time="0.072" /><testcase classname="tests.e2e.test_acars_api.TestAcarsMessagesEndpoints" name="test_get_acars_messages_filter_by_source" time="0.069" /><testcase classname="tests.e2e.test_acars_api.TestAcarsMessagesEndpoints" name="test_get_acars_messages_filter_by_hours" time="0.061" /><testcase classname="tests.e2e.test_acars_api.TestAcarsMessagesEndpoints" name="test_get_acars_messages_limit" time="0.067" /><testcase classname="tests.e2e.test_acars_api.TestAcarsMessagesEndpoints" name="test_get_acars_messages_combined_filters" time="0.066" /><testcase classname="tests.e2e.test_acars_api.TestAcarsRecentMessagesEndpoint" name="test_get_recent_messages" time="0.056" /><testcase classname="tests.e2e.test_acars_api.TestAcarsRecentMessagesEndpoint" name="test_get_recent_messages_with_limit" time="0.051" /><testcase classname="tests.e2e.test_acars_api.TestAcarsAircraftMessagesEndpoint" name="test_get_aircraft_acars" time="0.073" /><testcase classname="tests.e2e.test_acars_api.TestAcarsAircraftMessagesEndpoint" name="test_get_aircraft_acars_with_params" time="0.087" /><testcase classname="tests.e2e.test_acars_api.TestAcarsAircraftMessagesEndpoint" name="test_get_aircraft_acars_normalizes_icao" time="0.073" /><testcase classname="tests.e2e.test_acars_api.TestAcarsStatsEndpoints" name="test_get_acars_stats" time="0.065" /><testcase classname="tests.e2e.test_acars_api.TestAcarsStatsEndpoints" name="test_get_acars_stats_with_data" time="0.074" /><testcase classname="tests.e2e.test_acars_api.TestAcarsStatusEndpoint" name="test_get_acars_status" time="0.051" /><testcase classname="tests.e2e.test_acars_api.TestAcarsStatusEndpoint" name="test_get_acars_status_not_running" time="0.054" /><testcase classname="tests.e2e.test_acars_api.TestAcarsCleanupEndpoint" name="test_cleanup_old_messages" time="0.066" /><testcase classname="tests.e2e.test_acars_api.TestAcarsCleanupEndpoint" name="test_cleanup_default_days" time="0.067" /><testcase classname="tests.e2e.test_acars_api.TestAcarsCleanupEndpoint" name="test_cleanup_custom_days" time="0.055" /><testcase classname="tests.e2e.test_acars_api.TestAcarsLabelsEndpoint" name="test_get_label_reference" time="0.059" /><testcase classname="tests.e2e.test_acars_api.TestAcarsIntegration" name="test_acars_message_lifecycle" time="0.082" /><testcase classname="tests.e2e.test_acars_api.TestAcarsIntegration" name="test_acars_filtering_accuracy" time="0.074" /><testcase classname="tests.e2e.test_airframe_api.TestAircraftInfoEndpoints" name="test_get_aircraft_info_from_cache" time="0.317" /><testcase classname="tests.e2e.test_airframe_api.TestAircraftInfoEndpoints" name="test_get_aircraft_info_not_found" time="19.457" /><testcase classname="tests.e2e.test_airframe_api.TestAircraftInfoEndpoints" name="test_get_aircraft_info_invalid_icao" time="0.079" /><testcase classname="tests.e2e.test_airframe_api.TestAircraftInfoEndpoints" name="test_get_aircraft_info_tisb_prefix" time="0.067" /><testcase classname="tests.e2e.test_airframe_api.TestAircraftInfoEndpoints" name="test_get_aircraft_info_refresh" time="4.299" /><testcase classname="tests.e2e.test_airframe_api.TestAircraftInfoEndpoints" name="test_get_aircraft_info_includes_age" time="0.114" /><testcase classname="tests.e2e.test_airframe_api.TestAircraftPhotoEndpoints" name="test_get_aircraft_photo_urls" time="0.082" /><testcase classname="tests.e2e.test_airframe_api.TestAircraftPhotoEndpoints" name="test_get_aircraft_photo_not_found" time="0.088" /><testcase classname="tests.e2e.test_airframe_api.TestAircraftPhotoEndpoints" name="test_get_aircraft_photo_invalid_icao" time="0.062" /><testcase classname="tests.e2e.test_airframe_api.TestAircraftPhotoEndpoints" name="test_download_aircraft_photo_cached" time="0.107" /><testcase classname="tests.e2e.test_airframe_api.TestAircraftPhotoEndpoints" name="test_download_aircraft_photo_thumbnail" time="0.125" /><testcase classname="tests.e2e.test_airframe_api.TestBulkAircraftInfoEndpoint" name="test_bulk_lookup_success" time="0.094" /><testcase classname="tests.e2e.test_airframe_api.TestBulkAircraftInfoEndpoint" name="test_bulk_lookup_empty_list" time="0.067" /><testcase classname="tests.e2e.test_airframe_api.TestBulkAircraftInfoEndpoint" name="test_bulk_lookup_too_many" time="0.073" /><testcase classname="tests.e2e.test_airframe_api.TestBulkAircraftInfoEndpoint" name="test_bulk_lookup_filters_invalid" time="0.065" /><testcase classname="tests.e2e.test_airframe_api.TestCacheStatsEndpoint" name="test_get_cache_stats" time="0.112" /><testcase classname="tests.e2e.test_airframe_api.TestCacheStatsEndpoint" name="test_get_cache_stats_with_data" time="0.191" /><testcase classname="tests.e2e.test_airframe_api.TestAircraftInfoIntegration" name="test_aircraft_info_workflow" time="0.151" /><testcase classname="tests.e2e.test_airframe_api.TestAircraftInfoIntegration" name="test_failed_lookup_tracking" time="0.139" /><testcase classname="tests.e2e.test_airframe_api.TestAircraftInfoIntegration" name="test_military_aircraft_detection" time="0.117" /><testcase classname="tests.e2e.test_alerts_comprehensive.TestAlertRuleCRUD" name="test_create_simple_rule" time="0.070" /><testcase classname="tests.e2e.test_alerts_comprehensive.TestAlertRuleCRUD" name="test_create_altitude_rule" time="0.062" /><testcase classname="tests.e2e.test_alerts_comprehensive.TestAlertRuleCRUD" name="test_create_distance_rule" time="0.060" /><testcase classname="tests.e2e.test_alerts_comprehensive.TestAlertRuleCRUD" name="test_create_callsign_rule" time="0.058" /><testcase classname="tests.e2e.test_alerts_comprehensive.TestAlertRuleCRUD" name="test_create_military_rule" time="0.062" /><testcase classname="tests.e2e.test_alerts_comprehensive.TestAlertRuleCRUD" name="test_get_rule_by_id" time="0.069" /><testcase classname="tests.e2e.test_alerts_comprehensive.TestAlertRuleCRUD" name="test_get_rule_not_found" time="0.063" /><testcase classname="tests.e2e.test_alerts_comprehensive.TestAlertRuleCRUD" name="test_update_rule" time="0.073" /><testcase classname="tests.e2e.test_alerts_comprehensive.TestAlertRuleCRUD" name="test_delete_rule" time="0.066" /><testcase classname="tests.e2e.test_alerts_comprehensive.TestAlertRuleCRUD" name="test_toggle_rule" time="0.073" /><testcase classname="tests.e2e.test_alerts_comprehensive.TestComplexAlertRules" name="test_create_complex_and_rule" time="0.061" /><testcase classname="tests.e2e.test_alerts_comprehensive.TestComplexAlertRules" name="test_create_complex_or_rule" time="0.067" /><testcase classname="tests.e2e.test_alerts_comprehensive.TestComplexAlertRules" name="test_create_nested_complex_rule" time="0.063" /><testcase classname="tests.e2e.test_alerts_comprehensive.TestAlertRuleScheduling" name="test_create_scheduled_rule" time="0.060" /><testcase classname="tests.e2e.test_alerts_comprehensive.TestAlertRuleScheduling" name="test_create_rule_with_only_start" time="0.060" /><testcase classname="tests.e2e.test_alerts_comprehensive.TestAlertRuleScheduling" name="test_create_rule_with_only_expiry" time="0.068" /><testcase classname="tests.e2e.test_alerts_comprehensive.TestAlertRuleOperators" name="test_operator_eq" time="0.079" /><testcase classname="tests.e2e.test_alerts_comprehensive.TestAlertRuleOperators" name="test_operator_ne" time="0.062" /><testcase classname="tests.e2e.test_alerts_comprehensive.TestAlertRuleOperators" name="test_operator_lt" time="0.073" /><testcase classname="tests.e2e.test_alerts_comprehensive.TestAlertRuleOperators" name="test_operator_gt" time="0.066" /><testcase classname="tests.e2e.test_alerts_comprehensive.TestAlertRuleOperators" name="test_operator_le" time="0.062" /><testcase classname="tests.e2e.test_alerts_comprehensive.TestAlertRuleOperators" name="test_operator_ge" time="0.061" /><testcase classname="tests.e2e.test_alerts_comprehensive.TestAlertRuleOperators" name="test_operator_contains" time="0.066" /><testcase classname="tests.e2e.test_alerts_comprehensive.TestAlertRuleOperators" name="test_operator_startswith" time="0.067" /><testcase classname="tests.e2e.test_alerts_comprehensive.TestAlertHistory" name="test_get_alert_history_empty" time="0.065" /><testcase classname="tests.e2e.test_alerts_comprehensive.TestAlertHistory" name="test_get_alert_history_with_data" time="0.086" /><testcase classname="tests.e2e.test_alerts_comprehensive.TestAlertHistory" name="test_get_alert_history_filter_by_rule" time="0.077" /><testcase classname="tests.e2e.test_alerts_comprehensive.TestAlertHistory" name="test_get_alert_history_filter_by_hours" time="0.069" /><testcase classname="tests.e2e.test_alerts_comprehensive.TestAlertHistory" name="test_clear_alert_history" time="0.075" /><testcase classname="tests.e2e.test_alerts_comprehensive.TestAlertRuleListFiltering" name="test_get_all_rules" time="0.072" /><testcase classname="tests.e2e.test_alerts_comprehensive.TestAlertRuleListFiltering" name="test_get_enabled_rules_only" time="0.070" /><testcase classname="tests.e2e.test_alerts_comprehensive.TestAlertRuleIntegration" name="test_complete_alert_workflow" time="0.093" /><testcase classname="tests.e2e.test_alerts_comprehensive.TestAlertRuleIntegration" name="test_alert_history_accumulation" time="0.082" /><testcase classname="tests.e2e.test_aviation_api.TestMetarEndpoints" name="test_get_metar_by_station" time="0.066" /><testcase classname="tests.e2e.test_aviation_api.TestMetarEndpoints" name="test_get_metar_station_not_found" time="0.071" /><testcase classname="tests.e2e.test_aviation_api.TestMetarEndpoints" name="test_get_metar_invalid_station_length" time="0.063" /><testcase classname="tests.e2e.test_aviation_api.TestMetarEndpoints" name="test_get_metars_by_location" time="0.070" /><testcase classname="tests.e2e.test_aviation_api.TestMetarEndpoints" name="test_get_metars_requires_coordinates" time="0.063" /><testcase classname="tests.e2e.test_aviation_api.TestMetarEndpoints" name="test_get_metars_validates_coordinate_range" time="0.088" /><testcase classname="tests.e2e.test_aviation_api.TestTafEndpoints" name="test_get_taf_by_station" time="0.059" /><testcase classname="tests.e2e.test_aviation_api.TestTafEndpoints" name="test_get_taf_not_found" time="0.059" /><testcase classname="tests.e2e.test_aviation_api.TestTafEndpoints" name="test_get_taf_service_error" time="0.055" /><testcase classname="tests.e2e.test_aviation_api.TestAirportEndpoints" name="test_get_airport_by_icao" time="0.059" /><testcase classname="tests.e2e.test_aviation_api.TestAirportEndpoints" name="test_get_airport_not_found" time="0.057" /><testcase classname="tests.e2e.test_aviation_api.TestAirportEndpoints" name="test_get_airports_by_location" time="0.062" /><testcase classname="tests.e2e.test_aviation_api.TestNavaidEndpoints" name="test_get_navaid_by_ident" time="0.057" /><testcase classname="tests.e2e.test_aviation_api.TestNavaidEndpoints" name="test_get_navaids_by_location" time="0.069" /><testcase classname="tests.e2e.test_aviation_api.TestNavaidEndpoints" name="test_get_navaids_filter_by_type" time="0.060" /><testcase classname="tests.e2e.test_aviation_api.TestPirepEndpoints" name="test_get_pireps_by_location" time="0.058" /><testcase classname="tests.e2e.test_aviation_api.TestPirepEndpoints" name="test_get_pireps_empty_result" time="0.066" /><testcase classname="tests.e2e.test_aviation_api.TestSigmetEndpoints" name="test_get_sigmets" time="0.064" /><testcase classname="tests.e2e.test_aviation_api.TestSigmetEndpoints" name="test_get_sigmets_filter_by_hazard" time="0.061" /><testcase classname="tests.e2e.test_aviation_api.TestSigmetEndpoints" name="test_get_sigmets_filter_by_location" time="0.062" /><testcase classname="tests.e2e.test_aviation_api.TestAirspaceEndpoints" name="test_get_airspaces_by_location" time="0.098" /><testcase classname="tests.e2e.test_aviation_api.TestAirspaceEndpoints" name="test_get_airspace_boundaries" time="0.073" /><testcase classname="tests.e2e.test_aviation_api.TestAirspaceEndpoints" name="test_get_airspace_boundaries_filter_by_class" time="0.067" /><testcase classname="tests.e2e.test_aviation_api.TestAirspaceEndpoints" name="test_get_airspace_boundaries_filter_by_location" time="0.069" /><testcase classname="tests.e2e.test_aviation_api.TestAirspaceEndpoints" name="test_get_airspace_history" time="0.068" /><testcase classname="tests.e2e.test_aviation_api.TestAirspaceEndpoints" name="test_get_airspace_history_filter_by_hazard" time="0.075" /><testcase classname="tests.e2e.test_aviation_api.TestAviationApiErrorHandling" name="test_external_api_timeout" time="0.074" /><testcase classname="tests.e2e.test_aviation_api.TestAviationApiErrorHandling" name="test_external_api_rate_limit" time="0.066" /><testcase classname="tests.e2e.test_aviation_api.TestAviationApiErrorHandling" name="test_invalid_json_from_external_api" time="0.072" /><testcase classname="tests.e2e.test_aviation_api.TestAviationApiCaching" name="test_metar_caching" time="0.063" /><testcase classname="tests.e2e.test_aviation_api.TestAviationApiCaching" name="test_airport_info_longer_cache" time="0.062" /><testcase classname="tests.e2e.test_map_api.TestGeoJsonEndpoints" name="test_get_geojson_empty" time="0.489" /><testcase classname="tests.e2e.test_map_api.TestGeoJsonEndpoints" name="test_get_geojson_with_aircraft" time="0.072" /><testcase classname="tests.e2e.test_map_api.TestGeoJsonEndpoints" name="test_get_geojson_feature_properties" time="0.158" /><testcase classname="tests.e2e.test_map_api.TestGeoJsonEndpoints" name="test_get_geojson_military_flag" time="0.057" /><testcase classname="tests.e2e.test_map_api.TestGeoJsonEndpoints" name="test_get_geojson_emergency_flag" time="0.119" /><testcase classname="tests.e2e.test_map_api.TestGeoJsonEndpoints" name="test_get_geojson_distance_calculation" time="0.057" /><testcase classname="tests.e2e.test_map_api.TestGeoJsonEndpoints" name="test_get_geojson_metadata" time="0.062" /><testcase classname="tests.e2e.test_map_api.TestGeoJsonEndpoints" name="test_get_geojson_filters_invalid_positions" time="0.055" /><testcase classname="tests.e2e.test_map_api.TestGeoJsonEndpoints" name="test_get_geojson_handles_empty_data" time="0.057" /><testcase classname="tests.e2e.test_map_api.TestSseEndpoints" name="test_sse_status" time="0.053" /><testcase classname="tests.e2e.test_map_api.TestSseEndpoints" name="test_sse_status_redis_mode" time="0.053" /><testcase classname="tests.e2e.test_map_api.TestSseEndpoints" name="test_sse_status_history_info" time="0.052" /><testcase classname="tests.e2e.test_map_api.TestSseEndpoints" name="test_sse_stream_connection" time="0.051" /><testcase classname="tests.e2e.test_map_api.TestSseEndpoints" name="test_sse_stream_replay_history" time="0.053" /><testcase classname="tests.e2e.test_map_api.TestMapApiCaching" name="test_geojson_caching" time="0.056" /><testcase classname="tests.e2e.test_map_api.TestMapApiErrorHandling" name="test_geojson_always_returns_valid_structure" time="0.053" /><testcase classname="tests.e2e.test_map_api.TestMapApiErrorHandling" name="test_geojson_graceful_handling" time="0.055" /><testcase classname="tests.e2e.test_map_api.TestMapApiIntegration" name="test_geojson_coordinate_order" time="0.055" /><testcase classname="tests.e2e.test_map_api.TestMapApiIntegration" name="test_aircraft_data_consistency" time="0.053" /><testcase classname="tests.e2e.test_notifications_api.TestNotificationConfigEndpoints" name="test_get_notification_config" time="0.053" /><testcase classname="tests.e2e.test_notifications_api.TestNotificationConfigEndpoints" name="test_get_config_masks_urls" time="0.073" /><testcase classname="tests.e2e.test_notifications_api.TestNotificationConfigEndpoints" name="test_update_notification_config" time="0.061" /><testcase classname="tests.e2e.test_notifications_api.TestNotificationConfigEndpoints" name="test_update_config_with_apprise_urls" time="0.060" /><testcase classname="tests.e2e.test_notifications_api.TestNotificationConfigEndpoints" name="test_update_config_partial" time="0.058" /><testcase classname="tests.e2e.test_notifications_api.TestNotificationTestEndpoint" name="test_send_test_notification_no_servers" time="0.053" /><testcase classname="tests.e2e.test_notifications_api.TestNotificationTestEndpoint" name="test_send_test_notification_success" time="0.056" /><testcase classname="tests.e2e.test_notifications_api.TestNotificationTestEndpoint" name="test_send_test_notification_failure" time="0.055" /><testcase classname="tests.e2e.test_notifications_api.TestNotificationHistoryEndpoints" name="test_get_notification_history_empty" time="0.056" /><testcase classname="tests.e2e.test_notifications_api.TestNotificationHistoryEndpoints" name="test_get_notification_history_with_data" time="0.063" /><testcase classname="tests.e2e.test_notifications_api.TestNotificationHistoryEndpoints" name="test_get_notification_history_filter_by_hours" time="0.058" /><testcase classname="tests.e2e.test_notifications_api.TestNotificationHistoryEndpoints" name="test_get_notification_history_limit" time="0.066" /><testcase classname="tests.e2e.test_notifications_api.TestNotificationStatsEndpoints" name="test_get_notification_stats" time="0.058" /><testcase classname="tests.e2e.test_notifications_api.TestNotificationStatsEndpoints" name="test_get_notification_stats_with_data" time="0.065" /><testcase classname="tests.e2e.test_notifications_api.TestNotificationEnableDisable" name="test_enable_notifications" time="0.056" /><testcase classname="tests.e2e.test_notifications_api.TestNotificationEnableDisable" name="test_disable_notifications" time="0.059" /><testcase classname="tests.e2e.test_notifications_api.TestNotificationEnableDisable" name="test_toggle_notifications" time="0.068" /><testcase classname="tests.e2e.test_notifications_api.TestNotificationIntegration" name="test_notification_cooldown_behavior" time="0.062" /><testcase classname="tests.e2e.test_notifications_api.TestNotificationIntegration" name="test_notification_workflow" time="0.374" /><testcase classname="tests.e2e.test_system_api.TestHealthEndpoint" name="test_health_check_healthy" time="0.068" /><testcase classname="tests.e2e.test_system_api.TestHealthEndpoint" name="test_health_check_includes_components" time="0.204" /><testcase classname="tests.e2e.test_system_api.TestStatusEndpoint" name="test_status_endpoint" time="0.217" /><testcase classname="tests.e2e.test_system_api.TestStatusEndpoint" name="test_status_includes_version" time="0.206" /><testcase classname="tests.e2e.test_system_api.TestStatusEndpoint" name="test_status_includes_aircraft_count" time="0.193" /><testcase classname="tests.e2e.test_system_api.TestApiInfoEndpoint" name="test_api_info" time="0.061" /><testcase classname="tests.e2e.test_system_api.TestOpenApiDocs" name="test_openapi_json" time="0.572" /><testcase classname="tests.e2e.test_system_api.TestOpenApiDocs" name="test_docs_endpoint" time="0.066" /><testcase classname="tests.e2e.test_system_api.TestOpenApiDocs" name="test_redoc_endpoint" time="0.073" /><testcase classname="tests.e2e.test_system_api.TestRootEndpoint" name="test_root_redirect_or_info" time="0.070" /><testcase classname="tests.e2e.test_system_api.TestCorsHeaders" name="test_cors_preflight" time="0.063" /><testcase classname="tests.e2e.test_system_api.TestCorsHeaders" name="test_cors_headers_on_response" time="0.081" /><testcase classname="tests.e2e.test_system_api.TestApiVersioning" name="test_v1_prefix" time="0.445" /><testcase classname="tests.e2e.test_system_api.TestApiVersioning" name="test_endpoints_under_v1" time="0.500" /><testcase classname="tests.e2e.test_system_api.TestErrorResponses" name="test_404_response_format" time="0.061" /><testcase classname="tests.e2e.test_system_api.TestErrorResponses" name="test_422_validation_error_format" time="0.063" /><testcase classname="tests.e2e.test_system_api.TestSystemIntegration" name="test_system_health_workflow" time="0.287" /><testcase classname="tests.e2e.test_system_api.TestSystemIntegration" name="test_concurrent_requests" time="0.428" /><testcase classname="tests.e2e.test_websocket_api.TestWebSocketConnection" name="test_websocket_endpoint_exists" time="0.054" /><testcase classname="tests.e2e.test_websocket_api.TestWebSocketConnection" name="test_websocket_cors_headers" time="0.112" /><testcase classname="tests.e2e.test_websocket_api.TestWebSocketConnection" name="test_websocket_connect_with_starlette" time="0.214" /><testcase classname="tests.e2e.test_websocket_api.TestWebSocketConnection" name="test_websocket_connect_specific_topics" time="0.070" /><testcase classname="tests.e2e.test_websocket_api.TestWebSocketTopicSubscription" name="test_subscribe_aircraft_topic" time="0.001" /><testcase classname="tests.e2e.test_websocket_api.TestWebSocketTopicSubscription" name="test_subscribe_multiple_topics" time="0.002" /><testcase classname="tests.e2e.test_websocket_api.TestWebSocketTopicSubscription" name="test_unsubscribe_topic" time="0.001" /><testcase classname="tests.e2e.test_websocket_api.TestWebSocketTopicSubscription" name="test_ping_pong_action" time="0.001" /><testcase classname="tests.e2e.test_websocket_api.TestWebSocketMessages" name="test_aircraft_snapshot_message_format" time="0.001" /><testcase classname="tests.e2e.test_websocket_api.TestWebSocketMessages" name="test_aircraft_new_message_format" time="0.001" /><testcase classname="tests.e2e.test_websocket_api.TestWebSocketMessages" name="test_aircraft_update_message_format" time="0.001" /><testcase classname="tests.e2e.test_websocket_api.TestWebSocketMessages" name="test_aircraft_remove_message_format" time="0.001" /><testcase classname="tests.e2e.test_websocket_api.TestWebSocketMessages" name="test_alert_triggered_message_format" time="0.001" /><testcase classname="tests.e2e.test_websocket_api.TestWebSocketMessages" name="test_safety_event_message_format" time="0.001" /><testcase classname="tests.e2e.test_websocket_api.TestWebSocketMessages" name="test_acars_message_format" time="0.001" /><testcase classname="tests.e2e.test_websocket_api.TestWebSocketMessages" name="test_airspace_snapshot_message_format" time="0.001" /><testcase classname="tests.e2e.test_websocket_api.TestWebSocketMessages" name="test_advisory_update_message_format" time="0.001" /><testcase classname="tests.e2e.test_websocket_api.TestWebSocketKeepalive" name="test_ping_pong_support" time="0.001" /><testcase classname="tests.e2e.test_websocket_api.TestWebSocketErrorHandling" name="test_invalid_json_message" time="0.001" /><testcase classname="tests.e2e.test_websocket_api.TestWebSocketErrorHandling" name="test_unknown_action" time="0.001" /><testcase classname="tests.e2e.test_websocket_api.TestWebSocketErrorHandling" name="test_missing_action_field" time="0.001" /><testcase classname="tests.e2e.test_websocket_api.TestConnectionManagerUnit" name="test_significant_change_detection_latitude" time="0.001" /><testcase classname="tests.e2e.test_websocket_api.TestConnectionManagerUnit" name="test_significant_change_detection_longitude" time="0.001" /><testcase classname="tests.e2e.test_websocket_api.TestConnectionManagerUnit" name="test_significant_change_detection_altitude" time="0.001" /><testcase classname="tests.e2e.test_websocket_api.TestConnectionManagerUnit" name="test_significant_change_detection_track" time="0.001" /><testcase classname="tests.e2e.test_websocket_api.TestConnectionManagerUnit" name="test_significant_change_detection_track_wraparound" time="0.001" /><testcase classname="tests.e2e.test_websocket_api.TestConnectionManagerUnit" name="test_significant_change_detection_squawk" time="0.001" /><testcase classname="tests.e2e.test_websocket_api.TestConnectionManagerUnit" name="test_simplify_aircraft" time="0.001" /><testcase classname="tests.e2e.test_websocket_api.TestConnectionManagerUnit" name="test_simplify_aircraft_military" time="0.001" /><testcase classname="tests.e2e.test_websocket_api.TestConnectionManagerUnit" name="test_simplify_aircraft_emergency" time="0.001" /><testcase classname="tests.e2e.test_websocket_api.TestConnectionManagerUnit" name="test_connection_count_by_topic" time="0.001" /><testcase classname="tests.e2e.test_websocket_api.TestEventSimulator" name="test_simulator_generates_unique_icaos" time="0.056" /><testcase classname="tests.e2e.test_websocket_api.TestEventSimulator" name="test_simulator_new_aircraft" time="0.055" /><testcase classname="tests.e2e.test_websocket_api.TestEventSimulator" name="test_simulator_aircraft_movement" time="0.055" /><testcase classname="tests.e2e.test_websocket_api.TestEventSimulator" name="test_simulator_aircraft_removal" time="0.057" /><testcase classname="tests.e2e.test_websocket_api.TestEventSimulator" name="test_simulator_safety_conflict" time="0.057" /><testcase classname="tests.e2e.test_websocket_api.TestEventSimulator" name="test_simulator_extreme_vertical_rate" time="0.060" /><testcase classname="tests.e2e.test_websocket_api.TestEventSimulator" name="test_simulator_tcas_ra" time="0.054" /><testcase classname="tests.e2e.test_websocket_api.TestEventSimulator" name="test_simulator_emergency_squawk" time="0.056" /><testcase classname="tests.e2e.test_websocket_api.TestEventSimulator" name="test_simulator_military_aircraft" time="0.061" /><testcase classname="tests.e2e.test_websocket_api.TestEventSimulator" name="test_simulator_alert_triggered" time="0.057" /><testcase classname="tests.e2e.test_websocket_api.TestEventSimulator" name="test_simulator_airspace_advisory" time="0.054" /><testcase classname="tests.e2e.test_websocket_api.TestEventSimulator" name="test_simulator_acars_message" time="0.060" /><testcase classname="tests.e2e.test_websocket_api.TestEventSimulator" name="test_simulator_vdl2_message" time="0.073" /><testcase classname="tests.e2e.test_websocket_api.TestEventSimulator" name="test_simulator_event_log" time="0.132" /><testcase classname="tests.e2e.test_websocket_api.TestPirepApiCalls" name="test_get_pireps_turbulence" time="0.058" /><testcase classname="tests.e2e.test_websocket_api.TestPirepApiCalls" name="test_get_pireps_icing" time="0.060" /><testcase classname="tests.e2e.test_websocket_api.TestPirepApiCalls" name="test_get_pireps_mixed_types" time="0.059" /><testcase classname="tests.e2e.test_websocket_api.TestSafetyApiCalls" name="test_get_safety_events" time="0.072" /><testcase classname="tests.e2e.test_websocket_api.TestSafetyApiCalls" name="test_get_safety_conflicts" time="0.065" /><testcase classname="tests.e2e.test_websocket_api.TestSafetyApiCalls" name="test_get_safety_stats" time="0.067" /><testcase classname="tests.e2e.test_websocket_api.TestSafetyApiCalls" name="test_enable_safety_monitoring" time="0.057" /><testcase classname="tests.e2e.test_websocket_api.TestSafetyApiCalls" name="test_disable_safety_monitoring" time="0.059" /><testcase classname="tests.e2e.test_websocket_api.TestWebSocketIntegration" name="test_websocket_service_status" time="0.065" /><testcase classname="tests.e2e.test_websocket_api.TestWebSocketIntegration" name="test_websocket_topic_isolation" time="0.001" /><testcase classname="tests.e2e.test_websocket_api.TestWebSocketScenarios" name="test_new_aircraft_detection_flow" time="0.001" /><testcase classname="tests.e2e.test_websocket_api.TestWebSocketScenarios" name="test_safety_event_flow" time="0.001" /><testcase classname="tests.e2e.test_websocket_api.TestWebSocketScenarios" name="test_airspace_refresh_flow" time="0.001" /><testcase classname="tests.e2e.test_websocket_api.TestWebSocketPerformance" name="test_subscriber_count_tracking" time="0.062" /><testcase classname="tests.e2e.test_websocket_api.TestWebSocketPerformance" name="test_message_rate_handling" time="0.001" /><testcase classname="tests.integration.test_aircraft_api.TestAircraftEndpoints" name="test_get_aircraft_live_empty" time="0.075" /><testcase classname="tests.integration.test_aircraft_api.TestAircraftEndpoints" name="test_get_aircraft_stats" time="0.201" /><testcase classname="tests.integration.test_aircraft_api.TestAircraftEndpoints" name="test_get_aircraft_top" time="0.203" /><testcase classname="tests.integration.test_aircraft_api.TestHealthEndpoint" name="test_health_check" time="0.204" /><testcase classname="tests.integration.test_aircraft_api.TestHealthEndpoint" name="test_status_endpoint" time="0.213" /><testcase classname="tests.integration.test_alerts_api.TestAlertsEndpoints" name="test_get_alert_rules_empty" time="0.059" /><testcase classname="tests.integration.test_alerts_api.TestAlertsEndpoints" name="test_create_alert_rule" time="0.066" /><testcase classname="tests.integration.test_alerts_api.TestAlertsEndpoints" name="test_get_alert_rules_after_create" time="0.077" /><testcase classname="tests.integration.test_alerts_api.TestAlertsEndpoints" name="test_update_alert_rule" time="0.080" /><testcase classname="tests.integration.test_alerts_api.TestAlertsEndpoints" name="test_delete_alert_rule" time="0.071" /><testcase classname="tests.integration.test_history_api.TestHistoryEndpoints" name="test_get_sightings_empty" time="0.068" /><testcase classname="tests.integration.test_history_api.TestHistoryEndpoints" name="test_get_sightings_with_data" time="0.072" /><testcase classname="tests.integration.test_history_api.TestHistoryEndpoints" name="test_get_sessions_empty" time="0.066" /><testcase classname="tests.integration.test_history_api.TestHistoryEndpoints" name="test_get_sessions_with_data" time="0.069" /><testcase classname="tests.integration.test_history_api.TestHistoryEndpoints" name="test_get_sightings_filter_by_icao" time="0.075" /><testcase classname="tests.integration.test_safety_api.TestSafetyEndpoints" name="test_get_safety_events_empty" time="0.062" /><testcase classname="tests.integration.test_safety_api.TestSafetyEndpoints" name="test_get_safety_events_with_data" time="0.089" /><testcase classname="tests.integration.test_safety_api.TestSafetyEndpoints" name="test_get_safety_events_filter_by_severity" time="0.087" /><testcase classname="tests.integration.test_safety_api.TestSafetyEndpoints" name="test_get_safety_events_filter_by_type" time="0.069" /><testcase classname="tests.integration.test_safety_api.TestSafetyEndpoints" name="test_get_safety_stats" time="0.068" /><testcase classname="tests.unit.test_utils.TestCalculateDistance" name="test_calculate_distance_same_point" time="0.001" /><testcase classname="tests.unit.test_utils.TestCalculateDistance" name="test_calculate_distance_known_distance" time="0.000" /><testcase classname="tests.unit.test_utils.TestCalculateDistance" name="test_calculate_distance_equator" time="0.000" /><testcase classname="tests.unit.test_utils.TestPositionValidation" name="test_valid_position" time="0.000" /><testcase classname="tests.unit.test_utils.TestPositionValidation" name="test_invalid_latitude_high" time="0.000" /><testcase classname="tests.unit.test_utils.TestPositionValidation" name="test_invalid_latitude_low" time="0.000" /><testcase classname="tests.unit.test_utils.TestPositionValidation" name="test_invalid_longitude_high" time="0.000" /><testcase classname="tests.unit.test_utils.TestPositionValidation" name="test_invalid_longitude_low" time="0.000" /><testcase classname="tests.unit.test_utils.TestPositionValidation" name="test_edge_case_north_pole" time="0.000" /><testcase classname="tests.unit.test_utils.TestPositionValidation" name="test_edge_case_south_pole" time="0.000" /><testcase classname="tests.unit.test_utils.TestSafeAltitude" name="test_valid_altitude" time="0.000" /><testcase classname="tests.unit.test_utils.TestSafeAltitude" name="test_invalid_altitude_non_numeric" time="0.000" /><testcase classname="tests.unit.test_utils.TestSafeAltitude" name="test_invalid_altitude_none" time="0.000" /><testcase classname="tests.unit.test_utils.TestSafeAltitude" name="test_negative_altitude" time="0.002" /></testsuite></testsuites>