<?xml version="1.0" encoding="utf-8"?><testsuites name="pytest tests"><testsuite name="pytest" errors="0" failures="21" skipped="4" tests="1432" time="145.148" timestamp="2026-02-03T06:50:06.581853+00:00" hostname="dc91e58f8b34"><testcase classname="skyspy.tests.e2e.test_e2e_admin.TestUserManagementList" name="test_superadmin_can_list_all_users" time="0.454" /><testcase classname="skyspy.tests.e2e.test_e2e_admin.TestUserManagementList" name="test_admin_can_list_users" time="0.019" /><testcase classname="skyspy.tests.e2e.test_e2e_admin.TestUserManagementList" name="test_operator_cannot_list_users" time="0.011" /><testcase classname="skyspy.tests.e2e.test_e2e_admin.TestUserManagementList" name="test_viewer_cannot_list_users" time="0.009" /><testcase classname="skyspy.tests.e2e.test_e2e_admin.TestUserManagementList" name="test_unauthenticated_cannot_list_users" time="0.005" /><testcase classname="skyspy.tests.e2e.test_e2e_admin.TestUserManagementList" name="test_list_users_includes_roles_and_permissions" time="0.021" /><testcase classname="skyspy.tests.e2e.test_e2e_admin.TestUserManagementList" name="test_list_users_pagination" time="0.056" /><testcase classname="skyspy.tests.e2e.test_e2e_admin.TestUserManagementCreate" name="test_superadmin_can_create_user" time="0.048" /><testcase classname="skyspy.tests.e2e.test_e2e_admin.TestUserManagementCreate" name="test_create_user_with_multiple_roles" time="0.024" /><testcase classname="skyspy.tests.e2e.test_e2e_admin.TestUserManagementCreate" name="test_create_user_without_password_generates_random" time="0.022" /><testcase classname="skyspy.tests.e2e.test_e2e_admin.TestUserManagementCreate" name="test_create_user_duplicate_username_fails" time="0.015" /><testcase classname="skyspy.tests.e2e.test_e2e_admin.TestUserManagementCreate" name="test_create_user_duplicate_email_fails" time="0.016" /><testcase classname="skyspy.tests.e2e.test_e2e_admin.TestUserManagementCreate" name="test_admin_cannot_create_superadmin_user" time="0.013" /><testcase classname="skyspy.tests.e2e.test_e2e_admin.TestUserManagementGetDetail" name="test_superadmin_can_get_user_details" time="0.018" /><testcase classname="skyspy.tests.e2e.test_e2e_admin.TestUserManagementGetDetail" name="test_get_user_includes_profile_info" time="0.018" /><testcase classname="skyspy.tests.e2e.test_e2e_admin.TestUserManagementGetDetail" name="test_get_nonexistent_user_returns_404" time="0.010" /><testcase classname="skyspy.tests.e2e.test_e2e_admin.TestUserManagementGetDetail" name="test_operator_cannot_get_user_details" time="0.013" /><testcase classname="skyspy.tests.e2e.test_e2e_admin.TestUserManagementUpdate" name="test_superadmin_can_update_user" time="0.020" /><testcase classname="skyspy.tests.e2e.test_e2e_admin.TestUserManagementUpdate" name="test_update_user_active_status" time="0.028" /><testcase classname="skyspy.tests.e2e.test_e2e_admin.TestUserManagementUpdate" name="test_admin_can_update_non_admin_users" time="0.018" /><testcase classname="skyspy.tests.e2e.test_e2e_admin.TestUserManagementUpdate" name="test_cannot_change_username_to_existing" time="0.017" /><testcase classname="skyspy.tests.e2e.test_e2e_admin.TestUserManagementDelete" name="test_superadmin_can_delete_user" time="0.057" /><testcase classname="skyspy.tests.e2e.test_e2e_admin.TestUserManagementDelete" name="test_cannot_delete_own_account" time="0.019" /><testcase classname="skyspy.tests.e2e.test_e2e_admin.TestUserManagementDelete" name="test_admin_cannot_delete_superadmin" time="0.012" /><testcase classname="skyspy.tests.e2e.test_e2e_admin.TestUserManagementDelete" name="test_delete_nonexistent_user_returns_404" time="0.011" /><testcase classname="skyspy.tests.e2e.test_e2e_admin.TestUserManagementDelete" name="test_operator_cannot_delete_users" time="0.015" /><testcase classname="skyspy.tests.e2e.test_e2e_admin.TestRoleAssignment" name="test_assign_role_to_user" time="0.020" /><testcase classname="skyspy.tests.e2e.test_e2e_admin.TestRoleAssignment" name="test_assign_role_with_expiration" time="0.017" /><testcase classname="skyspy.tests.e2e.test_e2e_admin.TestRoleAssignment" name="test_assign_nonexistent_role_returns_404" time="0.012" /><testcase classname="skyspy.tests.e2e.test_e2e_admin.TestRoleAssignment" name="test_assign_already_assigned_role" time="0.018" /><testcase classname="skyspy.tests.e2e.test_e2e_admin.TestRoleAssignment" name="test_admin_cannot_assign_superadmin_role" time="0.015" /><testcase classname="skyspy.tests.e2e.test_e2e_admin.TestRoleAssignment" name="test_assign_role_tracks_assigned_by" time="0.015" /><testcase classname="skyspy.tests.e2e.test_e2e_admin.TestRoleRemoval" name="test_remove_role_from_user" time="0.017" /><testcase classname="skyspy.tests.e2e.test_e2e_admin.TestRoleRemoval" name="test_remove_non_assigned_role" time="0.015" /><testcase classname="skyspy.tests.e2e.test_e2e_admin.TestRoleRemoval" name="test_remove_nonexistent_role_returns_404" time="0.013" /><testcase classname="skyspy.tests.e2e.test_e2e_admin.TestRoleManagementList" name="test_superadmin_can_list_roles" time="0.018" /><testcase classname="skyspy.tests.e2e.test_e2e_admin.TestRoleManagementList" name="test_admin_can_list_roles" time="0.015" /><testcase classname="skyspy.tests.e2e.test_e2e_admin.TestRoleManagementList" name="test_roles_include_permissions" time="0.015" /><testcase classname="skyspy.tests.e2e.test_e2e_admin.TestRoleManagementList" name="test_operator_cannot_list_roles" time="0.009" /><testcase classname="skyspy.tests.e2e.test_e2e_admin.TestRoleManagementCreate" name="test_superadmin_can_create_role" time="0.012" /><testcase classname="skyspy.tests.e2e.test_e2e_admin.TestRoleManagementCreate" name="test_create_role_with_duplicate_name_fails" time="0.020" /><testcase classname="skyspy.tests.e2e.test_e2e_admin.TestRoleManagementCreate" name="test_create_role_with_invalid_permissions" time="0.014" /><testcase classname="skyspy.tests.e2e.test_e2e_admin.TestRoleManagementCreate" name="test_admin_cannot_create_roles_with_user_management_perms" time="0.009" /><testcase classname="skyspy.tests.e2e.test_e2e_admin.TestRoleManagementGetDetail" name="test_get_role_details" time="0.013" /><testcase classname="skyspy.tests.e2e.test_e2e_admin.TestRoleManagementGetDetail" name="test_get_nonexistent_role_returns_404" time="0.009" /><testcase classname="skyspy.tests.e2e.test_e2e_admin.TestRoleManagementUpdate" name="test_update_custom_role_permissions" time="0.013" /><testcase classname="skyspy.tests.e2e.test_e2e_admin.TestRoleManagementUpdate" name="test_cannot_update_system_role_permissions" time="0.025" /><testcase classname="skyspy.tests.e2e.test_e2e_admin.TestRoleManagementUpdate" name="test_can_update_custom_role_display_name" time="0.013" /><testcase classname="skyspy.tests.e2e.test_e2e_admin.TestRoleManagementDelete" name="test_delete_custom_role" time="0.015" /><testcase classname="skyspy.tests.e2e.test_e2e_admin.TestRoleManagementDelete" name="test_cannot_delete_system_role" time="0.013" /><testcase classname="skyspy.tests.e2e.test_e2e_admin.TestRoleManagementDelete" name="test_cannot_delete_superadmin_role" time="0.016" /><testcase classname="skyspy.tests.e2e.test_e2e_admin.TestRoleManagementDelete" name="test_delete_role_with_assignments_cascades_or_fails" time="0.016" /><testcase classname="skyspy.tests.e2e.test_e2e_admin.TestUserRoleAssignmentsList" name="test_list_all_user_role_assignments" time="0.018" /><testcase classname="skyspy.tests.e2e.test_e2e_admin.TestUserRoleAssignmentsList" name="test_filter_assignments_by_user" time="0.026" /><testcase classname="skyspy.tests.e2e.test_e2e_admin.TestUserRoleAssignmentsList" name="test_filter_assignments_by_role" time="0.026" /><testcase classname="skyspy.tests.e2e.test_e2e_admin.TestUserRoleAssignmentsList" name="test_assignments_show_expiration_status" time="0.013" /><testcase classname="skyspy.tests.e2e.test_e2e_admin.TestAPIKeyList" name="test_superadmin_can_list_all_api_keys" time="0.018" /><testcase classname="skyspy.tests.e2e.test_e2e_admin.TestAPIKeyList" name="test_api_key_list_hides_full_key" time="0.012" /><testcase classname="skyspy.tests.e2e.test_e2e_admin.TestAPIKeyList" name="test_filter_api_keys_by_user" time="0.018" /><testcase classname="skyspy.tests.e2e.test_e2e_admin.TestAPIKeyCreate" name="test_create_api_key_for_user" time="0.015" /><testcase classname="skyspy.tests.e2e.test_e2e_admin.TestAPIKeyCreate" name="test_api_key_only_shown_on_creation" time="0.019" /><testcase classname="skyspy.tests.e2e.test_e2e_admin.TestAPIKeyCreate" name="test_create_api_key_with_expiration" time="0.015" /><testcase classname="skyspy.tests.e2e.test_e2e_admin.TestAPIKeyCreate" name="test_create_api_key_with_scopes" time="0.013" /><testcase classname="skyspy.tests.e2e.test_e2e_admin.TestAPIKeyDelete" name="test_revoke_api_key" time="0.016" /><testcase classname="skyspy.tests.e2e.test_e2e_admin.TestAPIKeyDelete" name="test_admin_can_revoke_non_admin_keys" time="0.016" /><testcase classname="skyspy.tests.e2e.test_e2e_admin.TestAPIKeyDelete" name="test_revoke_nonexistent_key_returns_404" time="0.010" /><testcase classname="skyspy.tests.e2e.test_e2e_admin.TestFeatureAccessList" name="test_list_feature_access_configurations" time="0.015" /><testcase classname="skyspy.tests.e2e.test_e2e_admin.TestFeatureAccessList" name="test_admin_can_list_feature_access" time="0.010" /><testcase classname="skyspy.tests.e2e.test_e2e_admin.TestFeatureAccessUpdate" name="test_update_read_access_to_public" time="0.014" /><testcase classname="skyspy.tests.e2e.test_e2e_admin.TestFeatureAccessUpdate" name="test_update_write_access_to_authenticated" time="0.014" /><testcase classname="skyspy.tests.e2e.test_e2e_admin.TestFeatureAccessUpdate" name="test_disable_feature" time="0.020" /><testcase classname="skyspy.tests.e2e.test_e2e_admin.TestFeatureAccessUpdate" name="test_enable_feature" time="0.025" /><testcase classname="skyspy.tests.e2e.test_e2e_admin.TestFeatureAccessUpdate" name="test_update_nonexistent_feature_returns_404" time="0.012" /><testcase classname="skyspy.tests.e2e.test_e2e_admin.TestFeatureAccessUpdate" name="test_invalid_access_level_rejected" time="0.016" /><testcase classname="skyspy.tests.e2e.test_e2e_admin.TestOIDCClaimMappingsList" name="test_list_oidc_claim_mappings" time="0.027" /><testcase classname="skyspy.tests.e2e.test_e2e_admin.TestOIDCClaimMappingCreate" name="test_create_exact_match_mapping" time="0.021" /><testcase classname="skyspy.tests.e2e.test_e2e_admin.TestOIDCClaimMappingCreate" name="test_create_contains_match_mapping" time="0.018" /><testcase classname="skyspy.tests.e2e.test_e2e_admin.TestOIDCClaimMappingCreate" name="test_create_regex_match_mapping" time="0.014" /><testcase classname="skyspy.tests.e2e.test_e2e_admin.TestOIDCClaimMappingCreate" name="test_create_mapping_with_nonexistent_role_fails" time="0.016" /><testcase classname="skyspy.tests.e2e.test_e2e_admin.TestOIDCClaimMappingUpdate" name="test_update_mapping_claim_value" time="0.014" /><testcase classname="skyspy.tests.e2e.test_e2e_admin.TestOIDCClaimMappingUpdate" name="test_update_mapping_match_type" time="0.057" /><testcase classname="skyspy.tests.e2e.test_e2e_admin.TestOIDCClaimMappingUpdate" name="test_update_mapping_active_status" time="0.017" /><testcase classname="skyspy.tests.e2e.test_e2e_admin.TestOIDCClaimMappingDelete" name="test_delete_oidc_mapping" time="0.020" /><testcase classname="skyspy.tests.e2e.test_e2e_admin.TestOIDCClaimMappingDelete" name="test_delete_nonexistent_mapping_returns_404" time="0.011" /><testcase classname="skyspy.tests.e2e.test_e2e_admin.TestAdminPermissionChecks" name="test_viewer_cannot_access_any_admin_endpoints" time="0.026" /><testcase classname="skyspy.tests.e2e.test_e2e_admin.TestAdminPermissionChecks" name="test_operator_cannot_access_admin_endpoints" time="0.032" /><testcase classname="skyspy.tests.e2e.test_e2e_admin.TestAdminPermissionChecks" name="test_analyst_cannot_access_admin_endpoints" time="0.014" /><testcase classname="skyspy.tests.e2e.test_e2e_admin.TestAdminPermissionChecks" name="test_admin_has_limited_admin_access" time="0.022" /><testcase classname="skyspy.tests.e2e.test_e2e_admin.TestAdminPermissionChecks" name="test_superadmin_has_full_admin_access" time="0.044" /><testcase classname="skyspy.tests.e2e.test_e2e_admin.TestAdminPermissionChecks" name="test_unauthenticated_gets_401_on_admin_endpoints" time="0.006" /><testcase classname="skyspy.tests.e2e.test_e2e_admin.TestAdminAuditLogging" name="test_user_creation_is_logged" time="0.020" /><testcase classname="skyspy.tests.e2e.test_e2e_admin.TestAdminAuditLogging" name="test_role_assignment_is_logged" time="0.015" /><testcase classname="skyspy.tests.e2e.test_e2e_admin.TestAdminAuditLogging" name="test_user_deletion_is_logged" time="0.034" /><testcase classname="skyspy.tests.e2e.test_e2e_admin.TestAdminAuditLogging" name="test_api_key_creation_is_logged" time="0.031" /><testcase classname="skyspy.tests.e2e.test_e2e_admin.TestAdminAuditLogging" name="test_query_admin_action_history" time="0.029" /><testcase classname="skyspy.tests.e2e.test_e2e_admin.TestAdminIntegrationWorkflows" name="test_complete_user_lifecycle" time="0.055" /><testcase classname="skyspy.tests.e2e.test_e2e_admin.TestAdminIntegrationWorkflows" name="test_create_custom_role_and_assign_to_users" time="0.043" /><testcase classname="skyspy.tests.e2e.test_e2e_admin.TestAdminIntegrationWorkflows" name="test_setup_oidc_role_mapping_workflow" time="0.027" /><testcase classname="skyspy.tests.e2e.test_e2e_admin.TestAdminIntegrationWorkflows" name="test_configure_feature_access_for_public_deployment" time="0.036" /><testcase classname="skyspy.tests.e2e.test_e2e_aircraft.TestLiveAircraftListing" name="test_list_returns_200_ok" time="0.003" /><testcase classname="skyspy.tests.e2e.test_e2e_aircraft.TestLiveAircraftListing" name="test_list_empty_cache_returns_empty_list" time="0.003" /><testcase classname="skyspy.tests.e2e.test_e2e_aircraft.TestLiveAircraftListing" name="test_list_response_structure" time="0.003" /><testcase classname="skyspy.tests.e2e.test_e2e_aircraft.TestLiveAircraftListing" name="test_list_includes_position_data" time="0.003" /><testcase classname="skyspy.tests.e2e.test_e2e_aircraft.TestLiveAircraftListing" name="test_military_aircraft_flagged" time="0.003" /><testcase classname="skyspy.tests.e2e.test_e2e_aircraft.TestLiveAircraftListing" name="test_emergency_squawks_flagged" time="0.003" /><testcase classname="skyspy.tests.e2e.test_e2e_aircraft.TestLiveAircraftListing" name="test_list_message_count_from_cache" time="0.003" /><testcase classname="skyspy.tests.e2e.test_e2e_aircraft.TestLiveAircraftListing" name="test_list_timestamp_is_iso_format" time="0.003" /><testcase classname="skyspy.tests.e2e.test_e2e_aircraft.TestAircraftDetails" name="test_retrieve_existing_aircraft" time="0.003" /><testcase classname="skyspy.tests.e2e.test_e2e_aircraft.TestAircraftDetails" name="test_retrieve_returns_correct_aircraft" time="0.003" /><testcase classname="skyspy.tests.e2e.test_e2e_aircraft.TestAircraftDetails" name="test_retrieve_includes_extended_info" time="0.003" /><testcase classname="skyspy.tests.e2e.test_e2e_aircraft.TestAircraftDetails" name="test_retrieve_nonexistent_aircraft_returns_404" time="0.003" /><testcase classname="skyspy.tests.e2e.test_e2e_aircraft.TestAircraftDetails" name="test_retrieve_404_includes_error_message" time="0.004" /><testcase classname="skyspy.tests.e2e.test_e2e_aircraft.TestAircraftDetails" name="test_retrieve_military_aircraft" time="0.004" /><testcase classname="skyspy.tests.e2e.test_e2e_aircraft.TestAircraftDetails" name="test_retrieve_by_icao_hex_field" time="0.003" /><testcase classname="skyspy.tests.e2e.test_e2e_aircraft.TestTopAircraft" name="test_top_returns_200_ok" time="0.003" /><testcase classname="skyspy.tests.e2e.test_e2e_aircraft.TestTopAircraft" name="test_top_response_includes_all_categories" time="0.003" /><testcase classname="skyspy.tests.e2e.test_e2e_aircraft.TestTopAircraft" name="test_top_closest_sorted_correctly" time="0.003" /><testcase classname="skyspy.tests.e2e.test_e2e_aircraft.TestTopAircraft" name="test_top_highest_sorted_correctly" time="0.003" /><testcase classname="skyspy.tests.e2e.test_e2e_aircraft.TestTopAircraft" name="test_top_fastest_sorted_correctly" time="0.003" /><testcase classname="skyspy.tests.e2e.test_e2e_aircraft.TestTopAircraft" name="test_top_military_contains_only_military" time="0.003" /><testcase classname="skyspy.tests.e2e.test_e2e_aircraft.TestTopAircraft" name="test_top_limit_parameter" time="0.003" /><testcase classname="skyspy.tests.e2e.test_e2e_aircraft.TestTopAircraft" name="test_top_includes_total_count" time="0.003" /><testcase classname="skyspy.tests.e2e.test_e2e_aircraft.TestTopAircraft" name="test_top_includes_timestamp" time="0.003" /><testcase classname="skyspy.tests.e2e.test_e2e_aircraft.TestUATAircraft" name="test_uat_returns_200_ok" time="0.003" /><testcase classname="skyspy.tests.e2e.test_e2e_aircraft.TestUATAircraft" name="test_uat_response_structure" time="0.003" /><testcase classname="skyspy.tests.e2e.test_e2e_aircraft.TestUATAircraft" name="test_uat_returns_uat_aircraft_only" time="0.004" /><testcase classname="skyspy.tests.e2e.test_e2e_aircraft.TestUATAircraft" name="test_uat_empty_cache" time="0.003" /><testcase classname="skyspy.tests.e2e.test_e2e_aircraft.TestUATAircraft" name="test_uat_separate_from_1090" time="0.005" /><testcase classname="skyspy.tests.e2e.test_e2e_aircraft.TestSightingHistory" name="test_sightings_returns_200_ok" time="0.452" /><testcase classname="skyspy.tests.e2e.test_e2e_aircraft.TestSightingHistory" name="test_sightings_response_structure" time="0.373" /><testcase classname="skyspy.tests.e2e.test_e2e_aircraft.TestSightingHistory" name="test_sightings_filter_by_icao_hex" time="0.325" /><testcase classname="skyspy.tests.e2e.test_e2e_aircraft.TestSightingHistory" name="test_sightings_filter_by_time_range" time="0.868" /><testcase classname="skyspy.tests.e2e.test_e2e_aircraft.TestSightingHistory" name="test_sightings_pagination" time="0.328" /><testcase classname="skyspy.tests.e2e.test_e2e_aircraft.TestSightingHistory" name="test_sightings_ordered_by_timestamp" time="0.401" /><testcase classname="skyspy.tests.e2e.test_e2e_aircraft.TestSightingHistory" name="test_sightings_filter_by_altitude_range" time="0.507" /><testcase classname="skyspy.tests.e2e.test_e2e_aircraft.TestSightingHistory" name="test_sightings_filter_by_distance_range" time="0.518" /><testcase classname="skyspy.tests.e2e.test_e2e_aircraft.TestSightingHistory" name="test_sightings_filter_military_only" time="0.041" /><testcase classname="skyspy.tests.e2e.test_e2e_aircraft.TestSessionTracking" name="test_sessions_returns_200_ok" time="0.037" /><testcase classname="skyspy.tests.e2e.test_e2e_aircraft.TestSessionTracking" name="test_sessions_response_structure" time="0.043" /><testcase classname="skyspy.tests.e2e.test_e2e_aircraft.TestSessionTracking" name="test_sessions_include_required_fields" time="0.041" /><testcase classname="skyspy.tests.e2e.test_e2e_aircraft.TestSessionTracking" name="test_sessions_include_min_max_values" time="0.055" /><testcase classname="skyspy.tests.e2e.test_e2e_aircraft.TestSessionTracking" name="test_sessions_filter_by_icao_hex" time="0.017" /><testcase classname="skyspy.tests.e2e.test_e2e_aircraft.TestSessionTracking" name="test_sessions_filter_by_callsign" time="0.016" /><testcase classname="skyspy.tests.e2e.test_e2e_aircraft.TestSessionTracking" name="test_sessions_filter_by_military" time="0.016" /><testcase classname="skyspy.tests.e2e.test_e2e_aircraft.TestSessionTracking" name="test_sessions_include_duration" time="0.038" /><testcase classname="skyspy.tests.e2e.test_e2e_aircraft.TestHistoryStats" name="test_history_stats_returns_200_ok" time="1.724" /><testcase classname="skyspy.tests.e2e.test_e2e_aircraft.TestHistoryStats" name="test_history_stats_response_structure" time="0.899" /><testcase classname="skyspy.tests.e2e.test_e2e_aircraft.TestHistoryStats" name="test_history_stats_sightings_count" time="0.902" /><testcase classname="skyspy.tests.e2e.test_e2e_aircraft.TestHistoryStats" name="test_history_stats_unique_aircraft_count" time="0.887" /><testcase classname="skyspy.tests.e2e.test_e2e_aircraft.TestHistoryStats" name="test_history_stats_military_count" time="0.704" /><testcase classname="skyspy.tests.e2e.test_e2e_aircraft.TestHistoryStats" name="test_history_stats_time_range_filter" time="1.257" /><testcase classname="skyspy.tests.e2e.test_e2e_aircraft.TestSearchAndFiltering" name="test_search_by_callsign_pattern" time="0.061" /><testcase classname="skyspy.tests.e2e.test_e2e_aircraft.TestSearchAndFiltering" name="test_search_by_registration" time="0.019" /><testcase classname="skyspy.tests.e2e.test_e2e_aircraft.TestSearchAndFiltering" name="test_filter_sightings_by_aircraft_type" time="0.437" /><testcase classname="skyspy.tests.e2e.test_e2e_aircraft.TestAircraftInfoLookup" name="test_lookup_returns_aircraft_info" time="0.009" /><testcase classname="skyspy.tests.e2e.test_e2e_aircraft.TestAircraftInfoLookup" name="test_lookup_includes_manufacturer_model" time="0.008" /><testcase classname="skyspy.tests.e2e.test_e2e_aircraft.TestAircraftInfoLookup" name="test_lookup_includes_operator" time="0.009" /><testcase classname="skyspy.tests.e2e.test_e2e_aircraft.TestAircraftInfoLookup" name="test_lookup_includes_flags" time="0.008" /><testcase classname="skyspy.tests.e2e.test_e2e_aircraft.TestAircraftInfoLookup" name="test_lookup_military_aircraft" time="0.008" /><testcase classname="skyspy.tests.e2e.test_e2e_aircraft.TestAircraftInfoLookup" name="test_lookup_nonexistent_aircraft" time="2.562" /><testcase classname="skyspy.tests.e2e.test_e2e_aircraft.TestAircraftInfoLookup" name="test_lookup_case_insensitive" time="0.008" /><testcase classname="skyspy.tests.e2e.test_e2e_aircraft.TestAircraftInfoLookup" name="test_bulk_lookup" time="0.008" /><testcase classname="skyspy.tests.e2e.test_e2e_aircraft.TestAircraftInfoLookup" name="test_search_by_operator" time="0.008" /><testcase classname="skyspy.tests.e2e.test_e2e_aircraft.TestPermissionChecks" name="test_public_mode_aircraft_visible_without_auth" time="0.006" /><testcase classname="skyspy.tests.e2e.test_e2e_aircraft.TestPermissionChecks" name="test_public_mode_sightings_accessible" time="0.286" /><testcase classname="skyspy.tests.e2e.test_e2e_aircraft.TestPermissionChecks" name="test_public_mode_sessions_accessible" time="0.025" /><testcase classname="skyspy.tests.e2e.test_e2e_aircraft.TestPermissionChecks" name="test_authenticated_mode_requires_auth" time="0.015" /><testcase classname="skyspy.tests.e2e.test_e2e_aircraft.TestPermissionChecks" name="test_viewer_can_access_aircraft" time="0.010" /><testcase classname="skyspy.tests.e2e.test_e2e_aircraft.TestPermissionChecks" name="test_viewer_can_access_sightings" time="0.295" /><testcase classname="skyspy.tests.e2e.test_e2e_aircraft.TestPermissionChecks" name="test_operator_can_access_aircraft" time="0.007" /><testcase classname="skyspy.tests.e2e.test_e2e_aircraft.TestPermissionChecks" name="test_analyst_can_access_military_details" time="0.006" /><testcase classname="skyspy.tests.e2e.test_e2e_aircraft.TestPermissionChecks" name="test_hybrid_mode_respects_feature_access" time="0.004" /><testcase classname="skyspy.tests.e2e.test_e2e_aircraft.TestAircraftTrackingIntegration" name="test_full_aircraft_tracking_workflow" time="0.005" /><testcase classname="skyspy.tests.e2e.test_e2e_aircraft.TestAircraftTrackingIntegration" name="test_consistency_between_endpoints" time="0.006" /><testcase classname="skyspy.tests.e2e.test_e2e_aircraft.TestAircraftTrackingIntegration" name="test_sighting_to_session_relationship" time="0.228" /><testcase classname="skyspy.tests.e2e.test_e2e_aircraft.TestAircraftTrackingIntegration" name="test_all_aircraft_endpoints_return_json" time="0.016" /><testcase classname="skyspy.tests.e2e.test_e2e_aircraft.TestAircraftTrackingIntegration" name="test_emergency_aircraft_in_stats" time="0.006" /><testcase classname="skyspy.tests.e2e.test_e2e_alerts.TestAlertRuleCRUD" name="test_create_alert_rule_with_simple_condition" time="0.080" /><testcase classname="skyspy.tests.e2e.test_e2e_alerts.TestAlertRuleCRUD" name="test_create_alert_rule_with_complex_and_or_conditions" time="0.013" /><testcase classname="skyspy.tests.e2e.test_e2e_alerts.TestAlertRuleCRUD" name="test_read_own_alert_rules" time="0.021" /><testcase classname="skyspy.tests.e2e.test_e2e_alerts.TestAlertRuleCRUD" name="test_read_single_alert_rule" time="0.012" /><testcase classname="skyspy.tests.e2e.test_e2e_alerts.TestAlertRuleCRUD" name="test_update_own_alert_rule" time="0.009" /><testcase classname="skyspy.tests.e2e.test_e2e_alerts.TestAlertRuleCRUD" name="test_delete_own_alert_rule" time="0.019" /><testcase classname="skyspy.tests.e2e.test_e2e_alerts.TestAlertRuleCRUD" name="test_cannot_edit_other_users_private_rules" time="0.011" /><testcase classname="skyspy.tests.e2e.test_e2e_alerts.TestAlertRuleCRUD" name="test_cannot_delete_other_users_private_rules" time="0.011" /><testcase classname="skyspy.tests.e2e.test_e2e_alerts.TestAlertRuleCRUD" name="test_can_view_shared_rules" time="0.014" /><testcase classname="skyspy.tests.e2e.test_e2e_alerts.TestAlertRuleCRUD" name="test_can_view_public_rules" time="0.010" /><testcase classname="skyspy.tests.e2e.test_e2e_alerts.TestAlertRuleVisibility" name="test_private_rules_only_visible_to_owner" time="0.019" /><testcase classname="skyspy.tests.e2e.test_e2e_alerts.TestAlertRuleVisibility" name="test_shared_rules_visible_to_users_with_alerts_view_permission" time="0.017" /><testcase classname="skyspy.tests.e2e.test_e2e_alerts.TestAlertRuleVisibility" name="test_public_rules_visible_to_everyone" time="0.010" /><testcase classname="skyspy.tests.e2e.test_e2e_alerts.TestAlertRuleVisibility" name="test_admin_with_manage_all_can_edit_any_rule" time="0.017" /><testcase classname="skyspy.tests.e2e.test_e2e_alerts.TestAlertRuleVisibility" name="test_superadmin_can_manage_all_rules" time="0.013" /><testcase classname="skyspy.tests.e2e.test_e2e_alerts.TestAlertTesting" name="test_post_test_with_sample_aircraft_data" time="0.013" /><testcase classname="skyspy.tests.e2e.test_e2e_alerts.TestAlertTesting" name="test_test_returns_match_results" time="0.017" /><testcase classname="skyspy.tests.e2e.test_e2e_alerts.TestAlertTesting" name="test_complex_conditions_evaluate_correctly" time="0.021" /><testcase classname="skyspy.tests.e2e.test_e2e_alerts.TestAlertToggling" name="test_toggle_enables_disabled_rule" time="0.014" /><testcase classname="skyspy.tests.e2e.test_e2e_alerts.TestAlertToggling" name="test_toggle_disables_enabled_rule" time="0.014" /><testcase classname="skyspy.tests.e2e.test_e2e_alerts.TestAlertToggling" name="test_disabled_rules_dont_trigger" time="0.011" /><testcase classname="skyspy.tests.e2e.test_e2e_alerts.TestAlertToggling" name="test_toggle_returns_updated_rule_state" time="0.012" /><testcase classname="skyspy.tests.e2e.test_e2e_alerts.TestBulkOperations" name="test_bulk_create_multiple_rules" time="0.022" /><testcase classname="skyspy.tests.e2e.test_e2e_alerts.TestBulkOperations" name="test_bulk_delete_multiple_rules" time="0.018" /><testcase classname="skyspy.tests.e2e.test_e2e_alerts.TestBulkOperations" name="test_bulk_delete_only_deletes_owned_rules" time="0.033" /><testcase classname="skyspy.tests.e2e.test_e2e_alerts.TestAlertHistory" name="test_get_alert_history_returns_triggered_alerts" time="0.014" /><testcase classname="skyspy.tests.e2e.test_e2e_alerts.TestAlertHistory" name="test_filter_history_by_rule" time="0.013" /><testcase classname="skyspy.tests.e2e.test_e2e_alerts.TestAlertHistory" name="test_filter_history_by_time_range" time="0.012" /><testcase classname="skyspy.tests.e2e.test_e2e_alerts.TestAlertHistory" name="test_filter_history_by_icao_hex" time="0.012" /><testcase classname="skyspy.tests.e2e.test_e2e_alerts.TestAlertHistory" name="test_delete_clears_history_with_permission" time="0.011" /><testcase classname="skyspy.tests.e2e.test_e2e_alerts.TestAlertSubscriptions" name="test_subscribe_to_shared_alert_rule" time="0.016" /><testcase classname="skyspy.tests.e2e.test_e2e_alerts.TestAlertSubscriptions" name="test_unsubscribe_from_rule" time="0.012" /><testcase classname="skyspy.tests.e2e.test_e2e_alerts.TestAlertSubscriptions" name="test_list_subscriptions" time="0.013" /><testcase classname="skyspy.tests.e2e.test_e2e_alerts.TestAlertSubscriptions" name="test_cannot_subscribe_to_private_rule_not_owned" time="0.010" /><testcase classname="skyspy.tests.e2e.test_e2e_alerts.TestAlertScheduling" name="test_rules_with_starts_at_only_trigger_after_that_time" time="0.012" /><testcase classname="skyspy.tests.e2e.test_e2e_alerts.TestAlertScheduling" name="test_rules_with_expires_at_stop_triggering_after_that_time" time="0.014" /><testcase classname="skyspy.tests.e2e.test_e2e_alerts.TestAlertScheduling" name="test_cooldown_prevents_duplicate_triggers" time="0.016" /><testcase classname="skyspy.tests.e2e.test_e2e_alerts.TestAlertScheduling" name="test_rule_active_within_schedule_window" time="0.012" /><testcase classname="skyspy.tests.e2e.test_e2e_alerts.TestNotificationIntegration" name="test_alert_trigger_sends_to_configured_notification_channels" time="0.099" /><testcase classname="skyspy.tests.e2e.test_e2e_alerts.TestNotificationIntegration" name="test_multiple_channels_receive_notifications" time="0.018" /><testcase classname="skyspy.tests.e2e.test_e2e_alerts.TestNotificationIntegration" name="test_use_global_notifications_flag" time="0.013" /><testcase classname="skyspy.tests.e2e.test_e2e_alerts.TestEdgeCasesAndErrors" name="test_create_rule_with_invalid_operator" time="0.007" /><testcase classname="skyspy.tests.e2e.test_e2e_alerts.TestEdgeCasesAndErrors" name="test_create_rule_with_missing_name" time="0.006" /><testcase classname="skyspy.tests.e2e.test_e2e_alerts.TestEdgeCasesAndErrors" name="test_get_nonexistent_rule" time="0.010" /><testcase classname="skyspy.tests.e2e.test_e2e_alerts.TestEdgeCasesAndErrors" name="test_toggle_nonexistent_rule" time="0.012" /><testcase classname="skyspy.tests.e2e.test_e2e_alerts.TestEdgeCasesAndErrors" name="test_test_nonexistent_rule" time="0.011" /><testcase classname="skyspy.tests.e2e.test_e2e_alerts.TestEdgeCasesAndErrors" name="test_duplicate_subscription" time="0.014" /><testcase classname="skyspy.tests.e2e.test_e2e_alerts.TestEdgeCasesAndErrors" name="test_system_rule_cannot_be_deleted_by_regular_user" time="0.011" /><testcase classname="skyspy.tests.e2e.test_e2e_alerts.TestIntegrationWorkflows" name="test_complete_alert_rule_lifecycle" time="0.049" /><testcase classname="skyspy.tests.e2e.test_e2e_alerts.TestIntegrationWorkflows" name="test_shared_rule_subscription_workflow" time="0.036" /><testcase classname="skyspy.tests.e2e.test_e2e_alerts.TestIntegrationWorkflows" name="test_alert_with_notification_workflow" time="0.036" /><testcase classname="skyspy.tests.e2e.test_e2e_auth.TestJWTAuthenticationFlow" name="test_login_with_valid_credentials_returns_tokens" time="0.014" /><testcase classname="skyspy.tests.e2e.test_e2e_auth.TestJWTAuthenticationFlow" name="test_login_with_invalid_credentials_returns_401" time="0.031" /><testcase classname="skyspy.tests.e2e.test_e2e_auth.TestJWTAuthenticationFlow" name="test_login_with_nonexistent_user_returns_401" time="0.010" /><testcase classname="skyspy.tests.e2e.test_e2e_auth.TestJWTAuthenticationFlow" name="test_login_with_email_as_username" time="0.014" /><testcase classname="skyspy.tests.e2e.test_e2e_auth.TestJWTAuthenticationFlow" name="test_login_with_disabled_account_returns_403" time="0.017" /><testcase classname="skyspy.tests.e2e.test_e2e_auth.TestJWTAuthenticationFlow" name="test_access_protected_endpoint_with_valid_token_returns_200" time="0.010" /><testcase classname="skyspy.tests.e2e.test_e2e_auth.TestJWTAuthenticationFlow" name="test_access_protected_endpoint_without_token_returns_401" time="0.003" /><testcase classname="skyspy.tests.e2e.test_e2e_auth.TestJWTAuthenticationFlow" name="test_access_protected_endpoint_with_invalid_token_returns_401" time="0.015" /><testcase classname="skyspy.tests.e2e.test_e2e_auth.TestJWTAuthenticationFlow" name="test_access_protected_endpoint_with_expired_token_returns_401" time="0.010" /><testcase classname="skyspy.tests.e2e.test_e2e_auth.TestTokenRefreshFlow" name="test_refresh_with_valid_refresh_token_returns_new_access_token" time="0.020" /><testcase classname="skyspy.tests.e2e.test_e2e_auth.TestTokenRefreshFlow" name="test_refresh_with_invalid_refresh_token_returns_401" time="0.030" /><testcase classname="skyspy.tests.e2e.test_e2e_auth.TestTokenRefreshFlow" name="test_refresh_with_blacklisted_token_returns_401" time="0.011" /><testcase classname="skyspy.tests.e2e.test_e2e_auth.TestLogoutFlow" name="test_logout_invalidates_refresh_token" time="0.011" /><testcase classname="skyspy.tests.e2e.test_e2e_auth.TestLogoutFlow" name="test_subsequent_refresh_fails_after_logout" time="0.129" /><testcase classname="skyspy.tests.e2e.test_e2e_auth.TestLogoutFlow" name="test_logout_without_authentication_returns_401" time="0.003" /><testcase classname="skyspy.tests.e2e.test_e2e_auth.TestAPIKeyAuthentication" name="test_access_with_valid_api_key_returns_200" time="0.014" /><testcase classname="skyspy.tests.e2e.test_e2e_auth.TestAPIKeyAuthentication" name="test_access_with_invalid_api_key_returns_401" time="0.004" /><testcase classname="skyspy.tests.e2e.test_e2e_auth.TestAPIKeyAuthentication" name="test_access_with_expired_api_key_returns_401" time="0.008" /><testcase classname="skyspy.tests.e2e.test_e2e_auth.TestAPIKeyAuthentication" name="test_access_with_inactive_api_key_returns_401" time="0.008" /><testcase classname="skyspy.tests.e2e.test_e2e_auth.TestAPIKeyAuthentication" name="test_api_key_x_header_authentication" time="0.011" /><testcase classname="skyspy.tests.e2e.test_e2e_auth.TestAPIKeyAuthentication" name="test_api_key_scopes_are_respected" time="0.008" /><testcase classname="skyspy.tests.e2e.test_e2e_auth.TestAPIKeyAuthentication" name="test_api_key_last_used_is_updated" time="0.013" /><testcase classname="skyspy.tests.e2e.test_e2e_auth.TestPermissionChecks" name="test_viewer_can_read_alerts" time="0.010" /><testcase classname="skyspy.tests.e2e.test_e2e_auth.TestPermissionChecks" name="test_viewer_cannot_create_alerts" time="0.012" /><testcase classname="skyspy.tests.e2e.test_e2e_auth.TestPermissionChecks" name="test_operator_can_create_own_alerts" time="0.012" /><testcase classname="skyspy.tests.e2e.test_e2e_auth.TestPermissionChecks" name="test_operator_can_edit_own_alerts" time="0.009" /><testcase classname="skyspy.tests.e2e.test_e2e_auth.TestPermissionChecks" name="test_operator_can_delete_own_alerts" time="0.014" /><testcase classname="skyspy.tests.e2e.test_e2e_auth.TestPermissionChecks" name="test_admin_has_elevated_access" time="0.013" /><testcase classname="skyspy.tests.e2e.test_e2e_auth.TestPermissionChecks" name="test_superadmin_has_full_access" time="0.018" /><testcase classname="skyspy.tests.e2e.test_e2e_auth.TestPermissionChecks" name="test_no_role_user_has_limited_access" time="0.181" /><testcase classname="skyspy.tests.e2e.test_e2e_auth.TestPermissionChecks" name="test_permissions_endpoint_returns_user_permissions" time="0.015" /><testcase classname="skyspy.tests.e2e.test_e2e_auth.TestAuthModeBehavior" name="test_public_mode_no_auth_required" time="0.009" /><testcase classname="skyspy.tests.e2e.test_e2e_auth.TestAuthModeBehavior" name="test_public_mode_allows_anonymous_access" time="0.004" /><testcase classname="skyspy.tests.e2e.test_e2e_auth.TestAuthModeBehavior" name="test_authenticated_mode_requires_auth" time="0.006" /><testcase classname="skyspy.tests.e2e.test_e2e_auth.TestAuthModeBehavior" name="test_authenticated_mode_allows_authenticated_users" time="0.018" /><testcase classname="skyspy.tests.e2e.test_e2e_auth.TestAuthModeBehavior" name="test_hybrid_mode_config_endpoint_public" time="0.005" /><testcase classname="skyspy.tests.e2e.test_e2e_auth.TestAuthModeBehavior" name="test_auth_config_returns_correct_settings" time="0.006" /><testcase classname="skyspy.tests.e2e.test_e2e_auth.TestProfileEndpoint" name="test_get_profile_returns_user_info" time="0.016" /><testcase classname="skyspy.tests.e2e.test_e2e_auth.TestProfileEndpoint" name="test_patch_profile_updates_display_name" time="0.013" /><testcase classname="skyspy.tests.e2e.test_e2e_auth.TestProfileEndpoint" name="test_patch_profile_updates_preferences" time="0.012" /><testcase classname="skyspy.tests.e2e.test_e2e_auth.TestFeatureAccessConfiguration" name="test_feature_public_access_allows_anonymous" time="0.014" /><testcase classname="skyspy.tests.e2e.test_e2e_auth.TestFeatureAccessConfiguration" name="test_feature_authenticated_access_requires_login" time="0.017" /><testcase classname="skyspy.tests.e2e.test_e2e_auth.TestFeatureAccessConfiguration" name="test_feature_permission_access_requires_specific_permission" time="0.023" /><testcase classname="skyspy.tests.e2e.test_e2e_auth.TestAuthEdgeCasesAndSecurity" name="test_login_creates_profile_if_missing" time="0.015" /><testcase classname="skyspy.tests.e2e.test_e2e_auth.TestAuthEdgeCasesAndSecurity" name="test_malformed_authorization_header_rejected" time="0.004" /><testcase classname="skyspy.tests.e2e.test_e2e_auth.TestAuthEdgeCasesAndSecurity" name="test_empty_bearer_token_rejected" time="0.004" /><testcase classname="skyspy.tests.e2e.test_e2e_auth.TestAuthEdgeCasesAndSecurity" name="test_token_for_deleted_user_fails" time="0.060" /><testcase classname="skyspy.tests.e2e.test_e2e_auth.TestAuthEdgeCasesAndSecurity" name="test_concurrent_logins_allowed" time="0.031" /><testcase classname="skyspy.tests.e2e.test_e2e_auth.TestAuthEdgeCasesAndSecurity" name="test_local_auth_can_be_disabled" time="0.007" /><testcase classname="skyspy.tests.e2e.test_e2e_auth.TestPasswordChange" name="test_password_change_with_correct_current_password" time="0.011" /><testcase classname="skyspy.tests.e2e.test_e2e_auth.TestPasswordChange" name="test_password_change_with_wrong_current_password_fails" time="0.009" /><testcase classname="skyspy.tests.e2e.test_e2e_auth.TestPasswordChange" name="test_password_change_requires_authentication" time="0.003" /><testcase classname="skyspy.tests.e2e.test_e2e_auth.TestRoleExpiration" name="test_expired_role_not_included_in_permissions" time="0.009" /><testcase classname="skyspy.tests.e2e.test_e2e_auth.TestRoleExpiration" name="test_active_role_included_in_permissions" time="0.009" /><testcase classname="skyspy.tests.e2e.test_e2e_auth.TestRoleExpiration" name="test_permanent_role_always_active" time="0.009" /><testcase classname="skyspy.tests.e2e.test_e2e_notifications.TestNotificationChannelCRUD" name="test_create_discord_channel" time="0.013" /><testcase classname="skyspy.tests.e2e.test_e2e_notifications.TestNotificationChannelCRUD" name="test_create_slack_channel" time="0.011" /><testcase classname="skyspy.tests.e2e.test_e2e_notifications.TestNotificationChannelCRUD" name="test_create_email_channel" time="0.013" /><testcase classname="skyspy.tests.e2e.test_e2e_notifications.TestNotificationChannelCRUD" name="test_create_pushover_channel" time="0.041" /><testcase classname="skyspy.tests.e2e.test_e2e_notifications.TestNotificationChannelCRUD" name="test_create_ntfy_channel" time="0.028" /><testcase classname="skyspy.tests.e2e.test_e2e_notifications.TestNotificationChannelCRUD" name="test_create_gotify_channel" time="0.015" /><testcase classname="skyspy.tests.e2e.test_e2e_notifications.TestNotificationChannelCRUD" name="test_create_telegram_channel" time="0.014" /><testcase classname="skyspy.tests.e2e.test_e2e_notifications.TestNotificationChannelCRUD" name="test_create_webhook_channel" time="0.012" /><testcase classname="skyspy.tests.e2e.test_e2e_notifications.TestNotificationChannelCRUD" name="test_create_home_assistant_channel" time="0.012" /><testcase classname="skyspy.tests.e2e.test_e2e_notifications.TestNotificationChannelCRUD" name="test_create_custom_apprise_channel" time="0.014" /><testcase classname="skyspy.tests.e2e.test_e2e_notifications.TestNotificationChannelCRUD" name="test_list_own_notification_channels" time="0.022" /><testcase classname="skyspy.tests.e2e.test_e2e_notifications.TestNotificationChannelCRUD" name="test_list_my_channels_endpoint" time="0.017" /><testcase classname="skyspy.tests.e2e.test_e2e_notifications.TestNotificationChannelCRUD" name="test_retrieve_notification_channel" time="0.018" /><testcase classname="skyspy.tests.e2e.test_e2e_notifications.TestNotificationChannelCRUD" name="test_update_notification_channel" time="0.021" /><testcase classname="skyspy.tests.e2e.test_e2e_notifications.TestNotificationChannelCRUD" name="test_update_channel_url_resets_verification" time="0.019" /><testcase classname="skyspy.tests.e2e.test_e2e_notifications.TestNotificationChannelCRUD" name="test_delete_notification_channel" time="0.018" /><testcase classname="skyspy.tests.e2e.test_e2e_notifications.TestNotificationChannelCRUD" name="test_cannot_access_other_users_channels" time="0.012" /><testcase classname="skyspy.tests.e2e.test_e2e_notifications.TestNotificationChannelCRUD" name="test_cannot_update_other_users_channels" time="0.015" /><testcase classname="skyspy.tests.e2e.test_e2e_notifications.TestNotificationChannelCRUD" name="test_cannot_delete_other_users_channels" time="0.017" /><testcase classname="skyspy.tests.e2e.test_e2e_notifications.TestNotificationChannelCRUD" name="test_non_admin_cannot_create_global_channel" time="0.011" /><testcase classname="skyspy.tests.e2e.test_e2e_notifications.TestNotificationChannelTypes" name="test_get_channel_types" time="0.003" /><testcase classname="skyspy.tests.e2e.test_e2e_notifications.TestNotificationChannelTypes" name="test_channel_types_include_required_fields" time="0.004" /><testcase classname="skyspy.tests.e2e.test_e2e_notifications.TestNotificationChannelTypes" name="test_channel_types_include_expected_services" time="0.003" /><testcase classname="skyspy.tests.e2e.test_e2e_notifications.TestNotificationChannelTypes" name="test_discord_type_info" time="0.003" /><testcase classname="skyspy.tests.e2e.test_e2e_notifications.TestNotificationChannelTypes" name="test_slack_type_info" time="0.002" /><testcase classname="skyspy.tests.e2e.test_e2e_notifications.TestNotificationChannelTest" name="test_send_test_notification_success" time="0.021" /><testcase classname="skyspy.tests.e2e.test_e2e_notifications.TestNotificationChannelTest" name="test_send_test_notification_updates_channel_status" time="0.022" /><testcase classname="skyspy.tests.e2e.test_e2e_notifications.TestNotificationChannelTest" name="test_send_test_notification_logs_result" time="0.019" /><testcase classname="skyspy.tests.e2e.test_e2e_notifications.TestNotificationChannelTest" name="test_send_test_notification_disabled_channel" time="0.017" /><testcase classname="skyspy.tests.e2e.test_e2e_notifications.TestNotificationChannelTest" name="test_send_test_notification_failure" time="0.020" /><testcase classname="skyspy.tests.e2e.test_e2e_notifications.TestNotificationChannelTest" name="test_send_test_notification_validates_channel_config" time="0.016" /><testcase classname="skyspy.tests.e2e.test_e2e_notifications.TestNotificationHistory" name="test_get_notification_history" time="0.011" /><testcase classname="skyspy.tests.e2e.test_e2e_notifications.TestNotificationHistory" name="test_filter_history_by_notification_type_alert" time="0.019" /><testcase classname="skyspy.tests.e2e.test_e2e_notifications.TestNotificationHistory" name="test_filter_history_by_status" time="0.012" /><testcase classname="skyspy.tests.e2e.test_e2e_notifications.TestNotificationHistory" name="test_filter_history_by_channel_id" time="0.014" /><testcase classname="skyspy.tests.e2e.test_e2e_notifications.TestNotificationHistory" name="test_history_includes_delivery_status" time="0.010" /><testcase classname="skyspy.tests.e2e.test_e2e_notifications.TestNotificationHistory" name="test_history_limit_parameter" time="0.017" /><testcase classname="skyspy.tests.e2e.test_e2e_notifications.TestNotificationHistory" name="test_history_ordered_by_timestamp" time="0.010" /><testcase classname="skyspy.tests.e2e.test_e2e_notifications.TestAlertChannelIntegration" name="test_alert_rule_can_reference_notification_channels" time="0.020" /><testcase classname="skyspy.tests.e2e.test_e2e_notifications.TestAlertChannelIntegration" name="test_create_alert_with_notification_channels" time="0.027" /><testcase classname="skyspy.tests.e2e.test_e2e_notifications.TestAlertChannelIntegration" name="test_alert_trigger_sends_notifications" time="0.013" /><testcase classname="skyspy.tests.e2e.test_e2e_notifications.TestAlertChannelIntegration" name="test_failed_notifications_are_logged" time="0.015" /><testcase classname="skyspy.tests.e2e.test_e2e_notifications.TestGlobalNotificationConfig" name="test_get_global_notification_config" time="0.011" /><testcase classname="skyspy.tests.e2e.test_e2e_notifications.TestGlobalNotificationConfig" name="test_update_global_notification_config" time="0.010" /><testcase classname="skyspy.tests.e2e.test_e2e_notifications.TestGlobalNotificationConfig" name="test_global_config_cooldown_prevents_spam" time="0.010" /><testcase classname="skyspy.tests.e2e.test_e2e_notifications.TestGlobalNotificationConfig" name="test_global_config_can_be_disabled" time="0.010" /><testcase classname="skyspy.tests.e2e.test_e2e_notifications.TestGlobalNotificationConfig" name="test_global_test_notification" time="0.011" /><testcase classname="skyspy.tests.e2e.test_e2e_notifications.TestGlobalNotificationConfig" name="test_global_test_notification_no_urls_configured" time="0.011" /><testcase classname="skyspy.tests.e2e.test_e2e_notifications.TestGlobalNotificationConfig" name="test_global_test_notification_disabled" time="0.009" /><testcase classname="skyspy.tests.e2e.test_e2e_notifications.TestRichMessageFormatting" name="test_notification_includes_aircraft_details" time="0.010" /><testcase classname="skyspy.tests.e2e.test_e2e_notifications.TestRichMessageFormatting" name="test_safety_event_notification_includes_severity" time="0.009" /><testcase classname="skyspy.tests.e2e.test_e2e_notifications.TestRichMessageFormatting" name="test_alert_notification_includes_rule_info" time="0.009" /><testcase classname="skyspy.tests.e2e.test_e2e_notifications.TestNotificationPermissions" name="test_users_can_only_manage_own_channels" time="0.023" /><testcase classname="skyspy.tests.e2e.test_e2e_notifications.TestNotificationPermissions" name="test_admin_can_see_all_channels" time="0.018" /><testcase classname="skyspy.tests.e2e.test_e2e_notifications.TestNotificationPermissions" name="test_admin_can_update_any_channel" time="0.022" /><testcase classname="skyspy.tests.e2e.test_e2e_notifications.TestNotificationPermissions" name="test_admin_can_delete_any_channel" time="0.020" /><testcase classname="skyspy.tests.e2e.test_e2e_notifications.TestNotificationPermissions" name="test_admin_can_create_global_channel" time="0.011" /><testcase classname="skyspy.tests.e2e.test_e2e_notifications.TestNotificationPermissions" name="test_view_notifications_requires_auth" time="0.006" /><testcase classname="skyspy.tests.e2e.test_e2e_notifications.TestNotificationPermissions" name="test_global_channels_visible_to_all_authenticated_users" time="0.017" /><testcase classname="skyspy.tests.e2e.test_e2e_notifications.TestNotificationStatistics" name="test_get_notification_stats" time="0.015" /><testcase classname="skyspy.tests.e2e.test_e2e_notifications.TestNotificationStatistics" name="test_notification_stats_totals" time="0.012" /><testcase classname="skyspy.tests.e2e.test_e2e_notifications.TestNotificationStatistics" name="test_notification_stats_by_type" time="0.011" /><testcase classname="skyspy.tests.e2e.test_e2e_notifications.TestNotificationStatistics" name="test_notification_stats_by_channel" time="0.013" /><testcase classname="skyspy.tests.e2e.test_e2e_notifications.TestNotificationServices" name="test_get_notification_services" time="0.003" /><testcase classname="skyspy.tests.e2e.test_e2e_notifications.TestNotificationServices" name="test_services_include_expected_providers" time="0.003" /><testcase classname="skyspy.tests.e2e.test_e2e_notifications.TestNotificationEdgeCases" name="test_create_channel_missing_required_fields" time="0.009" /><testcase classname="skyspy.tests.e2e.test_e2e_notifications.TestNotificationEdgeCases" name="test_create_channel_invalid_type" time="0.008" /><testcase classname="skyspy.tests.e2e.test_e2e_notifications.TestNotificationEdgeCases" name="test_get_nonexistent_channel" time="0.014" /><testcase classname="skyspy.tests.e2e.test_e2e_notifications.TestNotificationEdgeCases" name="test_delete_nonexistent_channel" time="0.014" /><testcase classname="skyspy.tests.e2e.test_e2e_notifications.TestNotificationEdgeCases" name="test_test_nonexistent_channel" time="0.013" /><testcase classname="skyspy.tests.e2e.test_e2e_notifications.TestNotificationEdgeCases" name="test_channel_with_very_long_name" time="0.011" /><testcase classname="skyspy.tests.e2e.test_e2e_notifications.TestNotificationEdgeCases" name="test_empty_history" time="0.021" /><testcase classname="skyspy.tests.e2e.test_e2e_notifications.TestNotificationWorkflows" name="test_complete_channel_workflow" time="0.066" /><testcase classname="skyspy.tests.e2e.test_e2e_notifications.TestNotificationWorkflows" name="test_alert_notification_workflow" time="0.026" /><testcase classname="skyspy.tests.e2e.test_e2e_safety.TestSafetyEventListing" name="test_list_returns_200" time="0.010" /><testcase classname="skyspy.tests.e2e.test_e2e_safety.TestSafetyEventListing" name="test_list_returns_events_structure" time="0.013" /><testcase classname="skyspy.tests.e2e.test_e2e_safety.TestSafetyEventListing" name="test_list_event_fields" time="0.018" /><testcase classname="skyspy.tests.e2e.test_e2e_safety.TestSafetyEventListing" name="test_filter_by_event_type_tcas_ra" time="0.013" /><testcase classname="skyspy.tests.e2e.test_e2e_safety.TestSafetyEventListing" name="test_filter_by_event_type_tcas_ta" time="0.010" /><testcase classname="skyspy.tests.e2e.test_e2e_safety.TestSafetyEventListing" name="test_filter_by_event_type_7500_hijack" time="0.009" /><testcase classname="skyspy.tests.e2e.test_e2e_safety.TestSafetyEventListing" name="test_filter_by_event_type_7600_radio_failure" time="0.012" /><testcase classname="skyspy.tests.e2e.test_e2e_safety.TestSafetyEventListing" name="test_filter_by_event_type_7700_emergency" time="0.017" /><testcase classname="skyspy.tests.e2e.test_e2e_safety.TestSafetyEventListing" name="test_filter_by_event_type_proximity_conflict" time="0.019" /><testcase classname="skyspy.tests.e2e.test_e2e_safety.TestSafetyEventListing" name="test_filter_by_event_type_extreme_vs" time="0.022" /><testcase classname="skyspy.tests.e2e.test_e2e_safety.TestSafetyEventListing" name="test_filter_by_severity_info" time="0.016" /><testcase classname="skyspy.tests.e2e.test_e2e_safety.TestSafetyEventListing" name="test_filter_by_severity_warning" time="0.015" /><testcase classname="skyspy.tests.e2e.test_e2e_safety.TestSafetyEventListing" name="test_filter_by_severity_critical" time="0.025" /><testcase classname="skyspy.tests.e2e.test_e2e_safety.TestSafetyEventListing" name="test_filter_by_time_range_24_hours" time="0.015" /><testcase classname="skyspy.tests.e2e.test_e2e_safety.TestSafetyEventListing" name="test_filter_by_time_range_1_hour" time="0.012" /><testcase classname="skyspy.tests.e2e.test_e2e_safety.TestSafetyEventListing" name="test_filter_by_acknowledged_true" time="0.012" /><testcase classname="skyspy.tests.e2e.test_e2e_safety.TestSafetyEventListing" name="test_filter_by_acknowledged_false" time="0.014" /><testcase classname="skyspy.tests.e2e.test_e2e_safety.TestSafetyEventListing" name="test_filter_by_icao_hex" time="0.013" /><testcase classname="skyspy.tests.e2e.test_e2e_safety.TestSafetyEventListing" name="test_list_ordered_by_timestamp_descending" time="0.010" /><testcase classname="skyspy.tests.e2e.test_e2e_safety.TestSafetyEventListing" name="test_combine_multiple_filters" time="0.010" /><testcase classname="skyspy.tests.e2e.test_e2e_safety.TestSafetyEventDetails" name="test_retrieve_existing_event" time="0.012" /><testcase classname="skyspy.tests.e2e.test_e2e_safety.TestSafetyEventDetails" name="test_retrieve_event_data" time="0.009" /><testcase classname="skyspy.tests.e2e.test_e2e_safety.TestSafetyEventDetails" name="test_retrieve_event_with_aircraft_snapshot" time="0.010" /><testcase classname="skyspy.tests.e2e.test_e2e_safety.TestSafetyEventDetails" name="test_retrieve_proximity_event_with_both_snapshots" time="0.012" /><testcase classname="skyspy.tests.e2e.test_e2e_safety.TestSafetyEventDetails" name="test_retrieve_nonexistent_event" time="0.008" /><testcase classname="skyspy.tests.e2e.test_e2e_safety.TestEventAcknowledgment" name="test_acknowledge_event" time="0.009" /><testcase classname="skyspy.tests.e2e.test_e2e_safety.TestEventAcknowledgment" name="test_acknowledge_sets_timestamp" time="0.010" /><testcase classname="skyspy.tests.e2e.test_e2e_safety.TestEventAcknowledgment" name="test_acknowledge_returns_updated_event" time="0.009" /><testcase classname="skyspy.tests.e2e.test_e2e_safety.TestEventAcknowledgment" name="test_acknowledge_already_acknowledged_is_idempotent" time="0.009" /><testcase classname="skyspy.tests.e2e.test_e2e_safety.TestEventAcknowledgment" name="test_acknowledge_nonexistent_event" time="0.008" /><testcase classname="skyspy.tests.e2e.test_e2e_safety.TestEventAcknowledgment" name="test_viewer_can_read_but_not_acknowledge" time="0.021" /><testcase classname="skyspy.tests.e2e.test_e2e_safety.TestSafetyStatistics" name="test_stats_returns_200" time="0.011" /><testcase classname="skyspy.tests.e2e.test_e2e_safety.TestSafetyStatistics" name="test_stats_response_structure" time="0.010" /><testcase classname="skyspy.tests.e2e.test_e2e_safety.TestSafetyStatistics" name="test_stats_thresholds" time="0.012" /><testcase classname="skyspy.tests.e2e.test_e2e_safety.TestSafetyStatistics" name="test_stats_counts_by_event_type" time="0.013" /><testcase classname="skyspy.tests.e2e.test_e2e_safety.TestSafetyStatistics" name="test_stats_counts_by_severity" time="0.013" /><testcase classname="skyspy.tests.e2e.test_e2e_safety.TestSafetyStatistics" name="test_stats_total_events" time="0.013" /><testcase classname="skyspy.tests.e2e.test_e2e_safety.TestSafetyStatistics" name="test_stats_unique_aircraft" time="0.014" /><testcase classname="skyspy.tests.e2e.test_e2e_safety.TestSafetyStatistics" name="test_stats_event_rate_per_hour" time="0.020" /><testcase classname="skyspy.tests.e2e.test_e2e_safety.TestSafetyStatistics" name="test_stats_top_aircraft" time="0.013" /><testcase classname="skyspy.tests.e2e.test_e2e_safety.TestSafetyStatistics" name="test_stats_recent_events" time="0.013" /><testcase classname="skyspy.tests.e2e.test_e2e_safety.TestSafetyStatistics" name="test_stats_time_filter" time="0.013" /><testcase classname="skyspy.tests.e2e.test_e2e_safety.TestSafetyStatistics" name="test_stats_time_series_data" time="0.015" /><testcase classname="skyspy.tests.e2e.test_e2e_safety.TestEventDeletion" name="test_delete_event" time="0.010" /><testcase classname="skyspy.tests.e2e.test_e2e_safety.TestEventDeletion" name="test_delete_removes_from_database" time="0.010" /><testcase classname="skyspy.tests.e2e.test_e2e_safety.TestEventDeletion" name="test_delete_nonexistent_event" time="0.009" /><testcase classname="skyspy.tests.e2e.test_e2e_safety.TestEventDeletion" name="test_bulk_delete_by_event_type" time="0.018" /><testcase classname="skyspy.tests.e2e.test_e2e_safety.TestRealTimeDetectionWorkflow" name="test_emergency_squawk_7700_creates_safety_event" time="0.005" /><testcase classname="skyspy.tests.e2e.test_e2e_safety.TestRealTimeDetectionWorkflow" name="test_emergency_squawk_7500_hijack_creates_event" time="0.003" /><testcase classname="skyspy.tests.e2e.test_e2e_safety.TestRealTimeDetectionWorkflow" name="test_emergency_squawk_7600_radio_failure_creates_event" time="0.003" /><testcase classname="skyspy.tests.e2e.test_e2e_safety.TestRealTimeDetectionWorkflow" name="test_tcas_ra_creates_critical_event" time="0.002" /><testcase classname="skyspy.tests.e2e.test_e2e_safety.TestRealTimeDetectionWorkflow" name="test_proximity_conflict_detects_close_aircraft" time="0.004" /><testcase classname="skyspy.tests.e2e.test_e2e_safety.TestRealTimeDetectionWorkflow" name="test_extreme_vertical_speed_creates_event" time="0.004" /><testcase classname="skyspy.tests.e2e.test_e2e_safety.TestPermissionChecks" name="test_viewer_can_read_events" time="0.022" /><testcase classname="skyspy.tests.e2e.test_e2e_safety.TestPermissionChecks" name="test_viewer_can_read_single_event" time="0.044" /><testcase classname="skyspy.tests.e2e.test_e2e_safety.TestPermissionChecks" name="test_viewer_can_read_stats" time="0.041" /><testcase classname="skyspy.tests.e2e.test_e2e_safety.TestPermissionChecks" name="test_operator_can_acknowledge_events" time="0.012" /><testcase classname="skyspy.tests.e2e.test_e2e_safety.TestPermissionChecks" name="test_admin_can_delete_events" time="0.012" /><testcase classname="skyspy.tests.e2e.test_e2e_safety.TestPermissionChecks" name="test_unauthenticated_gets_403_on_protected_endpoint" time="0.017" /><testcase classname="skyspy.tests.e2e.test_e2e_safety.TestPermissionChecks" name="test_no_role_user_has_limited_access" time="0.021" /><testcase classname="skyspy.tests.e2e.test_e2e_safety.TestPermissionChecks" name="test_superadmin_has_full_access" time="0.016" /><testcase classname="skyspy.tests.e2e.test_e2e_safety.TestSafetyEventsIntegration" name="test_complete_acknowledge_workflow" time="0.019" /><testcase classname="skyspy.tests.e2e.test_e2e_safety.TestSafetyEventsIntegration" name="test_stats_consistency_with_list" time="0.019" /><testcase classname="skyspy.tests.e2e.test_e2e_safety.TestSafetyEventsIntegration" name="test_all_endpoints_return_json" time="0.026" /><testcase classname="skyspy.tests.e2e.test_e2e_safety.TestSafetyEventsIntegration" name="test_http_methods_restricted" time="0.010" /><testcase classname="skyspy.tests.e2e.test_e2e_safety.TestEdgeCasesAndErrorHandling" name="test_invalid_hours_parameter_defaults" time="0.008" /><testcase classname="skyspy.tests.e2e.test_e2e_safety.TestEdgeCasesAndErrorHandling" name="test_empty_database_returns_empty_list" time="0.009" /><testcase classname="skyspy.tests.e2e.test_e2e_safety.TestEdgeCasesAndErrorHandling" name="test_stats_with_no_events" time="0.011" /><testcase classname="skyspy.tests.e2e.test_e2e_safety.TestEdgeCasesAndErrorHandling" name="test_aircraft_stats_with_no_events" time="0.009" /><testcase classname="skyspy.tests.e2e.test_e2e_safety.TestEdgeCasesAndErrorHandling" name="test_large_number_of_events" time="0.019" /><testcase classname="skyspy.tests.e2e.test_e2e_safety.TestEdgeCasesAndErrorHandling" name="test_special_characters_in_callsign" time="0.009" /><testcase classname="skyspy.tests.e2e.test_e2e_safety.TestEdgeCasesAndErrorHandling" name="test_null_optional_fields" time="0.008" /><testcase classname="skyspy.tests.e2e.test_e2e_safety.TestEdgeCasesAndErrorHandling" name="test_concurrent_acknowledge_requests" time="0.013" /><testcase classname="skyspy.tests.e2e.test_e2e_safety.TestAPIKeyAuthentication" name="test_api_key_can_read_events" time="0.012" /><testcase classname="skyspy.tests.e2e.test_e2e_safety.TestAPIKeyAuthentication" name="test_api_key_can_read_stats" time="0.012" /><testcase classname="skyspy.tests.e2e.test_e2e_safety.TestAPIKeyAuthentication" name="test_expired_api_key_denied" time="0.026" /><testcase classname="skyspy.tests.e2e.test_e2e_stats.TestTrackingQualityStats" name="test_tracking_quality_returns_200_ok" time="0.189" /><testcase classname="skyspy.tests.e2e.test_e2e_stats.TestTrackingQualityStats" name="test_tracking_quality_response_structure" time="0.185" /><testcase classname="skyspy.tests.e2e.test_e2e_stats.TestTrackingQualityStats" name="test_tracking_quality_includes_quality_grades" time="0.168" /><testcase classname="skyspy.tests.e2e.test_e2e_stats.TestTrackingQualityStats" name="test_tracking_quality_filter_by_hours" time="0.208" /><testcase classname="skyspy.tests.e2e.test_e2e_stats.TestTrackingQualityStats" name="test_tracking_quality_refresh_param" time="0.169" /><testcase classname="skyspy.tests.e2e.test_e2e_stats.TestTrackingQualityStats" name="test_tracking_quality_gaps_endpoint" time="0.758" /><testcase classname="skyspy.tests.e2e.test_e2e_stats.TestTrackingQualityStats" name="test_tracking_quality_session_detail" time="0.256" /><testcase classname="skyspy.tests.e2e.test_e2e_stats.TestTrackingQualityStats" name="test_tracking_quality_session_not_found" time="0.004" /><testcase classname="skyspy.tests.e2e.test_e2e_stats.TestEngagementStats" name="test_engagement_stats_returns_200_ok" time="0.838" /><testcase classname="skyspy.tests.e2e.test_e2e_stats.TestEngagementStats" name="test_engagement_stats_response_structure" time="0.796" /><testcase classname="skyspy.tests.e2e.test_e2e_stats.TestEngagementStats" name="test_engagement_stats_filter_by_hours" time="0.912" /><testcase classname="skyspy.tests.e2e.test_e2e_stats.TestEngagementStats" name="test_engagement_most_watched" time="0.027" /><testcase classname="skyspy.tests.e2e.test_e2e_stats.TestEngagementStats" name="test_engagement_return_visitors" time="0.032" /><testcase classname="skyspy.tests.e2e.test_e2e_stats.TestEngagementStats" name="test_engagement_return_visitors_min_sessions" time="0.028" /><testcase classname="skyspy.tests.e2e.test_e2e_stats.TestEngagementStats" name="test_engagement_peak_tracking" time="0.848" /><testcase classname="skyspy.tests.e2e.test_e2e_stats.TestAircraftFavorites" name="test_list_favorites_returns_200_ok" time="0.020" /><testcase classname="skyspy.tests.e2e.test_e2e_stats.TestAircraftFavorites" name="test_list_favorites_response_structure" time="0.015" /><testcase classname="skyspy.tests.e2e.test_e2e_stats.TestAircraftFavorites" name="test_favorites_include_required_fields" time="0.015" /><testcase classname="skyspy.tests.e2e.test_e2e_stats.TestAircraftFavorites" name="test_toggle_favorite_add" time="0.015" /><testcase classname="skyspy.tests.e2e.test_e2e_stats.TestAircraftFavorites" name="test_toggle_favorite_remove" time="0.016" /><testcase classname="skyspy.tests.e2e.test_e2e_stats.TestAircraftFavorites" name="test_check_favorite_status" time="0.015" /><testcase classname="skyspy.tests.e2e.test_e2e_stats.TestAircraftFavorites" name="test_check_non_favorite" time="0.022" /><testcase classname="skyspy.tests.e2e.test_e2e_stats.TestAircraftFavorites" name="test_update_favorite_notes" time="0.031" /><testcase classname="skyspy.tests.e2e.test_e2e_stats.TestAircraftFavorites" name="test_favorites_unauthenticated_empty" time="0.004" /><testcase classname="skyspy.tests.e2e.test_e2e_stats.TestFlightPatternStats" name="test_flight_patterns_returns_200_ok" time="1.136" /><testcase classname="skyspy.tests.e2e.test_e2e_stats.TestFlightPatternStats" name="test_flight_patterns_response_structure" time="0.860" /><testcase classname="skyspy.tests.e2e.test_e2e_stats.TestFlightPatternStats" name="test_flight_patterns_busiest_hours" time="1.143" /><testcase classname="skyspy.tests.e2e.test_e2e_stats.TestFlightPatternStats" name="test_flight_patterns_aircraft_types" time="0.046" /><testcase classname="skyspy.tests.e2e.test_e2e_stats.TestFlightPatternStats" name="test_flight_patterns_duration_by_type" time="0.043" /><testcase classname="skyspy.tests.e2e.test_e2e_stats.TestFlightPatternStats" name="test_flight_patterns_routes" time="0.046" /><testcase classname="skyspy.tests.e2e.test_e2e_stats.TestFlightPatternStats" name="test_flight_patterns_filter_by_hours" time="1.608" /><testcase classname="skyspy.tests.e2e.test_e2e_stats.TestFlightPatternStats" name="test_flight_patterns_refresh" time="0.946" /><testcase classname="skyspy.tests.e2e.test_e2e_stats.TestGeographicStats" name="test_geographic_stats_returns_200_ok" time="0.098" /><testcase classname="skyspy.tests.e2e.test_e2e_stats.TestGeographicStats" name="test_geographic_stats_response_structure" time="0.097" /><testcase classname="skyspy.tests.e2e.test_e2e_stats.TestGeographicStats" name="test_geographic_countries" time="0.024" /><testcase classname="skyspy.tests.e2e.test_e2e_stats.TestGeographicStats" name="test_geographic_operators" time="0.032" /><testcase classname="skyspy.tests.e2e.test_e2e_stats.TestGeographicStats" name="test_geographic_military_breakdown" time="0.037" /><testcase classname="skyspy.tests.e2e.test_e2e_stats.TestGeographicStats" name="test_geographic_locations" time="0.056" /><testcase classname="skyspy.tests.e2e.test_e2e_stats.TestGeographicStats" name="test_geographic_summary" time="0.156" /><testcase classname="skyspy.tests.e2e.test_e2e_stats.TestGeographicStats" name="test_geographic_filter_by_hours" time="0.294" /><testcase classname="skyspy.tests.e2e.test_e2e_stats.TestCombinedStats" name="test_combined_stats_returns_200_ok" time="0.882" /><testcase classname="skyspy.tests.e2e.test_e2e_stats.TestCombinedStats" name="test_combined_stats_includes_both_categories" time="0.848" /><testcase classname="skyspy.tests.e2e.test_e2e_stats.TestCombinedStats" name="test_combined_stats_summary" time="0.905" /><testcase classname="skyspy.tests.e2e.test_e2e_stats.TestCombinedStats" name="test_combined_stats_filter_by_hours" time="0.900" /><testcase classname="skyspy.tests.e2e.test_e2e_stats.TestCombinedStats" name="test_combined_stats_refresh" time="0.877" /><testcase classname="skyspy.tests.e2e.test_e2e_stats.TestPersonalRecords" name="test_personal_records_model_exists" time="0.011" /><testcase classname="skyspy.tests.e2e.test_e2e_stats.TestPersonalRecords" name="test_max_distance_record" time="0.005" /><testcase classname="skyspy.tests.e2e.test_e2e_stats.TestPersonalRecords" name="test_max_altitude_record" time="0.006" /><testcase classname="skyspy.tests.e2e.test_e2e_stats.TestPersonalRecords" name="test_max_speed_record" time="0.006" /><testcase classname="skyspy.tests.e2e.test_e2e_stats.TestPersonalRecords" name="test_longest_session_record" time="0.010" /><testcase classname="skyspy.tests.e2e.test_e2e_stats.TestPersonalRecords" name="test_most_positions_record" time="0.011" /><testcase classname="skyspy.tests.e2e.test_e2e_stats.TestPersonalRecords" name="test_closest_approach_record" time="0.014" /><testcase classname="skyspy.tests.e2e.test_e2e_stats.TestRareSightings" name="test_rare_sightings_created" time="0.027" /><testcase classname="skyspy.tests.e2e.test_e2e_stats.TestRareSightings" name="test_first_time_hex_sighting" time="0.009" /><testcase classname="skyspy.tests.e2e.test_e2e_stats.TestRareSightings" name="test_military_sighting" time="0.007" /><testcase classname="skyspy.tests.e2e.test_e2e_stats.TestRareSightings" name="test_test_flight_sighting" time="0.007" /><testcase classname="skyspy.tests.e2e.test_e2e_stats.TestRareSightings" name="test_government_sighting" time="0.006" /><testcase classname="skyspy.tests.e2e.test_e2e_stats.TestRareSightings" name="test_rare_type_sighting" time="0.006" /><testcase classname="skyspy.tests.e2e.test_e2e_stats.TestRareSightings" name="test_sighting_acknowledgement" time="0.006" /><testcase classname="skyspy.tests.e2e.test_e2e_stats.TestRareSightings" name="test_filter_by_rarity_type" time="0.005" /><testcase classname="skyspy.tests.e2e.test_e2e_stats.TestRareSightings" name="test_filter_unacknowledged" time="0.005" /><testcase classname="skyspy.tests.e2e.test_e2e_stats.TestSpottedAircraftCollection" name="test_spotted_aircraft_created" time="0.025" /><testcase classname="skyspy.tests.e2e.test_e2e_stats.TestSpottedAircraftCollection" name="test_spotted_counts_created" time="0.013" /><testcase classname="skyspy.tests.e2e.test_e2e_stats.TestSpottedAircraftCollection" name="test_spotted_by_operator" time="0.016" /><testcase classname="skyspy.tests.e2e.test_e2e_stats.TestSpottedAircraftCollection" name="test_spotted_by_aircraft_type" time="0.013" /><testcase classname="skyspy.tests.e2e.test_e2e_stats.TestSpottedAircraftCollection" name="test_spotted_by_country" time="0.018" /><testcase classname="skyspy.tests.e2e.test_e2e_stats.TestSpottedAircraftCollection" name="test_spotted_aircraft_tracking" time="0.014" /><testcase classname="skyspy.tests.e2e.test_e2e_stats.TestSpottedAircraftCollection" name="test_collection_progress" time="0.016" /><testcase classname="skyspy.tests.e2e.test_e2e_stats.TestSpottedAircraftCollection" name="test_filter_by_aircraft_type" time="0.015" /><testcase classname="skyspy.tests.e2e.test_e2e_stats.TestSpottedAircraftCollection" name="test_filter_by_operator" time="0.016" /><testcase classname="skyspy.tests.e2e.test_e2e_stats.TestDailyStats" name="test_daily_stats_created" time="0.056" /><testcase classname="skyspy.tests.e2e.test_e2e_stats.TestDailyStats" name="test_daily_stats_structure" time="0.056" /><testcase classname="skyspy.tests.e2e.test_e2e_stats.TestDailyStats" name="test_daily_stats_ordering" time="0.056" /><testcase classname="skyspy.tests.e2e.test_e2e_stats.TestDailyStats" name="test_daily_stats_aircraft_types_json" time="0.052" /><testcase classname="skyspy.tests.e2e.test_e2e_stats.TestDailyStats" name="test_daily_stats_operators_json" time="0.052" /><testcase classname="skyspy.tests.e2e.test_e2e_stats.TestDailyStats" name="test_filter_by_date_range" time="0.048" /><testcase classname="skyspy.tests.e2e.test_e2e_stats.TestDailyStats" name="test_sighting_streaks" time="0.006" /><testcase classname="skyspy.tests.e2e.test_e2e_stats.TestDailyStats" name="test_military_streak" time="0.004" /><testcase classname="skyspy.tests.e2e.test_e2e_stats.TestDailyStats" name="test_comparison_with_previous_days" time="0.053" /><testcase classname="skyspy.tests.e2e.test_e2e_stats.TestAcarsStatistics" name="test_acars_stats_returns_200_ok" time="0.014" /><testcase classname="skyspy.tests.e2e.test_e2e_stats.TestAcarsStatistics" name="test_acars_stats_response_structure" time="0.014" /><testcase classname="skyspy.tests.e2e.test_e2e_stats.TestAcarsStatistics" name="test_acars_stats_by_source" time="0.013" /><testcase classname="skyspy.tests.e2e.test_e2e_stats.TestAcarsStatistics" name="test_acars_stats_top_labels" time="0.014" /><testcase classname="skyspy.tests.e2e.test_e2e_stats.TestAcarsStatistics" name="test_acars_stats_breakdown" time="0.950" /><testcase classname="skyspy.tests.e2e.test_e2e_stats.TestAcarsStatistics" name="test_acars_stats_airlines" time="0.036" /><testcase classname="skyspy.tests.e2e.test_e2e_stats.TestAcarsStatistics" name="test_acars_stats_trends" time="0.033" /><testcase classname="skyspy.tests.e2e.test_e2e_stats.TestAcarsStatistics" name="test_acars_stats_filter_by_hours" time="0.014" /><testcase classname="skyspy.tests.e2e.test_e2e_stats.TestAcarsStatistics" name="test_acars_labels_reference" time="0.004" /><testcase classname="skyspy.tests.e2e.test_e2e_stats.TestAcarsStatistics" name="test_acars_stats_summary" time="0.021" /><testcase classname="skyspy.tests.e2e.test_e2e_stats.TestAcarsStatistics" name="test_acars_category_trends" time="0.015" /><testcase classname="skyspy.tests.e2e.test_e2e_stats.TestAcarsStatistics" name="test_acars_text_analysis" time="0.034" /><testcase classname="skyspy.tests.e2e.test_e2e_stats.TestStatsIntegration" name="test_all_stats_endpoints_return_json" time="2.917" /><testcase classname="skyspy.tests.e2e.test_e2e_stats.TestStatsIntegration" name="test_stats_with_authenticated_user" time="0.021" /><testcase classname="skyspy.tests.e2e.test_e2e_stats.TestStatsIntegration" name="test_stats_cache_behavior" time="0.026" /><testcase classname="skyspy.tests.e2e.test_e2e_stats.TestStatsIntegration" name="test_stats_time_range_consistency" time="2.376" /><testcase classname="skyspy.tests.e2e.test_e2e_stats.TestStatsPermissions" name="test_public_stats_accessible_without_auth" time="1.593" /><testcase classname="skyspy.tests.e2e.test_e2e_stats.TestStatsPermissions" name="test_viewer_can_access_stats" time="0.290" /><testcase classname="skyspy.tests.e2e.test_e2e_stats.TestStatsPermissions" name="test_operator_can_manage_favorites" time="0.021" /><testcase classname="skyspy.tests.e2e.test_e2e_stats.TestStatsPermissions" name="test_analyst_has_full_stats_access" time="2.811" /><testcase classname="skyspy.tests.e2e.test_e2e_stats.TestConfigurationModels" name="test_notable_registration_creation" time="0.013" /><testcase classname="skyspy.tests.e2e.test_e2e_stats.TestConfigurationModels" name="test_notable_callsign_creation" time="0.005" /><testcase classname="skyspy.tests.e2e.test_e2e_stats.TestConfigurationModels" name="test_rare_aircraft_type_creation" time="0.005" /><testcase classname="skyspy.tests.e2e.test_e2e_stats.TestConfigurationModels" name="test_filter_active_patterns" time="0.012" /><testcase classname="skyspy.tests.e2e.test_e2e_system.TestHealthCheckEndpoints" name="test_health_check_returns_200" time="0.060" /><testcase classname="skyspy.tests.e2e.test_e2e_system.TestHealthCheckEndpoints" name="test_health_check_with_trailing_slash" time="0.004" /><testcase classname="skyspy.tests.e2e.test_e2e_system.TestHealthCheckEndpoints" name="test_health_check_response_structure" time="0.003" /><testcase classname="skyspy.tests.e2e.test_e2e_system.TestHealthCheckEndpoints" name="test_health_check_services_include_database" time="0.003" /><testcase classname="skyspy.tests.e2e.test_e2e_system.TestHealthCheckEndpoints" name="test_health_check_services_include_cache" time="0.004" /><testcase classname="skyspy.tests.e2e.test_e2e_system.TestHealthCheckEndpoints" name="test_health_check_services_include_celery" time="0.004" /><testcase classname="skyspy.tests.e2e.test_e2e_system.TestHealthCheckEndpoints" name="test_health_check_celery_up_with_heartbeat" time="0.003" /><testcase classname="skyspy.tests.e2e.test_e2e_system.TestHealthCheckEndpoints" name="test_health_check_database_connectivity" time="0.003" /><testcase classname="skyspy.tests.e2e.test_e2e_system.TestHealthCheckEndpoints" name="test_health_check_cache_connectivity" time="0.012" /><testcase classname="skyspy.tests.e2e.test_e2e_system.TestHealthCheckEndpoints" name="test_health_check_returns_json" time="0.004" /><testcase classname="skyspy.tests.e2e.test_e2e_system.TestHealthCheckEndpoints" name="test_health_check_timestamp_format" time="0.006" /><testcase classname="skyspy.tests.e2e.test_e2e_system.TestHealthCheckEndpoints" name="test_health_check_is_public_no_auth_required" time="0.009" /><testcase classname="skyspy.tests.e2e.test_e2e_system.TestHealthCheckEndpoints" name="test_health_check_overall_status_healthy" time="0.006" /><testcase classname="skyspy.tests.e2e.test_e2e_system.TestSystemStatusEndpoint" name="test_status_returns_200" time="0.060" /><testcase classname="skyspy.tests.e2e.test_e2e_system.TestSystemStatusEndpoint" name="test_status_with_trailing_slash" time="0.033" /><testcase classname="skyspy.tests.e2e.test_e2e_system.TestSystemStatusEndpoint" name="test_status_includes_version_info" time="0.036" /><testcase classname="skyspy.tests.e2e.test_e2e_system.TestSystemStatusEndpoint" name="test_status_includes_uptime" time="0.043" /><testcase classname="skyspy.tests.e2e.test_e2e_system.TestSystemStatusEndpoint" name="test_status_includes_component_statuses" time="0.039" /><testcase classname="skyspy.tests.e2e.test_e2e_system.TestSystemStatusEndpoint" name="test_status_includes_aircraft_count" time="0.034" /><testcase classname="skyspy.tests.e2e.test_e2e_system.TestSystemStatusEndpoint" name="test_status_includes_session_count" time="0.054" /><testcase classname="skyspy.tests.e2e.test_e2e_system.TestSystemStatusEndpoint" name="test_status_includes_alert_count" time="0.045" /><testcase classname="skyspy.tests.e2e.test_e2e_system.TestSystemStatusEndpoint" name="test_status_includes_safety_event_count" time="0.039" /><testcase classname="skyspy.tests.e2e.test_e2e_system.TestSystemStatusEndpoint" name="test_status_includes_location" time="0.078" /><testcase classname="skyspy.tests.e2e.test_e2e_system.TestSystemStatusEndpoint" name="test_status_with_cached_aircraft_data" time="0.055" /><testcase classname="skyspy.tests.e2e.test_e2e_system.TestSystemStatusEndpoint" name="test_status_adsb_offline_when_no_data" time="0.039" /><testcase classname="skyspy.tests.e2e.test_e2e_system.TestSystemHealthDetailEndpoint" name="test_health_detail_returns_200" time="0.028" /><testcase classname="skyspy.tests.e2e.test_e2e_system.TestSystemHealthDetailEndpoint" name="test_health_detail_includes_database_stats" time="0.015" /><testcase classname="skyspy.tests.e2e.test_e2e_system.TestSystemHealthDetailEndpoint" name="test_health_detail_database_latency" time="0.013" /><testcase classname="skyspy.tests.e2e.test_e2e_system.TestSystemHealthDetailEndpoint" name="test_health_detail_cache_stats" time="0.008" /><testcase classname="skyspy.tests.e2e.test_e2e_system.TestSystemHealthDetailEndpoint" name="test_health_detail_external_service_connectivity" time="0.010" /><testcase classname="skyspy.tests.e2e.test_e2e_system.TestSystemInfoEndpoint" name="test_info_returns_200" time="0.012" /><testcase classname="skyspy.tests.e2e.test_e2e_system.TestSystemInfoEndpoint" name="test_info_includes_version" time="0.185" /><testcase classname="skyspy.tests.e2e.test_e2e_system.TestSystemInfoEndpoint" name="test_info_includes_environment" time="0.003" /><testcase classname="skyspy.tests.e2e.test_e2e_system.TestSystemInfoEndpoint" name="test_info_includes_feature_flags" time="0.003" /><testcase classname="skyspy.tests.e2e.test_e2e_system.TestSystemInfoEndpoint" name="test_info_includes_auth_mode_configuration" time="0.003" /><testcase classname="skyspy.tests.e2e.test_e2e_system.TestSystemInfoEndpoint" name="test_info_includes_endpoints_documentation" time="0.003" /><testcase classname="skyspy.tests.e2e.test_e2e_system.TestPrometheusMetricsEndpoint" name="test_metrics_endpoint_exists" time="0.004" /><testcase classname="skyspy.tests.e2e.test_e2e_system.TestPrometheusMetricsEndpoint" name="test_metrics_returns_prometheus_format_when_enabled" time="0.041" /><testcase classname="skyspy.tests.e2e.test_e2e_system.TestPrometheusMetricsEndpoint" name="test_metrics_includes_http_request_counts" time="0.007" /><testcase classname="skyspy.tests.e2e.test_e2e_system.TestPrometheusMetricsEndpoint" name="test_metrics_requires_permission_when_protected" time="0.031" /><testcase classname="skyspy.tests.e2e.test_e2e_system.TestPrometheusMetricsEndpoint" name="test_metrics_disabled_returns_503" time="0.004" /><testcase classname="skyspy.tests.e2e.test_e2e_system.TestDatabaseStatsEndpoint" name="test_databases_returns_200_or_requires_auth" time="0.008" /><testcase classname="skyspy.tests.e2e.test_e2e_system.TestDatabaseStatsEndpoint" name="test_databases_includes_table_row_counts" time="0.008" /><testcase classname="skyspy.tests.e2e.test_e2e_system.TestDatabaseStatsEndpoint" name="test_databases_includes_connection_pool_status" time="0.007" /><testcase classname="skyspy.tests.e2e.test_e2e_system.TestDatabaseStatsEndpoint" name="test_databases_requires_system_manage_permission" time="0.026" /><testcase classname="skyspy.tests.e2e.test_e2e_system.TestGeodataStatsEndpoint" name="test_geodata_returns_200_or_404" time="0.027" /><testcase classname="skyspy.tests.e2e.test_e2e_system.TestGeodataStatsEndpoint" name="test_geodata_includes_airport_count" time="0.010" /><testcase classname="skyspy.tests.e2e.test_e2e_system.TestGeodataStatsEndpoint" name="test_geodata_includes_navaid_count" time="0.010" /><testcase classname="skyspy.tests.e2e.test_e2e_system.TestGeodataStatsEndpoint" name="test_geodata_includes_last_update_times" time="0.010" /><testcase classname="skyspy.tests.e2e.test_e2e_system.TestGeodataStatsEndpoint" name="test_geodata_includes_coverage_area" time="0.010" /><testcase classname="skyspy.tests.e2e.test_e2e_system.TestWeatherCacheStatsEndpoint" name="test_weather_returns_200_or_404" time="0.018" /><testcase classname="skyspy.tests.e2e.test_e2e_system.TestWeatherCacheStatsEndpoint" name="test_weather_includes_metar_taf_counts" time="0.012" /><testcase classname="skyspy.tests.e2e.test_e2e_system.TestWeatherCacheStatsEndpoint" name="test_weather_includes_pireps_count" time="0.010" /><testcase classname="skyspy.tests.e2e.test_e2e_system.TestWeatherCacheStatsEndpoint" name="test_weather_includes_cache_age" time="0.011" /><testcase classname="skyspy.tests.e2e.test_e2e_system.TestAudioServiceStatsEndpoint" name="test_audio_service_stats_returns_200_or_404" time="0.007" /><testcase classname="skyspy.tests.e2e.test_e2e_system.TestAudioServiceStatsEndpoint" name="test_audio_service_stats_includes_queue_depth" time="0.008" /><testcase classname="skyspy.tests.e2e.test_e2e_system.TestAudioServiceStatsEndpoint" name="test_audio_service_stats_includes_processing_rate" time="0.008" /><testcase classname="skyspy.tests.e2e.test_e2e_system.TestAudioServiceStatsEndpoint" name="test_audio_service_stats_includes_error_rate" time="0.008" /><testcase classname="skyspy.tests.e2e.test_e2e_system.TestAudioServiceStatsEndpoint" name="test_audio_service_stats_includes_service_connectivity" time="0.008" /><testcase classname="skyspy.tests.e2e.test_e2e_system.TestSystemPermissionChecks" name="test_health_check_is_public" time="0.004" /><testcase classname="skyspy.tests.e2e.test_e2e_system.TestSystemPermissionChecks" name="test_metrics_requires_system_view_metrics_permission" time="0.020" /><testcase classname="skyspy.tests.e2e.test_e2e_system.TestSystemPermissionChecks" name="test_detailed_stats_require_system_manage_permission" time="0.026" /><testcase classname="skyspy.tests.e2e.test_e2e_system.TestSystemPermissionChecks" name="test_status_endpoint_respects_feature_access_config" time="0.039" /><testcase classname="skyspy.tests.e2e.test_e2e_system.TestSystemPermissionChecks" name="test_viewer_can_access_basic_status" time="0.029" /><testcase classname="skyspy.tests.e2e.test_e2e_system.TestSystemPermissionChecks" name="test_viewer_can_access_system_info" time="0.007" /><testcase classname="skyspy.tests.e2e.test_e2e_system.TestSystemPermissionChecks" name="test_operator_can_access_system_endpoints" time="0.029" /><testcase classname="skyspy.tests.e2e.test_e2e_system.TestSystemPermissionChecks" name="test_admin_can_access_all_system_endpoints" time="0.029" /><testcase classname="skyspy.tests.e2e.test_e2e_system.TestSystemErrorHandling" name="test_graceful_degradation_when_cache_unavailable" time="0.004" /><testcase classname="skyspy.tests.e2e.test_e2e_system.TestSystemErrorHandling" name="test_partial_status_when_some_components_fail" time="0.023" /><testcase classname="skyspy.tests.e2e.test_e2e_system.TestSystemErrorHandling" name="test_proper_error_messages_on_service_failure" time="0.003" /><testcase classname="skyspy.tests.e2e.test_e2e_system.TestSystemErrorHandling" name="test_health_check_reports_degraded_state" time="0.003" /><testcase classname="skyspy.tests.e2e.test_e2e_system.TestSystemErrorHandling" name="test_status_returns_valid_json_even_with_errors" time="0.032" /><testcase classname="skyspy.tests.e2e.test_e2e_system.TestSystemErrorHandling" name="test_database_query_timeout_handling" time="0.005" /><testcase classname="skyspy.tests.e2e.test_e2e_system.TestSystemIntegration" name="test_all_system_endpoints_return_json" time="0.033" /><testcase classname="skyspy.tests.e2e.test_e2e_system.TestSystemIntegration" name="test_version_consistent_across_endpoints" time="0.032" /><testcase classname="skyspy.tests.e2e.test_e2e_system.TestSystemIntegration" name="test_health_and_status_correlation" time="0.029" /><testcase classname="skyspy.tests.e2e.test_e2e_system.TestSystemIntegration" name="test_options_request_for_cors" time="0.003" /><testcase classname="skyspy.tests.e2e.test_e2e_system.TestSystemIntegration" name="test_head_request_returns_headers_only" time="0.005" /><testcase classname="skyspy.tests.e2e.test_e2e_system.TestSystemIntegration" name="test_cache_state_reflected_in_status" time="0.023" /><testcase classname="skyspy.tests.e2e.test_e2e_system.TestAuthModeBehavior" name="test_public_mode_allows_all_status_access" time="0.027" /><testcase classname="skyspy.tests.e2e.test_e2e_system.TestAuthModeBehavior" name="test_hybrid_mode_health_always_public" time="0.004" /><testcase classname="skyspy.tests.e2e.test_e2e_system.TestAuthModeBehavior" name="test_authenticated_mode_requires_auth_for_detailed_stats" time="0.004" /><testcase classname="skyspy.tests.e2e.test_e2e_system.TestAPIKeySystemAccess" name="test_api_key_can_access_status" time="0.030" /><testcase classname="skyspy.tests.e2e.test_e2e_system.TestAPIKeySystemAccess" name="test_api_key_can_access_health" time="0.009" /><testcase classname="skyspy.tests.e2e.test_e2e_system.TestAPIKeySystemAccess" name="test_api_key_can_access_info" time="0.008" /><testcase classname="skyspy.tests.e2e.test_e2e_system.TestSystemPerformance" name="test_health_check_response_time" time="0.004" /><testcase classname="skyspy.tests.e2e.test_e2e_system.TestSystemPerformance" name="test_status_endpoint_response_time" time="0.021" /><testcase classname="skyspy.tests.e2e.test_e2e_system.TestSystemPerformance" name="test_health_check_under_load" time="0.011" /><testcase classname="skyspy.tests.e2e.test_e2e_system.TestSystemEdgeCases" name="test_empty_database_status" time="0.080" /><testcase classname="skyspy.tests.e2e.test_e2e_system.TestSystemEdgeCases" name="test_status_with_null_location" time="0.029" /><testcase classname="skyspy.tests.e2e.test_e2e_system.TestSystemEdgeCases" name="test_health_check_with_invalid_method" time="0.006" /><testcase classname="skyspy.tests.e2e.test_e2e_system.TestSystemEdgeCases" name="test_system_endpoints_handle_unicode" time="0.004" /><testcase classname="skyspy.tests.test_acars_decoder.AirlineLookupTests" name="test_find_airline_by_iata_american" time="0.005" /><testcase classname="skyspy.tests.test_acars_decoder.AirlineLookupTests" name="test_find_airline_by_iata_delta" time="0.008" /><testcase classname="skyspy.tests.test_acars_decoder.AirlineLookupTests" name="test_find_airline_by_iata_unknown" time="0.008"><failure message="AssertionError: 'GFY' != 'XX'&#10;- GFY&#10;+ XX">/Users/maxwatermolen/source/skyspy/skyspy_django/skyspy/tests/test_acars_decoder.py:113: in test_find_airline_by_iata_unknown
    ???
E   AssertionError: 'GFY' != 'XX'
E   - GFY
E   + XX</failure></testcase><testcase classname="skyspy.tests.test_acars_decoder.AirlineLookupTests" name="test_find_airline_by_icao_american" time="0.007" /><testcase classname="skyspy.tests.test_acars_decoder.AirlineLookupTests" name="test_find_airline_by_icao_cargo" time="0.004"><failure message="AssertionError: 'Federal Express' != 'FedEx Express'&#10;- Federal Express&#10;?    ^^^^&#10;+ FedEx Express&#10;?    ^^">/Users/maxwatermolen/source/skyspy/skyspy_django/skyspy/tests/test_acars_decoder.py:78: in test_find_airline_by_icao_cargo
    ???
E   AssertionError: 'Federal Express' != 'FedEx Express'
E   - Federal Express
E   ?    ^^^^
E   + FedEx Express
E   ?    ^^</failure></testcase><testcase classname="skyspy.tests.test_acars_decoder.AirlineLookupTests" name="test_find_airline_by_icao_delta" time="0.004" /><testcase classname="skyspy.tests.test_acars_decoder.AirlineLookupTests" name="test_find_airline_by_icao_international" time="0.007" /><testcase classname="skyspy.tests.test_acars_decoder.AirlineLookupTests" name="test_find_airline_by_icao_southwest" time="0.004" /><testcase classname="skyspy.tests.test_acars_decoder.AirlineLookupTests" name="test_find_airline_by_icao_united" time="0.004" /><testcase classname="skyspy.tests.test_acars_decoder.AirlineLookupTests" name="test_find_airline_by_icao_unknown" time="0.005"><failure message="AssertionError: 'Island Air Express' != 'Unknown Airline'&#10;- Island Air Express&#10;+ Unknown Airline">/Users/maxwatermolen/source/skyspy/skyspy_django/skyspy/tests/test_acars_decoder.py:89: in test_find_airline_by_icao_unknown
    ???
E   AssertionError: 'Island Air Express' != 'Unknown Airline'
E   - Island Air Express
E   + Unknown Airline</failure></testcase><testcase classname="skyspy.tests.test_acars_decoder.LabelLookupTests" name="test_get_label_name_known" time="0.004" /><testcase classname="skyspy.tests.test_acars_decoder.LabelLookupTests" name="test_get_label_name_unknown" time="0.002" /><testcase classname="skyspy.tests.test_acars_decoder.LabelLookupTests" name="test_lookup_label_datalink" time="0.002" /><testcase classname="skyspy.tests.test_acars_decoder.LabelLookupTests" name="test_lookup_label_oooi_in" time="0.002" /><testcase classname="skyspy.tests.test_acars_decoder.LabelLookupTests" name="test_lookup_label_oooi_off" time="0.002" /><testcase classname="skyspy.tests.test_acars_decoder.LabelLookupTests" name="test_lookup_label_oooi_on" time="0.002" /><testcase classname="skyspy.tests.test_acars_decoder.LabelLookupTests" name="test_lookup_label_oooi_out" time="0.002" /><testcase classname="skyspy.tests.test_acars_decoder.LabelLookupTests" name="test_lookup_label_unknown" time="0.002" /><testcase classname="skyspy.tests.test_acars_decoder.LabelLookupTests" name="test_lookup_label_weather" time="0.003" /><testcase classname="skyspy.tests.test_acars_decoder.CallsignParsingTests" name="test_parse_callsign_airline_only" time="0.007" /><testcase classname="skyspy.tests.test_acars_decoder.CallsignParsingTests" name="test_parse_callsign_cache_hit" time="0.005" /><testcase classname="skyspy.tests.test_acars_decoder.CallsignParsingTests" name="test_parse_callsign_empty" time="0.002" /><testcase classname="skyspy.tests.test_acars_decoder.CallsignParsingTests" name="test_parse_callsign_iata_format_american" time="0.004" /><testcase classname="skyspy.tests.test_acars_decoder.CallsignParsingTests" name="test_parse_callsign_iata_format_unknown" time="0.005"><failure message="AssertionError: 'GFY' is not None">/Users/maxwatermolen/source/skyspy/skyspy_django/skyspy/tests/test_acars_decoder.py:250: in test_parse_callsign_iata_format_unknown
    ???
E   AssertionError: 'GFY' is not None</failure></testcase><testcase classname="skyspy.tests.test_acars_decoder.CallsignParsingTests" name="test_parse_callsign_icao_format_american" time="0.006" /><testcase classname="skyspy.tests.test_acars_decoder.CallsignParsingTests" name="test_parse_callsign_icao_format_leading_zeros" time="0.005" /><testcase classname="skyspy.tests.test_acars_decoder.CallsignParsingTests" name="test_parse_callsign_icao_format_united" time="0.005" /><testcase classname="skyspy.tests.test_acars_decoder.CallsignParsingTests" name="test_parse_callsign_icao_format_unknown_airline" time="0.004"><failure message="AssertionError: 'Island Air Express' is not None">/Users/maxwatermolen/source/skyspy/skyspy_django/skyspy/tests/test_acars_decoder.py:225: in test_parse_callsign_icao_format_unknown_airline
    ???
E   AssertionError: 'Island Air Express' is not None</failure></testcase><testcase classname="skyspy.tests.test_acars_decoder.CallsignParsingTests" name="test_parse_callsign_lowercase_normalized" time="0.004" /><testcase classname="skyspy.tests.test_acars_decoder.CallsignParsingTests" name="test_parse_callsign_none" time="0.002" /><testcase classname="skyspy.tests.test_acars_decoder.CallsignParsingTests" name="test_parse_callsign_short" time="0.004" /><testcase classname="skyspy.tests.test_acars_decoder.CallsignParsingTests" name="test_parse_callsign_with_whitespace" time="0.005" /><testcase classname="skyspy.tests.test_acars_decoder.DecodeLabelTests" name="test_decode_label_empty" time="0.004" /><testcase classname="skyspy.tests.test_acars_decoder.DecodeLabelTests" name="test_decode_label_known" time="0.002" /><testcase classname="skyspy.tests.test_acars_decoder.DecodeLabelTests" name="test_decode_label_none" time="0.002" /><testcase classname="skyspy.tests.test_acars_decoder.DecodeLabelTests" name="test_decode_label_unknown" time="0.002" /><testcase classname="skyspy.tests.test_acars_decoder.DecodeLabelTests" name="test_decode_label_with_whitespace" time="0.002" /><testcase classname="skyspy.tests.test_acars_decoder.CoordinateValidationTests" name="test_validate_coordinates_invalid_latitude" time="0.003" /><testcase classname="skyspy.tests.test_acars_decoder.CoordinateValidationTests" name="test_validate_coordinates_invalid_longitude" time="0.004" /><testcase classname="skyspy.tests.test_acars_decoder.CoordinateValidationTests" name="test_validate_coordinates_valid" time="0.003" /><testcase classname="skyspy.tests.test_acars_decoder.CoordinateParsingTests" name="test_parse_coordinates_empty_text" time="0.005" /><testcase classname="skyspy.tests.test_acars_decoder.CoordinateParsingTests" name="test_parse_coordinates_format1_north_west" time="0.003" /><testcase classname="skyspy.tests.test_acars_decoder.CoordinateParsingTests" name="test_parse_coordinates_format1_south_east" time="0.002" /><testcase classname="skyspy.tests.test_acars_decoder.CoordinateParsingTests" name="test_parse_coordinates_format2_decimal_degrees" time="0.002" /><testcase classname="skyspy.tests.test_acars_decoder.CoordinateParsingTests" name="test_parse_coordinates_invalid_range" time="0.002" /><testcase classname="skyspy.tests.test_acars_decoder.CoordinateParsingTests" name="test_parse_coordinates_no_coordinates" time="0.003" /><testcase classname="skyspy.tests.test_acars_decoder.H1MessageDecodingTests" name="test_decode_h1_empty" time="0.003" /><testcase classname="skyspy.tests.test_acars_decoder.H1MessageDecodingTests" name="test_decode_h1_flight_plan" time="0.003" /><testcase classname="skyspy.tests.test_acars_decoder.H1MessageDecodingTests" name="test_decode_h1_position_report" time="0.002" /><testcase classname="skyspy.tests.test_acars_decoder.H1MessageDecodingTests" name="test_decode_h1_progress_report" time="0.002" /><testcase classname="skyspy.tests.test_acars_decoder.H1MessageDecodingTests" name="test_decode_h1_unknown_format" time="0.003" /><testcase classname="skyspy.tests.test_acars_decoder.MessageTextDecodingTests" name="test_decode_empty_text" time="0.005" /><testcase classname="skyspy.tests.test_acars_decoder.MessageTextDecodingTests" name="test_decode_extracts_airport_codes" time="0.003" /><testcase classname="skyspy.tests.test_acars_decoder.MessageTextDecodingTests" name="test_decode_filters_invalid_airport_codes" time="0.003" /><testcase classname="skyspy.tests.test_acars_decoder.MessageTextDecodingTests" name="test_decode_ground_station_squitter" time="0.002" /><testcase classname="skyspy.tests.test_acars_decoder.MessageTextDecodingTests" name="test_decode_h1_via_main_decoder" time="0.003" /><testcase classname="skyspy.tests.test_acars_decoder.MessageTextDecodingTests" name="test_decode_oooi_event_in" time="0.002" /><testcase classname="skyspy.tests.test_acars_decoder.MessageTextDecodingTests" name="test_decode_oooi_event_off" time="0.002" /><testcase classname="skyspy.tests.test_acars_decoder.MessageTextDecodingTests" name="test_decode_oooi_event_on" time="0.002" /><testcase classname="skyspy.tests.test_acars_decoder.MessageTextDecodingTests" name="test_decode_oooi_event_out" time="0.002" /><testcase classname="skyspy.tests.test_acars_decoder.MessageTextDecodingTests" name="test_decode_preserves_libacars_data" time="0.002" /><testcase classname="skyspy.tests.test_acars_decoder.MessageTextDecodingTests" name="test_decode_weather_metar" time="0.003" /><testcase classname="skyspy.tests.test_acars_decoder.MessageTextDecodingTests" name="test_decode_weather_taf" time="0.004" /><testcase classname="skyspy.tests.test_acars_decoder.EnrichMessageTests" name="test_enrich_basic_message" time="0.005" /><testcase classname="skyspy.tests.test_acars_decoder.EnrichMessageTests" name="test_enrich_message_empty_text" time="0.002" /><testcase classname="skyspy.tests.test_acars_decoder.EnrichMessageTests" name="test_enrich_message_preserves_all_original_fields" time="0.003" /><testcase classname="skyspy.tests.test_acars_decoder.EnrichMessageTests" name="test_enrich_message_with_decoded_text" time="0.002" /><testcase classname="skyspy.tests.test_acars_decoder.EnrichMessageTests" name="test_enrich_message_without_callsign" time="0.002" /><testcase classname="skyspy.tests.test_acars_decoder.EnrichMessageTests" name="test_enrich_message_without_label" time="0.003" /><testcase classname="skyspy.tests.test_acars_decoder.EdgeCaseTests" name="test_airport_codes_exclude_common_words" time="0.004" /><testcase classname="skyspy.tests.test_acars_decoder.EdgeCaseTests" name="test_airport_codes_international_regions" time="0.002" /><testcase classname="skyspy.tests.test_acars_decoder.EdgeCaseTests" name="test_decode_message_unicode_text" time="0.003" /><testcase classname="skyspy.tests.test_acars_decoder.EdgeCaseTests" name="test_decode_message_very_long_text" time="0.002" /><testcase classname="skyspy.tests.test_acars_decoder.EdgeCaseTests" name="test_enrich_message_does_not_modify_original" time="0.002" /><testcase classname="skyspy.tests.test_acars_decoder.EdgeCaseTests" name="test_h1_message_with_route_waypoints" time="0.002" /><testcase classname="skyspy.tests.test_acars_decoder.EdgeCaseTests" name="test_multiple_weather_labels" time="0.002" /><testcase classname="skyspy.tests.test_acars_decoder.EdgeCaseTests" name="test_oooi_label_80" time="0.002" /><testcase classname="skyspy.tests.test_acars_decoder.EdgeCaseTests" name="test_parse_callsign_alphanumeric_iata" time="0.003" /><testcase classname="skyspy.tests.test_acars_decoder.EdgeCaseTests" name="test_parse_callsign_numbers_only" time="0.002" /><testcase classname="skyspy.tests.test_acars_decoder.EdgeCaseTests" name="test_parse_callsign_special_characters" time="0.005" /><testcase classname="skyspy.tests.test_api_aircraft.AircraftListViewTests" name="test_list_aircraft_data_preserved" time="0.005" /><testcase classname="skyspy.tests.test_api_aircraft.AircraftListViewTests" name="test_list_empty_cache" time="0.003" /><testcase classname="skyspy.tests.test_api_aircraft.AircraftListViewTests" name="test_list_response_structure" time="0.003" /><testcase classname="skyspy.tests.test_api_aircraft.AircraftListViewTests" name="test_list_returns_200" time="0.003" /><testcase classname="skyspy.tests.test_api_aircraft.AircraftListViewTests" name="test_list_timestamp_format" time="0.003" /><testcase classname="skyspy.tests.test_api_aircraft.AircraftListViewTests" name="test_list_with_cached_aircraft" time="0.004" /><testcase classname="skyspy.tests.test_api_aircraft.AircraftRetrieveViewTests" name="test_retrieve_404_error_message" time="0.005" /><testcase classname="skyspy.tests.test_api_aircraft.AircraftRetrieveViewTests" name="test_retrieve_aircraft_data" time="0.004" /><testcase classname="skyspy.tests.test_api_aircraft.AircraftRetrieveViewTests" name="test_retrieve_by_icao_hex" time="0.003" /><testcase classname="skyspy.tests.test_api_aircraft.AircraftRetrieveViewTests" name="test_retrieve_case_sensitive" time="0.003" /><testcase classname="skyspy.tests.test_api_aircraft.AircraftRetrieveViewTests" name="test_retrieve_existing_aircraft" time="0.003" /><testcase classname="skyspy.tests.test_api_aircraft.AircraftRetrieveViewTests" name="test_retrieve_from_multiple_aircraft" time="0.003" /><testcase classname="skyspy.tests.test_api_aircraft.AircraftRetrieveViewTests" name="test_retrieve_nonexistent_aircraft" time="0.004" /><testcase classname="skyspy.tests.test_api_aircraft.AircraftTopViewTests" name="test_top_climbing_only_positive" time="0.004" /><testcase classname="skyspy.tests.test_api_aircraft.AircraftTopViewTests" name="test_top_closest_sorted" time="0.002" /><testcase classname="skyspy.tests.test_api_aircraft.AircraftTopViewTests" name="test_top_default_limit" time="0.003" /><testcase classname="skyspy.tests.test_api_aircraft.AircraftTopViewTests" name="test_top_empty_cache" time="0.003" /><testcase classname="skyspy.tests.test_api_aircraft.AircraftTopViewTests" name="test_top_fastest_sorted" time="0.003" /><testcase classname="skyspy.tests.test_api_aircraft.AircraftTopViewTests" name="test_top_highest_sorted" time="0.003" /><testcase classname="skyspy.tests.test_api_aircraft.AircraftTopViewTests" name="test_top_limit_parameter" time="0.003" /><testcase classname="skyspy.tests.test_api_aircraft.AircraftTopViewTests" name="test_top_military_filtered" time="0.003" /><testcase classname="skyspy.tests.test_api_aircraft.AircraftTopViewTests" name="test_top_requires_position" time="0.003" /><testcase classname="skyspy.tests.test_api_aircraft.AircraftTopViewTests" name="test_top_response_structure" time="0.002" /><testcase classname="skyspy.tests.test_api_aircraft.AircraftTopViewTests" name="test_top_returns_200" time="0.003" /><testcase classname="skyspy.tests.test_api_aircraft.AircraftStatsViewTests" name="test_stats_altitude_bands" time="0.004" /><testcase classname="skyspy.tests.test_api_aircraft.AircraftStatsViewTests" name="test_stats_categories" time="0.002" /><testcase classname="skyspy.tests.test_api_aircraft.AircraftStatsViewTests" name="test_stats_counts" time="0.003" /><testcase classname="skyspy.tests.test_api_aircraft.AircraftStatsViewTests" name="test_stats_emergency_squawks" time="0.003" /><testcase classname="skyspy.tests.test_api_aircraft.AircraftStatsViewTests" name="test_stats_empty_cache" time="0.004" /><testcase classname="skyspy.tests.test_api_aircraft.AircraftStatsViewTests" name="test_stats_messages_count" time="0.003" /><testcase classname="skyspy.tests.test_api_aircraft.AircraftStatsViewTests" name="test_stats_response_structure" time="0.003" /><testcase classname="skyspy.tests.test_api_aircraft.AircraftStatsViewTests" name="test_stats_returns_200" time="0.004" /><testcase classname="skyspy.tests.test_api_aircraft.UATAircraftViewTests" name="test_uat_empty_cache" time="0.004" /><testcase classname="skyspy.tests.test_api_aircraft.UATAircraftViewTests" name="test_uat_response_structure" time="0.003" /><testcase classname="skyspy.tests.test_api_aircraft.UATAircraftViewTests" name="test_uat_returns_200" time="0.003" /><testcase classname="skyspy.tests.test_api_aircraft.UATAircraftViewTests" name="test_uat_separate_from_1090" time="0.004" /><testcase classname="skyspy.tests.test_api_aircraft.UATAircraftViewTests" name="test_uat_with_cached_aircraft" time="0.004" /><testcase classname="skyspy.tests.test_api_aircraft.AircraftEndpointsIntegrationTests" name="test_all_endpoints_return_json" time="0.007" /><testcase classname="skyspy.tests.test_api_aircraft.AircraftEndpointsIntegrationTests" name="test_list_and_retrieve_consistency" time="0.004" /><testcase classname="skyspy.tests.test_api_aircraft.AircraftEndpointsIntegrationTests" name="test_no_authentication_required" time="0.004" /><testcase classname="skyspy.tests.test_api_aircraft.AircraftEndpointsIntegrationTests" name="test_stats_matches_list" time="0.003" /><testcase classname="skyspy.tests.test_api_aircraft.AircraftEndpointsIntegrationTests" name="test_top_aircraft_in_list" time="0.004" /><testcase classname="skyspy.tests.test_api_alerts.AlertRuleListViewTests" name="test_list_empty" time="0.009" /><testcase classname="skyspy.tests.test_api_alerts.AlertRuleListViewTests" name="test_list_filter_by_enabled" time="0.015" /><testcase classname="skyspy.tests.test_api_alerts.AlertRuleListViewTests" name="test_list_filter_by_priority" time="0.013" /><testcase classname="skyspy.tests.test_api_alerts.AlertRuleListViewTests" name="test_list_filter_by_rule_type" time="0.016" /><testcase classname="skyspy.tests.test_api_alerts.AlertRuleListViewTests" name="test_list_returns_200" time="0.007" /><testcase classname="skyspy.tests.test_api_alerts.AlertRuleListViewTests" name="test_list_rule_structure" time="0.012" /><testcase classname="skyspy.tests.test_api_alerts.AlertRuleListViewTests" name="test_list_with_rules" time="0.014" /><testcase classname="skyspy.tests.test_api_alerts.AlertRuleCreateViewTests" name="test_create_default_values" time="0.012" /><testcase classname="skyspy.tests.test_api_alerts.AlertRuleCreateViewTests" name="test_create_invalid_priority" time="0.005" /><testcase classname="skyspy.tests.test_api_alerts.AlertRuleCreateViewTests" name="test_create_missing_name" time="0.004" /><testcase classname="skyspy.tests.test_api_alerts.AlertRuleCreateViewTests" name="test_create_returns_rule" time="0.010" /><testcase classname="skyspy.tests.test_api_alerts.AlertRuleCreateViewTests" name="test_create_rule_persisted" time="0.010" /><testcase classname="skyspy.tests.test_api_alerts.AlertRuleCreateViewTests" name="test_create_simple_rule" time="0.010" /><testcase classname="skyspy.tests.test_api_alerts.AlertRuleCreateViewTests" name="test_create_with_all_fields" time="0.010" /><testcase classname="skyspy.tests.test_api_alerts.AlertRuleCreateViewTests" name="test_create_with_complex_conditions" time="0.010" /><testcase classname="skyspy.tests.test_api_alerts.AlertRuleRetrieveViewTests" name="test_retrieve_existing_rule" time="0.016" /><testcase classname="skyspy.tests.test_api_alerts.AlertRuleRetrieveViewTests" name="test_retrieve_nonexistent_rule" time="0.010" /><testcase classname="skyspy.tests.test_api_alerts.AlertRuleRetrieveViewTests" name="test_retrieve_rule_data" time="0.018" /><testcase classname="skyspy.tests.test_api_alerts.AlertRuleUpdateViewTests" name="test_full_update" time="0.014" /><testcase classname="skyspy.tests.test_api_alerts.AlertRuleUpdateViewTests" name="test_partial_update" time="0.010" /><testcase classname="skyspy.tests.test_api_alerts.AlertRuleUpdateViewTests" name="test_update_enabled_status" time="0.011" /><testcase classname="skyspy.tests.test_api_alerts.AlertRuleUpdateViewTests" name="test_update_nonexistent_rule" time="0.007" /><testcase classname="skyspy.tests.test_api_alerts.AlertRuleUpdateViewTests" name="test_update_persisted" time="0.009" /><testcase classname="skyspy.tests.test_api_alerts.AlertRuleUpdateViewTests" name="test_update_priority" time="0.012" /><testcase classname="skyspy.tests.test_api_alerts.AlertRuleDeleteViewTests" name="test_delete_nonexistent_rule" time="0.013" /><testcase classname="skyspy.tests.test_api_alerts.AlertRuleDeleteViewTests" name="test_delete_removes_from_db" time="0.011" /><testcase classname="skyspy.tests.test_api_alerts.AlertRuleDeleteViewTests" name="test_delete_rule" time="0.012" /><testcase classname="skyspy.tests.test_api_alerts.AlertRuleDeleteViewTests" name="test_delete_twice" time="0.018" /><testcase classname="skyspy.tests.test_api_alerts.AlertRuleToggleViewTests" name="test_toggle_disabled_to_enabled" time="0.019" /><testcase classname="skyspy.tests.test_api_alerts.AlertRuleToggleViewTests" name="test_toggle_enabled_to_disabled" time="0.013" /><testcase classname="skyspy.tests.test_api_alerts.AlertRuleToggleViewTests" name="test_toggle_nonexistent_rule" time="0.009" /><testcase classname="skyspy.tests.test_api_alerts.AlertRuleToggleViewTests" name="test_toggle_returns_updated_rule" time="0.013" /><testcase classname="skyspy.tests.test_api_alerts.AlertRuleToggleViewTests" name="test_toggle_twice_returns_to_original" time="0.017" /><testcase classname="skyspy.tests.test_api_alerts.AlertHistoryListViewTests" name="test_list_empty" time="0.009" /><testcase classname="skyspy.tests.test_api_alerts.AlertHistoryListViewTests" name="test_list_filter_by_icao" time="0.014" /><testcase classname="skyspy.tests.test_api_alerts.AlertHistoryListViewTests" name="test_list_filter_by_priority" time="0.012" /><testcase classname="skyspy.tests.test_api_alerts.AlertHistoryListViewTests" name="test_list_ordered_by_time" time="0.012" /><testcase classname="skyspy.tests.test_api_alerts.AlertHistoryListViewTests" name="test_list_returns_200" time="0.008" /><testcase classname="skyspy.tests.test_api_alerts.AlertHistoryListViewTests" name="test_list_time_filter" time="0.012" /><testcase classname="skyspy.tests.test_api_alerts.AlertHistoryListViewTests" name="test_list_with_history" time="0.011" /><testcase classname="skyspy.tests.test_api_alerts.AlertHistoryClearViewTests" name="test_clear_deletes_all" time="0.019" /><testcase classname="skyspy.tests.test_api_alerts.AlertHistoryClearViewTests" name="test_clear_does_not_affect_rules" time="0.013" /><testcase classname="skyspy.tests.test_api_alerts.AlertHistoryClearViewTests" name="test_clear_empty_history" time="0.011" /><testcase classname="skyspy.tests.test_api_alerts.AlertHistoryClearViewTests" name="test_clear_returns_200" time="0.027" /><testcase classname="skyspy.tests.test_api_alerts.AlertHistoryClearViewTests" name="test_clear_returns_count" time="0.027" /><testcase classname="skyspy.tests.test_api_alerts.AlertsIntegrationTests" name="test_all_endpoints_return_json" time="0.029" /><testcase classname="skyspy.tests.test_api_alerts.AlertsIntegrationTests" name="test_crud_workflow" time="0.029" /><testcase classname="skyspy.tests.test_api_alerts.AlertsIntegrationTests" name="test_history_linked_to_rule" time="0.024" /><testcase classname="skyspy.tests.test_api_alerts.AlertsIntegrationTests" name="test_no_authentication_required" time="0.023" /><testcase classname="skyspy.tests.test_api_history.SightingViewSetTests" name="test_list_empty" time="0.734" /><testcase classname="skyspy.tests.test_api_history.SightingViewSetTests" name="test_list_filter_by_callsign" time="0.171" /><testcase classname="skyspy.tests.test_api_history.SightingViewSetTests" name="test_list_filter_by_icao" time="0.232" /><testcase classname="skyspy.tests.test_api_history.SightingViewSetTests" name="test_list_filter_by_military" time="0.194" /><testcase classname="skyspy.tests.test_api_history.SightingViewSetTests" name="test_list_large_result_set" time="0.416" /><testcase classname="skyspy.tests.test_api_history.SightingViewSetTests" name="test_list_ordered_by_timestamp" time="0.236" /><testcase classname="skyspy.tests.test_api_history.SightingViewSetTests" name="test_list_read_only" time="0.180" /><testcase classname="skyspy.tests.test_api_history.SightingViewSetTests" name="test_list_returns_200" time="0.271" /><testcase classname="skyspy.tests.test_api_history.SightingViewSetTests" name="test_list_sighting_structure" time="0.372" /><testcase classname="skyspy.tests.test_api_history.SightingViewSetTests" name="test_list_time_filter" time="0.376" /><testcase classname="skyspy.tests.test_api_history.SightingViewSetTests" name="test_list_with_sightings" time="0.295" /><testcase classname="skyspy.tests.test_api_history.SightingRetrieveTests" name="test_retrieve_existing_sighting" time="0.172" /><testcase classname="skyspy.tests.test_api_history.SightingRetrieveTests" name="test_retrieve_nonexistent_sighting" time="0.382" /><testcase classname="skyspy.tests.test_api_history.SightingRetrieveTests" name="test_retrieve_sighting_data" time="0.527" /><testcase classname="skyspy.tests.test_api_history.SessionViewSetTests" name="test_list_duration_calculation" time="0.079" /><testcase classname="skyspy.tests.test_api_history.SessionViewSetTests" name="test_list_empty" time="0.045" /><testcase classname="skyspy.tests.test_api_history.SessionViewSetTests" name="test_list_filter_by_icao" time="0.064" /><testcase classname="skyspy.tests.test_api_history.SessionViewSetTests" name="test_list_filter_military_only" time="0.048" /><testcase classname="skyspy.tests.test_api_history.SessionViewSetTests" name="test_list_ordered_by_last_seen" time="0.050" /><testcase classname="skyspy.tests.test_api_history.SessionViewSetTests" name="test_list_read_only" time="0.043" /><testcase classname="skyspy.tests.test_api_history.SessionViewSetTests" name="test_list_returns_200" time="0.046" /><testcase classname="skyspy.tests.test_api_history.SessionViewSetTests" name="test_list_session_structure" time="0.051" /><testcase classname="skyspy.tests.test_api_history.SessionViewSetTests" name="test_list_time_filter" time="0.052" /><testcase classname="skyspy.tests.test_api_history.SessionViewSetTests" name="test_list_with_sessions" time="0.046" /><testcase classname="skyspy.tests.test_api_history.SessionRetrieveTests" name="test_retrieve_existing_session" time="0.065" /><testcase classname="skyspy.tests.test_api_history.SessionRetrieveTests" name="test_retrieve_nonexistent_session" time="0.049" /><testcase classname="skyspy.tests.test_api_history.SessionRetrieveTests" name="test_retrieve_session_data" time="0.047" /><testcase classname="skyspy.tests.test_api_history.HistoryStatsViewTests" name="test_stats_calculations" time="1.888"><failure message="django.db.utils.OperationalError: deadlock detected&#10;DETAIL:  Process 12511 waits for ShareLock on transaction 89611; blocked by process 13869.&#10;Process 13869 waits for ShareLock on transaction 89604; blocked by process 12511.&#10;HINT:  See server log for query details.&#10;CONTEXT:  while deleting tuple (0,1) in relation &quot;aircraft_sessions&quot;">/opt/venv/lib/python3.14/site-packages/django/db/backends/utils.py:105: in _execute
    return self.cursor.execute(sql, params)
           ^^^^^^^^^^^^^^^^^^^^^^^^^^^^^^^^
/opt/venv/lib/python3.14/site-packages/psycopg/cursor.py:117: in execute
    raise ex.with_traceback(None)
E   psycopg.errors.DeadlockDetected: deadlock detected
E   DETAIL:  Process 12511 waits for ShareLock on transaction 89611; blocked by process 13869.
E   Process 13869 waits for ShareLock on transaction 89604; blocked by process 12511.
E   HINT:  See server log for query details.
E   CONTEXT:  while deleting tuple (0,1) in relation "aircraft_sessions"

The above exception was the direct cause of the following exception:
/Users/maxwatermolen/source/skyspy/skyspy_django/skyspy/tests/test_api_history.py:453: in setUp
    ???
/opt/venv/lib/python3.14/site-packages/django/db/models/query.py:1201: in delete
    num_deleted, num_deleted_per_model = collector.delete()
                                         ^^^^^^^^^^^^^^^^^^
/opt/venv/lib/python3.14/site-packages/django/db/models/deletion.py:501: in delete
    count = query.delete_batch(pk_list, self.using)
            ^^^^^^^^^^^^^^^^^^^^^^^^^^^^^^^^^^^^^^^
/opt/venv/lib/python3.14/site-packages/django/db/models/sql/subqueries.py:42: in delete_batch
    num_deleted += self.do_query(
/opt/venv/lib/python3.14/site-packages/django/db/models/sql/subqueries.py:24: in do_query
    return self.get_compiler(using).execute_sql(ROW_COUNT)
           ^^^^^^^^^^^^^^^^^^^^^^^^^^^^^^^^^^^^^^^^^^^^^^^
/opt/venv/lib/python3.14/site-packages/django/db/models/sql/compiler.py:1623: in execute_sql
    cursor.execute(sql, params)
/opt/venv/lib/python3.14/site-packages/django/db/backends/utils.py:122: in execute
    return super().execute(sql, params)
           ^^^^^^^^^^^^^^^^^^^^^^^^^^^^
/opt/venv/lib/python3.14/site-packages/django/db/backends/utils.py:79: in execute
    return self._execute_with_wrappers(
/opt/venv/lib/python3.14/site-packages/django/db/backends/utils.py:92: in _execute_with_wrappers
    return executor(sql, params, many, context)
           ^^^^^^^^^^^^^^^^^^^^^^^^^^^^^^^^^^^^
/opt/venv/lib/python3.14/site-packages/django/db/backends/utils.py:100: in _execute
    with self.db.wrap_database_errors:
         ^^^^^^^^^^^^^^^^^^^^^^^^^^^^
/opt/venv/lib/python3.14/site-packages/django/db/utils.py:91: in __exit__
    raise dj_exc_value.with_traceback(traceback) from exc_value
/opt/venv/lib/python3.14/site-packages/django/db/backends/utils.py:105: in _execute
    return self.cursor.execute(sql, params)
           ^^^^^^^^^^^^^^^^^^^^^^^^^^^^^^^^
/opt/venv/lib/python3.14/site-packages/psycopg/cursor.py:117: in execute
    raise ex.with_traceback(None)
E   django.db.utils.OperationalError: deadlock detected
E   DETAIL:  Process 12511 waits for ShareLock on transaction 89611; blocked by process 13869.
E   Process 13869 waits for ShareLock on transaction 89604; blocked by process 12511.
E   HINT:  See server log for query details.
E   CONTEXT:  while deleting tuple (0,1) in relation "aircraft_sessions"</failure></testcase><testcase classname="skyspy.tests.test_api_history.HistoryStatsViewTests" name="test_stats_empty" time="1.426"><failure message="django.db.utils.OperationalError: deadlock detected&#10;DETAIL:  Process 12511 waits for ShareLock on transaction 89611; blocked by process 13869.&#10;Process 13869 waits for ShareLock on transaction 89619; blocked by process 12511.&#10;HINT:  See server log for query details.&#10;CONTEXT:  while deleting tuple (0,2) in relation &quot;aircraft_sessions&quot;">/opt/venv/lib/python3.14/site-packages/django/db/backends/utils.py:105: in _execute
    return self.cursor.execute(sql, params)
           ^^^^^^^^^^^^^^^^^^^^^^^^^^^^^^^^
/opt/venv/lib/python3.14/site-packages/psycopg/cursor.py:117: in execute
    raise ex.with_traceback(None)
E   psycopg.errors.DeadlockDetected: deadlock detected
E   DETAIL:  Process 12511 waits for ShareLock on transaction 89611; blocked by process 13869.
E   Process 13869 waits for ShareLock on transaction 89619; blocked by process 12511.
E   HINT:  See server log for query details.
E   CONTEXT:  while deleting tuple (0,2) in relation "aircraft_sessions"

The above exception was the direct cause of the following exception:
/Users/maxwatermolen/source/skyspy/skyspy_django/skyspy/tests/test_api_history.py:453: in setUp
    ???
/opt/venv/lib/python3.14/site-packages/django/db/models/query.py:1201: in delete
    num_deleted, num_deleted_per_model = collector.delete()
                                         ^^^^^^^^^^^^^^^^^^
/opt/venv/lib/python3.14/site-packages/django/db/models/deletion.py:501: in delete
    count = query.delete_batch(pk_list, self.using)
            ^^^^^^^^^^^^^^^^^^^^^^^^^^^^^^^^^^^^^^^
/opt/venv/lib/python3.14/site-packages/django/db/models/sql/subqueries.py:42: in delete_batch
    num_deleted += self.do_query(
/opt/venv/lib/python3.14/site-packages/django/db/models/sql/subqueries.py:24: in do_query
    return self.get_compiler(using).execute_sql(ROW_COUNT)
           ^^^^^^^^^^^^^^^^^^^^^^^^^^^^^^^^^^^^^^^^^^^^^^^
/opt/venv/lib/python3.14/site-packages/django/db/models/sql/compiler.py:1623: in execute_sql
    cursor.execute(sql, params)
/opt/venv/lib/python3.14/site-packages/django/db/backends/utils.py:122: in execute
    return super().execute(sql, params)
           ^^^^^^^^^^^^^^^^^^^^^^^^^^^^
/opt/venv/lib/python3.14/site-packages/django/db/backends/utils.py:79: in execute
    return self._execute_with_wrappers(
/opt/venv/lib/python3.14/site-packages/django/db/backends/utils.py:92: in _execute_with_wrappers
    return executor(sql, params, many, context)
           ^^^^^^^^^^^^^^^^^^^^^^^^^^^^^^^^^^^^
/opt/venv/lib/python3.14/site-packages/django/db/backends/utils.py:100: in _execute
    with self.db.wrap_database_errors:
         ^^^^^^^^^^^^^^^^^^^^^^^^^^^^
/opt/venv/lib/python3.14/site-packages/django/db/utils.py:91: in __exit__
    raise dj_exc_value.with_traceback(traceback) from exc_value
/opt/venv/lib/python3.14/site-packages/django/db/backends/utils.py:105: in _execute
    return self.cursor.execute(sql, params)
           ^^^^^^^^^^^^^^^^^^^^^^^^^^^^^^^^
/opt/venv/lib/python3.14/site-packages/psycopg/cursor.py:117: in execute
    raise ex.with_traceback(None)
E   django.db.utils.OperationalError: deadlock detected
E   DETAIL:  Process 12511 waits for ShareLock on transaction 89611; blocked by process 13869.
E   Process 13869 waits for ShareLock on transaction 89619; blocked by process 12511.
E   HINT:  See server log for query details.
E   CONTEXT:  while deleting tuple (0,2) in relation "aircraft_sessions"</failure></testcase><testcase classname="skyspy.tests.test_api_history.HistoryStatsViewTests" name="test_stats_response_structure" time="0.805" /><testcase classname="skyspy.tests.test_api_history.HistoryStatsViewTests" name="test_stats_returns_200" time="0.662" /><testcase classname="skyspy.tests.test_api_history.HistoryStatsViewTests" name="test_stats_time_filter" time="0.823" /><testcase classname="skyspy.tests.test_api_history.HistoryStatsViewTests" name="test_stats_with_data" time="1.324"><failure message="django.db.utils.OperationalError: deadlock detected&#10;DETAIL:  Process 12511 waits for ShareLock on transaction 89642; blocked by process 13869.&#10;Process 13869 waits for ShareLock on transaction 89643; blocked by process 12511.&#10;HINT:  See server log for query details.&#10;CONTEXT:  while deleting tuple (12,28) in relation &quot;aircraft_sessions&quot;">/opt/venv/lib/python3.14/site-packages/django/db/backends/utils.py:105: in _execute
    return self.cursor.execute(sql, params)
           ^^^^^^^^^^^^^^^^^^^^^^^^^^^^^^^^
/opt/venv/lib/python3.14/site-packages/psycopg/cursor.py:117: in execute
    raise ex.with_traceback(None)
E   psycopg.errors.DeadlockDetected: deadlock detected
E   DETAIL:  Process 12511 waits for ShareLock on transaction 89642; blocked by process 13869.
E   Process 13869 waits for ShareLock on transaction 89643; blocked by process 12511.
E   HINT:  See server log for query details.
E   CONTEXT:  while deleting tuple (12,28) in relation "aircraft_sessions"

The above exception was the direct cause of the following exception:
/Users/maxwatermolen/source/skyspy/skyspy_django/skyspy/tests/test_api_history.py:453: in setUp
    ???
/opt/venv/lib/python3.14/site-packages/django/db/models/query.py:1201: in delete
    num_deleted, num_deleted_per_model = collector.delete()
                                         ^^^^^^^^^^^^^^^^^^
/opt/venv/lib/python3.14/site-packages/django/db/models/deletion.py:501: in delete
    count = query.delete_batch(pk_list, self.using)
            ^^^^^^^^^^^^^^^^^^^^^^^^^^^^^^^^^^^^^^^
/opt/venv/lib/python3.14/site-packages/django/db/models/sql/subqueries.py:42: in delete_batch
    num_deleted += self.do_query(
/opt/venv/lib/python3.14/site-packages/django/db/models/sql/subqueries.py:24: in do_query
    return self.get_compiler(using).execute_sql(ROW_COUNT)
           ^^^^^^^^^^^^^^^^^^^^^^^^^^^^^^^^^^^^^^^^^^^^^^^
/opt/venv/lib/python3.14/site-packages/django/db/models/sql/compiler.py:1623: in execute_sql
    cursor.execute(sql, params)
/opt/venv/lib/python3.14/site-packages/django/db/backends/utils.py:122: in execute
    return super().execute(sql, params)
           ^^^^^^^^^^^^^^^^^^^^^^^^^^^^
/opt/venv/lib/python3.14/site-packages/django/db/backends/utils.py:79: in execute
    return self._execute_with_wrappers(
/opt/venv/lib/python3.14/site-packages/django/db/backends/utils.py:92: in _execute_with_wrappers
    return executor(sql, params, many, context)
           ^^^^^^^^^^^^^^^^^^^^^^^^^^^^^^^^^^^^
/opt/venv/lib/python3.14/site-packages/django/db/backends/utils.py:100: in _execute
    with self.db.wrap_database_errors:
         ^^^^^^^^^^^^^^^^^^^^^^^^^^^^
/opt/venv/lib/python3.14/site-packages/django/db/utils.py:91: in __exit__
    raise dj_exc_value.with_traceback(traceback) from exc_value
/opt/venv/lib/python3.14/site-packages/django/db/backends/utils.py:105: in _execute
    return self.cursor.execute(sql, params)
           ^^^^^^^^^^^^^^^^^^^^^^^^^^^^^^^^
/opt/venv/lib/python3.14/site-packages/psycopg/cursor.py:117: in execute
    raise ex.with_traceback(None)
E   django.db.utils.OperationalError: deadlock detected
E   DETAIL:  Process 12511 waits for ShareLock on transaction 89642; blocked by process 13869.
E   Process 13869 waits for ShareLock on transaction 89643; blocked by process 12511.
E   HINT:  See server log for query details.
E   CONTEXT:  while deleting tuple (12,28) in relation "aircraft_sessions"</failure></testcase><testcase classname="skyspy.tests.test_api_history.HistoryTrendsViewTests" name="test_trends_empty" time="0.705" /><testcase classname="skyspy.tests.test_api_history.HistoryTrendsViewTests" name="test_trends_interval_structure" time="0.793" /><testcase classname="skyspy.tests.test_api_history.HistoryTrendsViewTests" name="test_trends_response_structure" time="0.520" /><testcase classname="skyspy.tests.test_api_history.HistoryTrendsViewTests" name="test_trends_returns_200" time="0.502" /><testcase classname="skyspy.tests.test_api_history.HistoryTrendsViewTests" name="test_trends_summary_structure" time="0.317" /><testcase classname="skyspy.tests.test_api_history.HistoryTrendsViewTests" name="test_trends_with_data" time="0.569" /><testcase classname="skyspy.tests.test_api_history.HistoryTopPerformersViewTests" name="test_top_performers_empty" time="1.049"><failure message="django.db.utils.OperationalError: deadlock detected&#10;DETAIL:  Process 12511 waits for ShareLock on transaction 89669; blocked by process 12502.&#10;Process 12502 waits for ShareLock on transaction 89671; blocked by process 12511.&#10;HINT:  See server log for query details.&#10;CONTEXT:  while deleting tuple (2,51) in relation &quot;aircraft_sessions&quot;">/opt/venv/lib/python3.14/site-packages/django/db/backends/utils.py:105: in _execute
    return self.cursor.execute(sql, params)
           ^^^^^^^^^^^^^^^^^^^^^^^^^^^^^^^^
/opt/venv/lib/python3.14/site-packages/psycopg/cursor.py:117: in execute
    raise ex.with_traceback(None)
E   psycopg.errors.DeadlockDetected: deadlock detected
E   DETAIL:  Process 12511 waits for ShareLock on transaction 89669; blocked by process 12502.
E   Process 12502 waits for ShareLock on transaction 89671; blocked by process 12511.
E   HINT:  See server log for query details.
E   CONTEXT:  while deleting tuple (2,51) in relation "aircraft_sessions"

The above exception was the direct cause of the following exception:
/Users/maxwatermolen/source/skyspy/skyspy_django/skyspy/tests/test_api_history.py:686: in setUp
    ???
/opt/venv/lib/python3.14/site-packages/django/db/models/query.py:1201: in delete
    num_deleted, num_deleted_per_model = collector.delete()
                                         ^^^^^^^^^^^^^^^^^^
/opt/venv/lib/python3.14/site-packages/django/db/models/deletion.py:501: in delete
    count = query.delete_batch(pk_list, self.using)
            ^^^^^^^^^^^^^^^^^^^^^^^^^^^^^^^^^^^^^^^
/opt/venv/lib/python3.14/site-packages/django/db/models/sql/subqueries.py:42: in delete_batch
    num_deleted += self.do_query(
/opt/venv/lib/python3.14/site-packages/django/db/models/sql/subqueries.py:24: in do_query
    return self.get_compiler(using).execute_sql(ROW_COUNT)
           ^^^^^^^^^^^^^^^^^^^^^^^^^^^^^^^^^^^^^^^^^^^^^^^
/opt/venv/lib/python3.14/site-packages/django/db/models/sql/compiler.py:1623: in execute_sql
    cursor.execute(sql, params)
/opt/venv/lib/python3.14/site-packages/django/db/backends/utils.py:122: in execute
    return super().execute(sql, params)
           ^^^^^^^^^^^^^^^^^^^^^^^^^^^^
/opt/venv/lib/python3.14/site-packages/django/db/backends/utils.py:79: in execute
    return self._execute_with_wrappers(
/opt/venv/lib/python3.14/site-packages/django/db/backends/utils.py:92: in _execute_with_wrappers
    return executor(sql, params, many, context)
           ^^^^^^^^^^^^^^^^^^^^^^^^^^^^^^^^^^^^
/opt/venv/lib/python3.14/site-packages/django/db/backends/utils.py:100: in _execute
    with self.db.wrap_database_errors:
         ^^^^^^^^^^^^^^^^^^^^^^^^^^^^
/opt/venv/lib/python3.14/site-packages/django/db/utils.py:91: in __exit__
    raise dj_exc_value.with_traceback(traceback) from exc_value
/opt/venv/lib/python3.14/site-packages/django/db/backends/utils.py:105: in _execute
    return self.cursor.execute(sql, params)
           ^^^^^^^^^^^^^^^^^^^^^^^^^^^^^^^^
/opt/venv/lib/python3.14/site-packages/psycopg/cursor.py:117: in execute
    raise ex.with_traceback(None)
E   django.db.utils.OperationalError: deadlock detected
E   DETAIL:  Process 12511 waits for ShareLock on transaction 89669; blocked by process 12502.
E   Process 12502 waits for ShareLock on transaction 89671; blocked by process 12511.
E   HINT:  See server log for query details.
E   CONTEXT:  while deleting tuple (2,51) in relation "aircraft_sessions"</failure></testcase><testcase classname="skyspy.tests.test_api_history.HistoryTopPerformersViewTests" name="test_top_performers_entry_structure" time="1.028"><failure message="django.db.utils.OperationalError: deadlock detected&#10;DETAIL:  Process 12511 waits for ShareLock on transaction 89669; blocked by process 12502.&#10;Process 12502 waits for ShareLock on transaction 89678; blocked by process 12511.&#10;HINT:  See server log for query details.&#10;CONTEXT:  while deleting tuple (2,52) in relation &quot;aircraft_sessions&quot;">/opt/venv/lib/python3.14/site-packages/django/db/backends/utils.py:105: in _execute
    return self.cursor.execute(sql, params)
           ^^^^^^^^^^^^^^^^^^^^^^^^^^^^^^^^
/opt/venv/lib/python3.14/site-packages/psycopg/cursor.py:117: in execute
    raise ex.with_traceback(None)
E   psycopg.errors.DeadlockDetected: deadlock detected
E   DETAIL:  Process 12511 waits for ShareLock on transaction 89669; blocked by process 12502.
E   Process 12502 waits for ShareLock on transaction 89678; blocked by process 12511.
E   HINT:  See server log for query details.
E   CONTEXT:  while deleting tuple (2,52) in relation "aircraft_sessions"

The above exception was the direct cause of the following exception:
/Users/maxwatermolen/source/skyspy/skyspy_django/skyspy/tests/test_api_history.py:686: in setUp
    ???
/opt/venv/lib/python3.14/site-packages/django/db/models/query.py:1201: in delete
    num_deleted, num_deleted_per_model = collector.delete()
                                         ^^^^^^^^^^^^^^^^^^
/opt/venv/lib/python3.14/site-packages/django/db/models/deletion.py:501: in delete
    count = query.delete_batch(pk_list, self.using)
            ^^^^^^^^^^^^^^^^^^^^^^^^^^^^^^^^^^^^^^^
/opt/venv/lib/python3.14/site-packages/django/db/models/sql/subqueries.py:42: in delete_batch
    num_deleted += self.do_query(
/opt/venv/lib/python3.14/site-packages/django/db/models/sql/subqueries.py:24: in do_query
    return self.get_compiler(using).execute_sql(ROW_COUNT)
           ^^^^^^^^^^^^^^^^^^^^^^^^^^^^^^^^^^^^^^^^^^^^^^^
/opt/venv/lib/python3.14/site-packages/django/db/models/sql/compiler.py:1623: in execute_sql
    cursor.execute(sql, params)
/opt/venv/lib/python3.14/site-packages/django/db/backends/utils.py:122: in execute
    return super().execute(sql, params)
           ^^^^^^^^^^^^^^^^^^^^^^^^^^^^
/opt/venv/lib/python3.14/site-packages/django/db/backends/utils.py:79: in execute
    return self._execute_with_wrappers(
/opt/venv/lib/python3.14/site-packages/django/db/backends/utils.py:92: in _execute_with_wrappers
    return executor(sql, params, many, context)
           ^^^^^^^^^^^^^^^^^^^^^^^^^^^^^^^^^^^^
/opt/venv/lib/python3.14/site-packages/django/db/backends/utils.py:100: in _execute
    with self.db.wrap_database_errors:
         ^^^^^^^^^^^^^^^^^^^^^^^^^^^^
/opt/venv/lib/python3.14/site-packages/django/db/utils.py:91: in __exit__
    raise dj_exc_value.with_traceback(traceback) from exc_value
/opt/venv/lib/python3.14/site-packages/django/db/backends/utils.py:105: in _execute
    return self.cursor.execute(sql, params)
           ^^^^^^^^^^^^^^^^^^^^^^^^^^^^^^^^
/opt/venv/lib/python3.14/site-packages/psycopg/cursor.py:117: in execute
    raise ex.with_traceback(None)
E   django.db.utils.OperationalError: deadlock detected
E   DETAIL:  Process 12511 waits for ShareLock on transaction 89669; blocked by process 12502.
E   Process 12502 waits for ShareLock on transaction 89678; blocked by process 12511.
E   HINT:  See server log for query details.
E   CONTEXT:  while deleting tuple (2,52) in relation "aircraft_sessions"</failure></testcase><testcase classname="skyspy.tests.test_api_history.HistoryTopPerformersViewTests" name="test_top_performers_limit" time="1.034"><failure message="django.db.utils.OperationalError: deadlock detected&#10;DETAIL:  Process 12511 waits for ShareLock on transaction 89669; blocked by process 12502.&#10;Process 12502 waits for ShareLock on transaction 89688; blocked by process 12511.&#10;HINT:  See server log for query details.&#10;CONTEXT:  while deleting tuple (0,54) in relation &quot;aircraft_sessions&quot;">/opt/venv/lib/python3.14/site-packages/django/db/backends/utils.py:105: in _execute
    return self.cursor.execute(sql, params)
           ^^^^^^^^^^^^^^^^^^^^^^^^^^^^^^^^
/opt/venv/lib/python3.14/site-packages/psycopg/cursor.py:117: in execute
    raise ex.with_traceback(None)
E   psycopg.errors.DeadlockDetected: deadlock detected
E   DETAIL:  Process 12511 waits for ShareLock on transaction 89669; blocked by process 12502.
E   Process 12502 waits for ShareLock on transaction 89688; blocked by process 12511.
E   HINT:  See server log for query details.
E   CONTEXT:  while deleting tuple (0,54) in relation "aircraft_sessions"

The above exception was the direct cause of the following exception:
/Users/maxwatermolen/source/skyspy/skyspy_django/skyspy/tests/test_api_history.py:686: in setUp
    ???
/opt/venv/lib/python3.14/site-packages/django/db/models/query.py:1201: in delete
    num_deleted, num_deleted_per_model = collector.delete()
                                         ^^^^^^^^^^^^^^^^^^
/opt/venv/lib/python3.14/site-packages/django/db/models/deletion.py:501: in delete
    count = query.delete_batch(pk_list, self.using)
            ^^^^^^^^^^^^^^^^^^^^^^^^^^^^^^^^^^^^^^^
/opt/venv/lib/python3.14/site-packages/django/db/models/sql/subqueries.py:42: in delete_batch
    num_deleted += self.do_query(
/opt/venv/lib/python3.14/site-packages/django/db/models/sql/subqueries.py:24: in do_query
    return self.get_compiler(using).execute_sql(ROW_COUNT)
           ^^^^^^^^^^^^^^^^^^^^^^^^^^^^^^^^^^^^^^^^^^^^^^^
/opt/venv/lib/python3.14/site-packages/django/db/models/sql/compiler.py:1623: in execute_sql
    cursor.execute(sql, params)
/opt/venv/lib/python3.14/site-packages/django/db/backends/utils.py:122: in execute
    return super().execute(sql, params)
           ^^^^^^^^^^^^^^^^^^^^^^^^^^^^
/opt/venv/lib/python3.14/site-packages/django/db/backends/utils.py:79: in execute
    return self._execute_with_wrappers(
/opt/venv/lib/python3.14/site-packages/django/db/backends/utils.py:92: in _execute_with_wrappers
    return executor(sql, params, many, context)
           ^^^^^^^^^^^^^^^^^^^^^^^^^^^^^^^^^^^^
/opt/venv/lib/python3.14/site-packages/django/db/backends/utils.py:100: in _execute
    with self.db.wrap_database_errors:
         ^^^^^^^^^^^^^^^^^^^^^^^^^^^^
/opt/venv/lib/python3.14/site-packages/django/db/utils.py:91: in __exit__
    raise dj_exc_value.with_traceback(traceback) from exc_value
/opt/venv/lib/python3.14/site-packages/django/db/backends/utils.py:105: in _execute
    return self.cursor.execute(sql, params)
           ^^^^^^^^^^^^^^^^^^^^^^^^^^^^^^^^
/opt/venv/lib/python3.14/site-packages/psycopg/cursor.py:117: in execute
    raise ex.with_traceback(None)
E   django.db.utils.OperationalError: deadlock detected
E   DETAIL:  Process 12511 waits for ShareLock on transaction 89669; blocked by process 12502.
E   Process 12502 waits for ShareLock on transaction 89688; blocked by process 12511.
E   HINT:  See server log for query details.
E   CONTEXT:  while deleting tuple (0,54) in relation "aircraft_sessions"</failure></testcase><testcase classname="skyspy.tests.test_api_history.HistoryTopPerformersViewTests" name="test_top_performers_response_structure" time="0.144" /><testcase classname="skyspy.tests.test_api_history.HistoryTopPerformersViewTests" name="test_top_performers_returns_200" time="0.050" /><testcase classname="skyspy.tests.test_api_history.HistoryTopPerformersViewTests" name="test_top_performers_sorted_correctly" time="0.064" /><testcase classname="skyspy.tests.test_api_history.HistoryTopPerformersViewTests" name="test_top_performers_with_sessions" time="0.075" /><testcase classname="skyspy.tests.test_api_history.HistoryIntegrationTests" name="test_all_endpoints_return_json" time="1.198" /><testcase classname="skyspy.tests.test_api_history.HistoryIntegrationTests" name="test_consistent_time_filtering" time="1.377"><failure message="django.db.utils.OperationalError: deadlock detected&#10;DETAIL:  Process 12511 waits for ShareLock on transaction 89706; blocked by process 13869.&#10;Process 13869 waits for ShareLock on transaction 89707; blocked by process 12511.&#10;HINT:  See server log for query details.&#10;CONTEXT:  while deleting tuple (2,66) in relation &quot;aircraft_sessions&quot;">/opt/venv/lib/python3.14/site-packages/django/db/backends/utils.py:105: in _execute
    return self.cursor.execute(sql, params)
           ^^^^^^^^^^^^^^^^^^^^^^^^^^^^^^^^
/opt/venv/lib/python3.14/site-packages/psycopg/cursor.py:117: in execute
    raise ex.with_traceback(None)
E   psycopg.errors.DeadlockDetected: deadlock detected
E   DETAIL:  Process 12511 waits for ShareLock on transaction 89706; blocked by process 13869.
E   Process 13869 waits for ShareLock on transaction 89707; blocked by process 12511.
E   HINT:  See server log for query details.
E   CONTEXT:  while deleting tuple (2,66) in relation "aircraft_sessions"

The above exception was the direct cause of the following exception:
/Users/maxwatermolen/source/skyspy/skyspy_django/skyspy/tests/test_api_history.py:850: in setUp
    ???
/opt/venv/lib/python3.14/site-packages/django/db/models/query.py:1201: in delete
    num_deleted, num_deleted_per_model = collector.delete()
                                         ^^^^^^^^^^^^^^^^^^
/opt/venv/lib/python3.14/site-packages/django/db/models/deletion.py:501: in delete
    count = query.delete_batch(pk_list, self.using)
            ^^^^^^^^^^^^^^^^^^^^^^^^^^^^^^^^^^^^^^^
/opt/venv/lib/python3.14/site-packages/django/db/models/sql/subqueries.py:42: in delete_batch
    num_deleted += self.do_query(
/opt/venv/lib/python3.14/site-packages/django/db/models/sql/subqueries.py:24: in do_query
    return self.get_compiler(using).execute_sql(ROW_COUNT)
           ^^^^^^^^^^^^^^^^^^^^^^^^^^^^^^^^^^^^^^^^^^^^^^^
/opt/venv/lib/python3.14/site-packages/django/db/models/sql/compiler.py:1623: in execute_sql
    cursor.execute(sql, params)
/opt/venv/lib/python3.14/site-packages/django/db/backends/utils.py:122: in execute
    return super().execute(sql, params)
           ^^^^^^^^^^^^^^^^^^^^^^^^^^^^
/opt/venv/lib/python3.14/site-packages/django/db/backends/utils.py:79: in execute
    return self._execute_with_wrappers(
/opt/venv/lib/python3.14/site-packages/django/db/backends/utils.py:92: in _execute_with_wrappers
    return executor(sql, params, many, context)
           ^^^^^^^^^^^^^^^^^^^^^^^^^^^^^^^^^^^^
/opt/venv/lib/python3.14/site-packages/django/db/backends/utils.py:100: in _execute
    with self.db.wrap_database_errors:
         ^^^^^^^^^^^^^^^^^^^^^^^^^^^^
/opt/venv/lib/python3.14/site-packages/django/db/utils.py:91: in __exit__
    raise dj_exc_value.with_traceback(traceback) from exc_value
/opt/venv/lib/python3.14/site-packages/django/db/backends/utils.py:105: in _execute
    return self.cursor.execute(sql, params)
           ^^^^^^^^^^^^^^^^^^^^^^^^^^^^^^^^
/opt/venv/lib/python3.14/site-packages/psycopg/cursor.py:117: in execute
    raise ex.with_traceback(None)
E   django.db.utils.OperationalError: deadlock detected
E   DETAIL:  Process 12511 waits for ShareLock on transaction 89706; blocked by process 13869.
E   Process 13869 waits for ShareLock on transaction 89707; blocked by process 12511.
E   HINT:  See server log for query details.
E   CONTEXT:  while deleting tuple (2,66) in relation "aircraft_sessions"</failure></testcase><testcase classname="skyspy.tests.test_api_history.HistoryIntegrationTests" name="test_no_authentication_required" time="1.294"><failure message="django.db.utils.OperationalError: deadlock detected&#10;DETAIL:  Process 12511 waits for ShareLock on transaction 89706; blocked by process 13869.&#10;Process 13869 waits for ShareLock on transaction 89715; blocked by process 12511.&#10;HINT:  See server log for query details.&#10;CONTEXT:  while deleting tuple (6,52) in relation &quot;aircraft_sessions&quot;">/opt/venv/lib/python3.14/site-packages/django/db/backends/utils.py:105: in _execute
    return self.cursor.execute(sql, params)
           ^^^^^^^^^^^^^^^^^^^^^^^^^^^^^^^^
/opt/venv/lib/python3.14/site-packages/psycopg/cursor.py:117: in execute
    raise ex.with_traceback(None)
E   psycopg.errors.DeadlockDetected: deadlock detected
E   DETAIL:  Process 12511 waits for ShareLock on transaction 89706; blocked by process 13869.
E   Process 13869 waits for ShareLock on transaction 89715; blocked by process 12511.
E   HINT:  See server log for query details.
E   CONTEXT:  while deleting tuple (6,52) in relation "aircraft_sessions"

The above exception was the direct cause of the following exception:
/Users/maxwatermolen/source/skyspy/skyspy_django/skyspy/tests/test_api_history.py:850: in setUp
    ???
/opt/venv/lib/python3.14/site-packages/django/db/models/query.py:1201: in delete
    num_deleted, num_deleted_per_model = collector.delete()
                                         ^^^^^^^^^^^^^^^^^^
/opt/venv/lib/python3.14/site-packages/django/db/models/deletion.py:501: in delete
    count = query.delete_batch(pk_list, self.using)
            ^^^^^^^^^^^^^^^^^^^^^^^^^^^^^^^^^^^^^^^
/opt/venv/lib/python3.14/site-packages/django/db/models/sql/subqueries.py:42: in delete_batch
    num_deleted += self.do_query(
/opt/venv/lib/python3.14/site-packages/django/db/models/sql/subqueries.py:24: in do_query
    return self.get_compiler(using).execute_sql(ROW_COUNT)
           ^^^^^^^^^^^^^^^^^^^^^^^^^^^^^^^^^^^^^^^^^^^^^^^
/opt/venv/lib/python3.14/site-packages/django/db/models/sql/compiler.py:1623: in execute_sql
    cursor.execute(sql, params)
/opt/venv/lib/python3.14/site-packages/django/db/backends/utils.py:122: in execute
    return super().execute(sql, params)
           ^^^^^^^^^^^^^^^^^^^^^^^^^^^^
/opt/venv/lib/python3.14/site-packages/django/db/backends/utils.py:79: in execute
    return self._execute_with_wrappers(
/opt/venv/lib/python3.14/site-packages/django/db/backends/utils.py:92: in _execute_with_wrappers
    return executor(sql, params, many, context)
           ^^^^^^^^^^^^^^^^^^^^^^^^^^^^^^^^^^^^
/opt/venv/lib/python3.14/site-packages/django/db/backends/utils.py:100: in _execute
    with self.db.wrap_database_errors:
         ^^^^^^^^^^^^^^^^^^^^^^^^^^^^
/opt/venv/lib/python3.14/site-packages/django/db/utils.py:91: in __exit__
    raise dj_exc_value.with_traceback(traceback) from exc_value
/opt/venv/lib/python3.14/site-packages/django/db/backends/utils.py:105: in _execute
    return self.cursor.execute(sql, params)
           ^^^^^^^^^^^^^^^^^^^^^^^^^^^^^^^^
/opt/venv/lib/python3.14/site-packages/psycopg/cursor.py:117: in execute
    raise ex.with_traceback(None)
E   django.db.utils.OperationalError: deadlock detected
E   DETAIL:  Process 12511 waits for ShareLock on transaction 89706; blocked by process 13869.
E   Process 13869 waits for ShareLock on transaction 89715; blocked by process 12511.
E   HINT:  See server log for query details.
E   CONTEXT:  while deleting tuple (6,52) in relation "aircraft_sessions"</failure></testcase><testcase classname="skyspy.tests.test_api_history.HistoryIntegrationTests" name="test_read_only_endpoints" time="2.367"><failure message="django.db.utils.OperationalError: deadlock detected&#10;DETAIL:  Process 12511 waits for ShareLock on transaction 89733; blocked by process 12502.&#10;Process 12502 waits for ShareLock on transaction 89722; blocked by process 12511.&#10;HINT:  See server log for query details.&#10;CONTEXT:  while deleting tuple (20,49) in relation &quot;aircraft_sessions&quot;">/opt/venv/lib/python3.14/site-packages/django/db/backends/utils.py:105: in _execute
    return self.cursor.execute(sql, params)
           ^^^^^^^^^^^^^^^^^^^^^^^^^^^^^^^^
/opt/venv/lib/python3.14/site-packages/psycopg/cursor.py:117: in execute
    raise ex.with_traceback(None)
E   psycopg.errors.DeadlockDetected: deadlock detected
E   DETAIL:  Process 12511 waits for ShareLock on transaction 89733; blocked by process 12502.
E   Process 12502 waits for ShareLock on transaction 89722; blocked by process 12511.
E   HINT:  See server log for query details.
E   CONTEXT:  while deleting tuple (20,49) in relation "aircraft_sessions"

The above exception was the direct cause of the following exception:
/Users/maxwatermolen/source/skyspy/skyspy_django/skyspy/tests/test_api_history.py:850: in setUp
    ???
/opt/venv/lib/python3.14/site-packages/django/db/models/query.py:1201: in delete
    num_deleted, num_deleted_per_model = collector.delete()
                                         ^^^^^^^^^^^^^^^^^^
/opt/venv/lib/python3.14/site-packages/django/db/models/deletion.py:501: in delete
    count = query.delete_batch(pk_list, self.using)
            ^^^^^^^^^^^^^^^^^^^^^^^^^^^^^^^^^^^^^^^
/opt/venv/lib/python3.14/site-packages/django/db/models/sql/subqueries.py:42: in delete_batch
    num_deleted += self.do_query(
/opt/venv/lib/python3.14/site-packages/django/db/models/sql/subqueries.py:24: in do_query
    return self.get_compiler(using).execute_sql(ROW_COUNT)
           ^^^^^^^^^^^^^^^^^^^^^^^^^^^^^^^^^^^^^^^^^^^^^^^
/opt/venv/lib/python3.14/site-packages/django/db/models/sql/compiler.py:1623: in execute_sql
    cursor.execute(sql, params)
/opt/venv/lib/python3.14/site-packages/django/db/backends/utils.py:122: in execute
    return super().execute(sql, params)
           ^^^^^^^^^^^^^^^^^^^^^^^^^^^^
/opt/venv/lib/python3.14/site-packages/django/db/backends/utils.py:79: in execute
    return self._execute_with_wrappers(
/opt/venv/lib/python3.14/site-packages/django/db/backends/utils.py:92: in _execute_with_wrappers
    return executor(sql, params, many, context)
           ^^^^^^^^^^^^^^^^^^^^^^^^^^^^^^^^^^^^
/opt/venv/lib/python3.14/site-packages/django/db/backends/utils.py:100: in _execute
    with self.db.wrap_database_errors:
         ^^^^^^^^^^^^^^^^^^^^^^^^^^^^
/opt/venv/lib/python3.14/site-packages/django/db/utils.py:91: in __exit__
    raise dj_exc_value.with_traceback(traceback) from exc_value
/opt/venv/lib/python3.14/site-packages/django/db/backends/utils.py:105: in _execute
    return self.cursor.execute(sql, params)
           ^^^^^^^^^^^^^^^^^^^^^^^^^^^^^^^^
/opt/venv/lib/python3.14/site-packages/psycopg/cursor.py:117: in execute
    raise ex.with_traceback(None)
E   django.db.utils.OperationalError: deadlock detected
E   DETAIL:  Process 12511 waits for ShareLock on transaction 89733; blocked by process 12502.
E   Process 12502 waits for ShareLock on transaction 89722; blocked by process 12511.
E   HINT:  See server log for query details.
E   CONTEXT:  while deleting tuple (20,49) in relation "aircraft_sessions"</failure></testcase><testcase classname="skyspy.tests.test_api_history.HistoryIntegrationTests" name="test_stats_match_list_counts" time="1.476"><failure message="django.db.utils.OperationalError: deadlock detected&#10;DETAIL:  Process 12511 waits for ShareLock on transaction 89733; blocked by process 12502.&#10;Process 12502 waits for ShareLock on transaction 89805; blocked by process 12511.&#10;HINT:  See server log for query details.&#10;CONTEXT:  while deleting tuple (12,79) in relation &quot;aircraft_sessions&quot;">/opt/venv/lib/python3.14/site-packages/django/db/backends/utils.py:105: in _execute
    return self.cursor.execute(sql, params)
           ^^^^^^^^^^^^^^^^^^^^^^^^^^^^^^^^
/opt/venv/lib/python3.14/site-packages/psycopg/cursor.py:117: in execute
    raise ex.with_traceback(None)
E   psycopg.errors.DeadlockDetected: deadlock detected
E   DETAIL:  Process 12511 waits for ShareLock on transaction 89733; blocked by process 12502.
E   Process 12502 waits for ShareLock on transaction 89805; blocked by process 12511.
E   HINT:  See server log for query details.
E   CONTEXT:  while deleting tuple (12,79) in relation "aircraft_sessions"

The above exception was the direct cause of the following exception:
/Users/maxwatermolen/source/skyspy/skyspy_django/skyspy/tests/test_api_history.py:850: in setUp
    ???
/opt/venv/lib/python3.14/site-packages/django/db/models/query.py:1201: in delete
    num_deleted, num_deleted_per_model = collector.delete()
                                         ^^^^^^^^^^^^^^^^^^
/opt/venv/lib/python3.14/site-packages/django/db/models/deletion.py:501: in delete
    count = query.delete_batch(pk_list, self.using)
            ^^^^^^^^^^^^^^^^^^^^^^^^^^^^^^^^^^^^^^^
/opt/venv/lib/python3.14/site-packages/django/db/models/sql/subqueries.py:42: in delete_batch
    num_deleted += self.do_query(
/opt/venv/lib/python3.14/site-packages/django/db/models/sql/subqueries.py:24: in do_query
    return self.get_compiler(using).execute_sql(ROW_COUNT)
           ^^^^^^^^^^^^^^^^^^^^^^^^^^^^^^^^^^^^^^^^^^^^^^^
/opt/venv/lib/python3.14/site-packages/django/db/models/sql/compiler.py:1623: in execute_sql
    cursor.execute(sql, params)
/opt/venv/lib/python3.14/site-packages/django/db/backends/utils.py:122: in execute
    return super().execute(sql, params)
           ^^^^^^^^^^^^^^^^^^^^^^^^^^^^
/opt/venv/lib/python3.14/site-packages/django/db/backends/utils.py:79: in execute
    return self._execute_with_wrappers(
/opt/venv/lib/python3.14/site-packages/django/db/backends/utils.py:92: in _execute_with_wrappers
    return executor(sql, params, many, context)
           ^^^^^^^^^^^^^^^^^^^^^^^^^^^^^^^^^^^^
/opt/venv/lib/python3.14/site-packages/django/db/backends/utils.py:100: in _execute
    with self.db.wrap_database_errors:
         ^^^^^^^^^^^^^^^^^^^^^^^^^^^^
/opt/venv/lib/python3.14/site-packages/django/db/utils.py:91: in __exit__
    raise dj_exc_value.with_traceback(traceback) from exc_value
/opt/venv/lib/python3.14/site-packages/django/db/backends/utils.py:105: in _execute
    return self.cursor.execute(sql, params)
           ^^^^^^^^^^^^^^^^^^^^^^^^^^^^^^^^
/opt/venv/lib/python3.14/site-packages/psycopg/cursor.py:117: in execute
    raise ex.with_traceback(None)
E   django.db.utils.OperationalError: deadlock detected
E   DETAIL:  Process 12511 waits for ShareLock on transaction 89733; blocked by process 12502.
E   Process 12502 waits for ShareLock on transaction 89805; blocked by process 12511.
E   HINT:  See server log for query details.
E   CONTEXT:  while deleting tuple (12,79) in relation "aircraft_sessions"</failure></testcase><testcase classname="skyspy.tests.test_api_safety.SafetyEventListViewTests" name="test_list_empty" time="0.019" /><testcase classname="skyspy.tests.test_api_safety.SafetyEventListViewTests" name="test_list_event_structure" time="0.010" /><testcase classname="skyspy.tests.test_api_safety.SafetyEventListViewTests" name="test_list_filter_by_acknowledged" time="0.030" /><testcase classname="skyspy.tests.test_api_safety.SafetyEventListViewTests" name="test_list_filter_by_event_type" time="0.010" /><testcase classname="skyspy.tests.test_api_safety.SafetyEventListViewTests" name="test_list_filter_by_icao" time="0.008" /><testcase classname="skyspy.tests.test_api_safety.SafetyEventListViewTests" name="test_list_filter_by_severity" time="0.010" /><testcase classname="skyspy.tests.test_api_safety.SafetyEventListViewTests" name="test_list_ordered_by_timestamp" time="0.008" /><testcase classname="skyspy.tests.test_api_safety.SafetyEventListViewTests" name="test_list_returns_200" time="0.011" /><testcase classname="skyspy.tests.test_api_safety.SafetyEventListViewTests" name="test_list_time_filter" time="0.021" /><testcase classname="skyspy.tests.test_api_safety.SafetyEventListViewTests" name="test_list_with_events" time="0.010" /><testcase classname="skyspy.tests.test_api_safety.SafetyEventRetrieveViewTests" name="test_retrieve_event_data" time="0.016" /><testcase classname="skyspy.tests.test_api_safety.SafetyEventRetrieveViewTests" name="test_retrieve_existing_event" time="0.009" /><testcase classname="skyspy.tests.test_api_safety.SafetyEventRetrieveViewTests" name="test_retrieve_nonexistent_event" time="0.009" /><testcase classname="skyspy.tests.test_api_safety.SafetyEventStatsViewTests" name="test_stats_counts_by_severity" time="0.023" /><testcase classname="skyspy.tests.test_api_safety.SafetyEventStatsViewTests" name="test_stats_counts_by_type" time="0.013" /><testcase classname="skyspy.tests.test_api_safety.SafetyEventStatsViewTests" name="test_stats_event_rate" time="0.024" /><testcase classname="skyspy.tests.test_api_safety.SafetyEventStatsViewTests" name="test_stats_recent_events" time="0.011" /><testcase classname="skyspy.tests.test_api_safety.SafetyEventStatsViewTests" name="test_stats_response_structure" time="0.011" /><testcase classname="skyspy.tests.test_api_safety.SafetyEventStatsViewTests" name="test_stats_returns_200" time="0.008" /><testcase classname="skyspy.tests.test_api_safety.SafetyEventStatsViewTests" name="test_stats_thresholds" time="0.010" /><testcase classname="skyspy.tests.test_api_safety.SafetyEventStatsViewTests" name="test_stats_time_filter" time="0.015" /><testcase classname="skyspy.tests.test_api_safety.SafetyEventStatsViewTests" name="test_stats_top_aircraft" time="0.018" /><testcase classname="skyspy.tests.test_api_safety.SafetyEventStatsViewTests" name="test_stats_total_events" time="0.015" /><testcase classname="skyspy.tests.test_api_safety.SafetyEventStatsViewTests" name="test_stats_unique_aircraft" time="0.022" /><testcase classname="skyspy.tests.test_api_safety.SafetyEventAircraftStatsViewTests" name="test_aircraft_stats_empty" time="0.009" /><testcase classname="skyspy.tests.test_api_safety.SafetyEventAircraftStatsViewTests" name="test_aircraft_stats_ordered_by_event_count" time="0.016" /><testcase classname="skyspy.tests.test_api_safety.SafetyEventAircraftStatsViewTests" name="test_aircraft_stats_response_structure" time="0.006" /><testcase classname="skyspy.tests.test_api_safety.SafetyEventAircraftStatsViewTests" name="test_aircraft_stats_returns_200" time="0.007" /><testcase classname="skyspy.tests.test_api_safety.SafetyEventAircraftStatsViewTests" name="test_aircraft_stats_structure" time="0.020" /><testcase classname="skyspy.tests.test_api_safety.SafetyEventAircraftStatsViewTests" name="test_aircraft_stats_with_events" time="0.018" /><testcase classname="skyspy.tests.test_api_safety.SafetyEventAircraftStatsViewTests" name="test_aircraft_stats_worst_severity" time="0.046" /><testcase classname="skyspy.tests.test_api_safety.SafetyEventAcknowledgeViewTests" name="test_acknowledge_already_acknowledged" time="0.013" /><testcase classname="skyspy.tests.test_api_safety.SafetyEventAcknowledgeViewTests" name="test_acknowledge_event" time="0.008" /><testcase classname="skyspy.tests.test_api_safety.SafetyEventAcknowledgeViewTests" name="test_acknowledge_nonexistent_event" time="0.009" /><testcase classname="skyspy.tests.test_api_safety.SafetyEventAcknowledgeViewTests" name="test_acknowledge_returns_event" time="0.011" /><testcase classname="skyspy.tests.test_api_safety.SafetyEventAcknowledgeViewTests" name="test_acknowledge_sets_timestamp" time="0.017" /><testcase classname="skyspy.tests.test_api_safety.SafetyEventUnacknowledgeViewTests" name="test_unacknowledge_clears_timestamp" time="0.026" /><testcase classname="skyspy.tests.test_api_safety.SafetyEventUnacknowledgeViewTests" name="test_unacknowledge_event" time="0.016" /><testcase classname="skyspy.tests.test_api_safety.SafetyEventUnacknowledgeViewTests" name="test_unacknowledge_nonexistent_event" time="0.025" /><testcase classname="skyspy.tests.test_api_safety.SafetyEventUnacknowledgeViewTests" name="test_unacknowledge_returns_event" time="0.089" /><testcase classname="skyspy.tests.test_api_safety.SafetyEventDeleteViewTests" name="test_delete_event" time="0.051" /><testcase classname="skyspy.tests.test_api_safety.SafetyEventDeleteViewTests" name="test_delete_nonexistent_event" time="0.140" /><testcase classname="skyspy.tests.test_api_safety.SafetyEventDeleteViewTests" name="test_delete_removes_from_db" time="0.080" /><testcase classname="skyspy.tests.test_api_safety.SafetyEventValidationTests" name="test_event_types" time="0.019" /><testcase classname="skyspy.tests.test_api_safety.SafetyEventValidationTests" name="test_severity_levels" time="0.008" /><testcase classname="skyspy.tests.test_api_safety.SafetyEventsIntegrationTests" name="test_acknowledge_workflow" time="0.028" /><testcase classname="skyspy.tests.test_api_safety.SafetyEventsIntegrationTests" name="test_all_endpoints_return_json" time="0.023" /><testcase classname="skyspy.tests.test_api_safety.SafetyEventsIntegrationTests" name="test_http_methods_restricted" time="0.005" /><testcase classname="skyspy.tests.test_api_safety.SafetyEventsIntegrationTests" name="test_no_authentication_required" time="0.024" /><testcase classname="skyspy.tests.test_api_safety.SafetyEventsIntegrationTests" name="test_stats_consistency" time="0.025" /><testcase classname="skyspy.tests.test_api_system.HealthCheckViewTests" name="test_health_check_api_v1_endpoint" time="0.010" /><testcase classname="skyspy.tests.test_api_system.HealthCheckViewTests" name="test_health_check_cache_status" time="0.021" /><testcase classname="skyspy.tests.test_api_system.HealthCheckViewTests" name="test_health_check_celery_status" time="0.006" /><testcase classname="skyspy.tests.test_api_system.HealthCheckViewTests" name="test_health_check_celery_with_heartbeat" time="0.004" /><testcase classname="skyspy.tests.test_api_system.HealthCheckViewTests" name="test_health_check_database_up" time="0.007" /><testcase classname="skyspy.tests.test_api_system.HealthCheckViewTests" name="test_health_check_no_authentication_required" time="0.007" /><testcase classname="skyspy.tests.test_api_system.HealthCheckViewTests" name="test_health_check_response_structure" time="0.004" /><testcase classname="skyspy.tests.test_api_system.HealthCheckViewTests" name="test_health_check_returns_200" time="0.004" /><testcase classname="skyspy.tests.test_api_system.HealthCheckViewTests" name="test_health_check_timestamp_format" time="0.016" /><testcase classname="skyspy.tests.test_api_system.HealthCheckViewTests" name="test_health_check_with_trailing_slash" time="0.006" /><testcase classname="skyspy.tests.test_api_system.StatusViewTests" name="test_status_adsb_online_from_cache" time="0.302" /><testcase classname="skyspy.tests.test_api_system.StatusViewTests" name="test_status_counts_are_integers" time="0.134" /><testcase classname="skyspy.tests.test_api_system.StatusViewTests" name="test_status_location_structure" time="0.128" /><testcase classname="skyspy.tests.test_api_system.StatusViewTests" name="test_status_no_authentication_required" time="0.139" /><testcase classname="skyspy.tests.test_api_system.StatusViewTests" name="test_status_response_structure" time="0.194" /><testcase classname="skyspy.tests.test_api_system.StatusViewTests" name="test_status_returns_200" time="0.331" /><testcase classname="skyspy.tests.test_api_system.StatusViewTests" name="test_status_version_format" time="0.163" /><testcase classname="skyspy.tests.test_api_system.StatusViewTests" name="test_status_with_cached_aircraft" time="0.140" /><testcase classname="skyspy.tests.test_api_system.StatusViewTests" name="test_status_with_trailing_slash" time="0.136" /><testcase classname="skyspy.tests.test_api_system.SystemInfoViewTests" name="test_info_aircraft_endpoints" time="0.008" /><testcase classname="skyspy.tests.test_api_system.SystemInfoViewTests" name="test_info_endpoints_structure" time="0.004" /><testcase classname="skyspy.tests.test_api_system.SystemInfoViewTests" name="test_info_no_authentication_required" time="0.004" /><testcase classname="skyspy.tests.test_api_system.SystemInfoViewTests" name="test_info_response_structure" time="0.004" /><testcase classname="skyspy.tests.test_api_system.SystemInfoViewTests" name="test_info_returns_200" time="0.004" /><testcase classname="skyspy.tests.test_api_system.SystemInfoViewTests" name="test_info_system_endpoints" time="0.004" /><testcase classname="skyspy.tests.test_api_system.SystemInfoViewTests" name="test_info_with_trailing_slash" time="0.009" /><testcase classname="skyspy.tests.test_api_system.MetricsViewTests" name="test_metrics_disabled_error_message" time="0.011" /><testcase classname="skyspy.tests.test_api_system.MetricsViewTests" name="test_metrics_no_authentication_required" time="0.005" /><testcase classname="skyspy.tests.test_api_system.MetricsViewTests" name="test_metrics_returns_200_when_enabled" time="0.021" /><testcase classname="skyspy.tests.test_api_system.MetricsViewTests" name="test_metrics_returns_503_when_disabled" time="0.006" /><testcase classname="skyspy.tests.test_api_system.MetricsViewTests" name="test_metrics_with_trailing_slash" time="0.005" /><testcase classname="skyspy.tests.test_api_system.SystemEndpointsIntegrationTests" name="test_all_system_endpoints_accessible" time="0.350" /><testcase classname="skyspy.tests.test_api_system.SystemEndpointsIntegrationTests" name="test_head_request" time="0.004" /><testcase classname="skyspy.tests.test_api_system.SystemEndpointsIntegrationTests" name="test_json_content_type" time="0.223" /><testcase classname="skyspy.tests.test_api_system.SystemEndpointsIntegrationTests" name="test_options_request" time="0.015" /><testcase classname="skyspy.tests.test_api_system.SystemEndpointsIntegrationTests" name="test_version_consistency" time="0.280" /><testcase classname="skyspy.tests.test_notam_decoder.AbbreviationExpansionTests" name="test_expand_clsd" time="0.010" /><testcase classname="skyspy.tests.test_notam_decoder.AbbreviationExpansionTests" name="test_expand_lighting" time="0.003" /><testcase classname="skyspy.tests.test_notam_decoder.AbbreviationExpansionTests" name="test_expand_maint" time="0.004" /><testcase classname="skyspy.tests.test_notam_decoder.AbbreviationExpansionTests" name="test_expand_multiple" time="0.006" /><testcase classname="skyspy.tests.test_notam_decoder.AbbreviationExpansionTests" name="test_expand_navaid" time="0.010" /><testcase classname="skyspy.tests.test_notam_decoder.AbbreviationExpansionTests" name="test_expand_preserves_case" time="0.007" /><testcase classname="skyspy.tests.test_notam_decoder.AbbreviationExpansionTests" name="test_expand_rwy" time="0.009" /><testcase classname="skyspy.tests.test_notam_decoder.AbbreviationExpansionTests" name="test_expand_twy" time="0.005" /><testcase classname="skyspy.tests.test_notam_decoder.EntityExtractionTests" name="test_extract_ils" time="0.006" /><testcase classname="skyspy.tests.test_notam_decoder.EntityExtractionTests" name="test_extract_none" time="0.014" /><testcase classname="skyspy.tests.test_notam_decoder.EntityExtractionTests" name="test_extract_papi" time="0.005" /><testcase classname="skyspy.tests.test_notam_decoder.EntityExtractionTests" name="test_extract_runway" time="0.007" /><testcase classname="skyspy.tests.test_notam_decoder.EntityExtractionTests" name="test_extract_runway_single" time="0.004" /><testcase classname="skyspy.tests.test_notam_decoder.EntityExtractionTests" name="test_extract_taxiway" time="0.004" /><testcase classname="skyspy.tests.test_notam_decoder.EntityExtractionTests" name="test_extract_taxiway_with_number" time="0.004" /><testcase classname="skyspy.tests.test_notam_decoder.EntityExtractionTests" name="test_extract_vor" time="0.006" /><testcase classname="skyspy.tests.test_notam_decoder.ConditionExtractionTests" name="test_extract_closed" time="0.006" /><testcase classname="skyspy.tests.test_notam_decoder.ConditionExtractionTests" name="test_extract_inop" time="0.003" /><testcase classname="skyspy.tests.test_notam_decoder.ConditionExtractionTests" name="test_extract_none" time="0.002" /><testcase classname="skyspy.tests.test_notam_decoder.ConditionExtractionTests" name="test_extract_ots" time="0.002" /><testcase classname="skyspy.tests.test_notam_decoder.ConditionExtractionTests" name="test_extract_unserviceable" time="0.003" /><testcase classname="skyspy.tests.test_notam_decoder.ReasonExtractionTests" name="test_extract_construction" time="0.004" /><testcase classname="skyspy.tests.test_notam_decoder.ReasonExtractionTests" name="test_extract_maintenance" time="0.003" /><testcase classname="skyspy.tests.test_notam_decoder.ReasonExtractionTests" name="test_extract_none" time="0.003" /><testcase classname="skyspy.tests.test_notam_decoder.ReasonExtractionTests" name="test_extract_snow" time="0.002" /><testcase classname="skyspy.tests.test_notam_decoder.ReasonExtractionTests" name="test_extract_wip" time="0.005" /><testcase classname="skyspy.tests.test_notam_decoder.CategoryDetectionTests" name="test_detect_airport_closure" time="0.005" /><testcase classname="skyspy.tests.test_notam_decoder.CategoryDetectionTests" name="test_detect_lighting" time="0.003" /><testcase classname="skyspy.tests.test_notam_decoder.CategoryDetectionTests" name="test_detect_navaid" time="0.002" /><testcase classname="skyspy.tests.test_notam_decoder.CategoryDetectionTests" name="test_detect_obstruction" time="0.003" /><testcase classname="skyspy.tests.test_notam_decoder.CategoryDetectionTests" name="test_detect_other" time="0.003" /><testcase classname="skyspy.tests.test_notam_decoder.CategoryDetectionTests" name="test_detect_runway_closure" time="0.002" /><testcase classname="skyspy.tests.test_notam_decoder.CategoryDetectionTests" name="test_detect_services" time="0.002" /><testcase classname="skyspy.tests.test_notam_decoder.CategoryDetectionTests" name="test_detect_taxiway_closure" time="0.002" /><testcase classname="skyspy.tests.test_notam_decoder.CategoryDetectionTests" name="test_detect_tfr" time="0.003" /><testcase classname="skyspy.tests.test_notam_decoder.SeverityTests" name="test_severity_lighting_moderate" time="0.004" /><testcase classname="skyspy.tests.test_notam_decoder.SeverityTests" name="test_severity_obstruction_advisory" time="0.003" /><testcase classname="skyspy.tests.test_notam_decoder.SeverityTests" name="test_severity_runway_closure_critical" time="0.003" /><testcase classname="skyspy.tests.test_notam_decoder.SeverityTests" name="test_severity_taxiway_closure_moderate" time="0.003" /><testcase classname="skyspy.tests.test_notam_decoder.SeverityTests" name="test_severity_tfr_critical" time="0.002" /><testcase classname="skyspy.tests.test_notam_decoder.SeverityTests" name="test_severity_with_geometry_critical" time="0.003" /><testcase classname="skyspy.tests.test_notam_decoder.SummaryGenerationTests" name="test_summary_navaid_unserviceable" time="0.008" /><testcase classname="skyspy.tests.test_notam_decoder.SummaryGenerationTests" name="test_summary_no_details" time="0.006" /><testcase classname="skyspy.tests.test_notam_decoder.SummaryGenerationTests" name="test_summary_runway_closure" time="0.003" /><testcase classname="skyspy.tests.test_notam_decoder.SummaryGenerationTests" name="test_summary_taxiway_closure" time="0.004" /><testcase classname="skyspy.tests.test_notam_decoder.FullDecodingTests" name="test_decode_notam_expands_all_abbreviations" time="0.005" /><testcase classname="skyspy.tests.test_notam_decoder.FullDecodingTests" name="test_decode_notam_full" time="0.003" /><testcase classname="skyspy.tests.test_notam_decoder.FullDecodingTests" name="test_decode_notam_lighting" time="0.002" /><testcase classname="skyspy.tests.test_notam_decoder.FullDecodingTests" name="test_decode_notam_tfr" time="0.004" /><testcase classname="skyspy.tests.test_pirep_decoder.TurbulenceDecodingTests" name="test_decode_turbulence_compound_light_mod" time="0.005" /><testcase classname="skyspy.tests.test_pirep_decoder.TurbulenceDecodingTests" name="test_decode_turbulence_compound_mod_sev" time="0.002" /><testcase classname="skyspy.tests.test_pirep_decoder.TurbulenceDecodingTests" name="test_decode_turbulence_extreme" time="0.003" /><testcase classname="skyspy.tests.test_pirep_decoder.TurbulenceDecodingTests" name="test_decode_turbulence_light" time="0.003" /><testcase classname="skyspy.tests.test_pirep_decoder.TurbulenceDecodingTests" name="test_decode_turbulence_moderate" time="0.002" /><testcase classname="skyspy.tests.test_pirep_decoder.TurbulenceDecodingTests" name="test_decode_turbulence_negative" time="0.003" /><testcase classname="skyspy.tests.test_pirep_decoder.TurbulenceDecodingTests" name="test_decode_turbulence_none" time="0.003" /><testcase classname="skyspy.tests.test_pirep_decoder.TurbulenceDecodingTests" name="test_decode_turbulence_severe" time="0.003" /><testcase classname="skyspy.tests.test_pirep_decoder.TurbulenceDecodingTests" name="test_decode_turbulence_with_altitude_range" time="0.004" /><testcase classname="skyspy.tests.test_pirep_decoder.TurbulenceDecodingTests" name="test_decode_turbulence_with_cat" time="0.003" /><testcase classname="skyspy.tests.test_pirep_decoder.TurbulenceDecodingTests" name="test_decode_turbulence_with_chop" time="0.003" /><testcase classname="skyspy.tests.test_pirep_decoder.IcingDecodingTests" name="test_decode_icing_light" time="0.004" /><testcase classname="skyspy.tests.test_pirep_decoder.IcingDecodingTests" name="test_decode_icing_moderate" time="0.002" /><testcase classname="skyspy.tests.test_pirep_decoder.IcingDecodingTests" name="test_decode_icing_negative" time="0.003" /><testcase classname="skyspy.tests.test_pirep_decoder.IcingDecodingTests" name="test_decode_icing_none" time="0.004" /><testcase classname="skyspy.tests.test_pirep_decoder.IcingDecodingTests" name="test_decode_icing_severe" time="0.005" /><testcase classname="skyspy.tests.test_pirep_decoder.IcingDecodingTests" name="test_decode_icing_trace" time="0.020" /><testcase classname="skyspy.tests.test_pirep_decoder.IcingDecodingTests" name="test_decode_icing_with_altitude_range" time="0.004" /><testcase classname="skyspy.tests.test_pirep_decoder.IcingDecodingTests" name="test_decode_icing_with_clear_type" time="0.003" /><testcase classname="skyspy.tests.test_pirep_decoder.IcingDecodingTests" name="test_decode_icing_with_mixed_type" time="0.002" /><testcase classname="skyspy.tests.test_pirep_decoder.IcingDecodingTests" name="test_decode_icing_with_rime_type" time="0.005" /><testcase classname="skyspy.tests.test_pirep_decoder.WindShearDecodingTests" name="test_decode_wind_shear_gain" time="0.005" /><testcase classname="skyspy.tests.test_pirep_decoder.WindShearDecodingTests" name="test_decode_wind_shear_llws" time="0.002" /><testcase classname="skyspy.tests.test_pirep_decoder.WindShearDecodingTests" name="test_decode_wind_shear_loss" time="0.003" /><testcase classname="skyspy.tests.test_pirep_decoder.WindShearDecodingTests" name="test_decode_wind_shear_none" time="0.003" /><testcase classname="skyspy.tests.test_pirep_decoder.WindShearDecodingTests" name="test_decode_wind_shear_with_ws_tag" time="0.004" /><testcase classname="skyspy.tests.test_pirep_decoder.SeverityTests" name="test_severity_from_icing" time="0.005" /><testcase classname="skyspy.tests.test_pirep_decoder.SeverityTests" name="test_severity_from_severe_turbulence" time="0.003" /><testcase classname="skyspy.tests.test_pirep_decoder.SeverityTests" name="test_severity_from_turbulence" time="0.003" /><testcase classname="skyspy.tests.test_pirep_decoder.SeverityTests" name="test_severity_max_of_multiple_hazards" time="0.003" /><testcase classname="skyspy.tests.test_pirep_decoder.SeverityTests" name="test_severity_routine" time="0.002" /><testcase classname="skyspy.tests.test_pirep_decoder.SeverityTests" name="test_severity_urgent_pirep" time="0.003" /><testcase classname="skyspy.tests.test_pirep_decoder.HazardListTests" name="test_hazards_empty" time="0.004" /><testcase classname="skyspy.tests.test_pirep_decoder.HazardListTests" name="test_hazards_excludes_neg" time="0.002" /><testcase classname="skyspy.tests.test_pirep_decoder.HazardListTests" name="test_hazards_icing_only" time="0.002" /><testcase classname="skyspy.tests.test_pirep_decoder.HazardListTests" name="test_hazards_multiple" time="0.002" /><testcase classname="skyspy.tests.test_pirep_decoder.HazardListTests" name="test_hazards_turbulence_only" time="0.003" /><testcase classname="skyspy.tests.test_pirep_decoder.SummaryGenerationTests" name="test_summary_icing" time="0.005" /><testcase classname="skyspy.tests.test_pirep_decoder.SummaryGenerationTests" name="test_summary_multiple_hazards" time="0.003" /><testcase classname="skyspy.tests.test_pirep_decoder.SummaryGenerationTests" name="test_summary_routine" time="0.002" /><testcase classname="skyspy.tests.test_pirep_decoder.SummaryGenerationTests" name="test_summary_turbulence" time="0.002" /><testcase classname="skyspy.tests.test_pirep_decoder.SummaryGenerationTests" name="test_summary_urgent" time="0.002" /><testcase classname="skyspy.tests.test_pirep_decoder.SummaryGenerationTests" name="test_summary_with_altitude" time="0.003" /><testcase classname="skyspy.tests.test_pirep_decoder.FullDecodingTests" name="test_decode_pirep_empty" time="0.004" /><testcase classname="skyspy.tests.test_pirep_decoder.FullDecodingTests" name="test_decode_pirep_full" time="0.003" /><testcase classname="skyspy.tests.test_services_acars.LRUCacheUnitTests" name="test_cache_add_and_contains" time="0.004" /><testcase classname="skyspy.tests.test_services_acars.LRUCacheUnitTests" name="test_cache_expired_cleanup_on_add" time="1.110" /><testcase classname="skyspy.tests.test_services_acars.LRUCacheUnitTests" name="test_cache_lru_order_maintained" time="0.008" /><testcase classname="skyspy.tests.test_services_acars.LRUCacheUnitTests" name="test_cache_maxsize_eviction" time="0.003" /><testcase classname="skyspy.tests.test_services_acars.LRUCacheUnitTests" name="test_cache_size" time="0.004" /><testcase classname="skyspy.tests.test_services_acars.LRUCacheUnitTests" name="test_cache_thread_safety" time="0.020" /><testcase classname="skyspy.tests.test_services_acars.LRUCacheUnitTests" name="test_cache_ttl_expiration" time="1.110" /><testcase classname="skyspy.tests.test_services_acars.AcarsServiceMessageHashTests" name="test_compute_hash_different_icao" time="0.005" /><testcase classname="skyspy.tests.test_services_acars.AcarsServiceMessageHashTests" name="test_compute_hash_different_timestamp" time="0.003" /><testcase classname="skyspy.tests.test_services_acars.AcarsServiceMessageHashTests" name="test_compute_hash_handles_missing_fields" time="0.003" /><testcase classname="skyspy.tests.test_services_acars.AcarsServiceMessageHashTests" name="test_compute_hash_same_messages" time="0.003" /><testcase classname="skyspy.tests.test_services_acars.AcarsServiceMessageHashTests" name="test_compute_hash_text_truncated_to_50_chars" time="0.002" /><testcase classname="skyspy.tests.test_services_acars.AcarsServiceMessageHashTests" name="test_compute_hash_timestamp_rounded_to_second" time="0.003" /><testcase classname="skyspy.tests.test_services_acars.AcarsServiceDeduplicationTests" name="test_is_duplicate_first_message" time="0.004" /><testcase classname="skyspy.tests.test_services_acars.AcarsServiceDeduplicationTests" name="test_is_duplicate_increments_stats" time="0.002" /><testcase classname="skyspy.tests.test_services_acars.AcarsServiceDeduplicationTests" name="test_is_duplicate_same_message_twice" time="0.004" /><testcase classname="skyspy.tests.test_services_acars.AcarsServiceNormalizationTests" name="test_normalize_acars_ack_field" time="0.010" /><testcase classname="skyspy.tests.test_services_acars.AcarsServiceNormalizationTests" name="test_normalize_acars_alternate_icao_field" time="0.003" /><testcase classname="skyspy.tests.test_services_acars.AcarsServiceNormalizationTests" name="test_normalize_acars_basic_message" time="0.002" /><testcase classname="skyspy.tests.test_services_acars.AcarsServiceNormalizationTests" name="test_normalize_acars_callsign_stripped" time="0.002" /><testcase classname="skyspy.tests.test_services_acars.AcarsServiceNormalizationTests" name="test_normalize_acars_lowercase_icao" time="0.004" /><testcase classname="skyspy.tests.test_services_acars.AcarsServiceNormalizationTests" name="test_normalize_acars_registration_with_dots" time="0.002" /><testcase classname="skyspy.tests.test_services_acars.AcarsServiceNormalizationTests" name="test_normalize_acars_station_id_from_app" time="0.002" /><testcase classname="skyspy.tests.test_services_acars.AcarsServiceNormalizationTests" name="test_normalize_frequency_already_mhz" time="0.004" /><testcase classname="skyspy.tests.test_services_acars.AcarsServiceNormalizationTests" name="test_normalize_frequency_from_hz" time="0.003" /><testcase classname="skyspy.tests.test_services_acars.AcarsServiceNormalizationTests" name="test_normalize_frequency_invalid_returns_none" time="0.003" /><testcase classname="skyspy.tests.test_services_acars.AcarsServiceNormalizationTests" name="test_normalize_unknown_source_returns_none" time="0.002" /><testcase classname="skyspy.tests.test_services_acars.AcarsServiceNormalizationTests" name="test_normalize_vdlm2_flat_format" time="0.002" /><testcase classname="skyspy.tests.test_services_acars.AcarsServiceNormalizationTests" name="test_normalize_vdlm2_nested_dumpvdl2_format" time="0.002" /><testcase classname="skyspy.tests.test_services_acars.AcarsServiceNormalizationTests" name="test_normalize_vdlm2_nested_frequency_from_hz" time="0.003" /><testcase classname="skyspy.tests.test_services_acars.AcarsServiceStatisticsTests" name="test_get_stats_hourly_count_cleanup" time="0.005" /><testcase classname="skyspy.tests.test_services_acars.AcarsServiceStatisticsTests" name="test_get_stats_initial_state" time="0.002" /><testcase classname="skyspy.tests.test_services_acars.AcarsServiceStatisticsTests" name="test_get_stats_top_frequencies" time="0.005" /><testcase classname="skyspy.tests.test_services_acars.AcarsServiceRecentMessagesTests" name="test_get_recent_messages_empty" time="0.005" /><testcase classname="skyspy.tests.test_services_acars.AcarsServiceRecentMessagesTests" name="test_get_recent_messages_respects_limit" time="0.003" /><testcase classname="skyspy.tests.test_services_acars.AcarsServiceRecentMessagesTests" name="test_get_recent_messages_reversed_order" time="0.002" /><testcase classname="skyspy.tests.test_services_acars.AcarsServiceRecentMessagesTests" name="test_recent_messages_max_buffer_size" time="0.003" /><testcase classname="skyspy.tests.test_services_acars.AcarsServiceProcessMessageTests" name="test_process_message_duplicate_filtered" time="0.064" /><testcase classname="skyspy.tests.test_services_acars.AcarsServiceProcessMessageTests" name="test_process_message_frequency_tracking" time="0.013" /><testcase classname="skyspy.tests.test_services_acars.AcarsServiceProcessMessageTests" name="test_process_message_invalid_json" time="0.007" /><testcase classname="skyspy.tests.test_services_acars.AcarsServiceProcessMessageTests" name="test_process_message_unicode_error" time="0.006" /><testcase classname="skyspy.tests.test_services_acars.AcarsServiceProcessMessageTests" name="test_process_message_valid_acars" time="0.016" /><testcase classname="skyspy.tests.test_services_acars.AcarsServiceBroadcastTests" name="test_broadcast_failure_does_not_raise" time="0.008" /><testcase classname="skyspy.tests.test_services_acars.AcarsServiceBroadcastTests" name="test_broadcast_message_adds_timestamp" time="0.003" /><testcase classname="skyspy.tests.test_services_acars.AcarsServiceBroadcastTests" name="test_broadcast_message_to_aircraft_group" time="0.004" /><testcase classname="skyspy.tests.test_services_acars.AcarsServiceBroadcastTests" name="test_broadcast_message_to_all_group" time="0.004" /><testcase classname="skyspy.tests.test_services_acars.AcarsServiceStorageTests" name="test_store_message_creates_record" time="0.015"><failure message="AssertionError: 6685 != 1">/Users/maxwatermolen/source/skyspy/skyspy_django/skyspy/tests/test_services_acars.py:852: in test_store_message_creates_record
    ???
E   AssertionError: 6685 != 1</failure></testcase><testcase classname="skyspy.tests.test_services_acars.AcarsServiceStorageTests" name="test_store_message_error_does_not_raise" time="0.023" /><testcase classname="skyspy.tests.test_services_acars.AcarsServiceStorageTests" name="test_store_message_handles_iso_timestamp" time="0.016"><failure message="AssertionError: 6685 != 1">/Users/maxwatermolen/source/skyspy/skyspy_django/skyspy/tests/test_services_acars.py:872: in test_store_message_handles_iso_timestamp
    ???
E   AssertionError: 6685 != 1</failure></testcase><testcase classname="skyspy.tests.test_services_acars.AcarsServiceLifecycleTests" name="test_start_ignores_duplicate_start" time="0.007" /><testcase classname="skyspy.tests.test_services_acars.AcarsServiceLifecycleTests" name="test_start_sets_running_flag" time="0.004" /><testcase classname="skyspy.tests.test_services_acars.AcarsServiceLifecycleTests" name="test_stop_cancels_tasks" time="0.005" /><testcase classname="skyspy.tests.test_services_acars.AcarsServiceLifecycleTests" name="test_stop_clears_running_flag" time="0.003" /><testcase classname="skyspy.tests.test_services_acars.AcarsServiceEdgeCaseTests" name="test_normalize_message_exception_handling" time="0.004" /><testcase classname="skyspy.tests.test_services_acars.AcarsServiceEdgeCaseTests" name="test_normalize_message_with_empty_text" time="0.002" /><testcase classname="skyspy.tests.test_services_acars.AcarsServiceEdgeCaseTests" name="test_normalize_message_with_none_flight" time="0.003" /><testcase classname="skyspy.tests.test_services_acars.AcarsServiceEdgeCaseTests" name="test_normalize_unknown_source_returns_none" time="0.003" /><testcase classname="skyspy.tests.test_services_acars.AcarsServiceEdgeCaseTests" name="test_normalize_vdlm2_integer_icao" time="0.003" /><testcase classname="skyspy.tests.test_services_acars.AcarsServiceEdgeCaseTests" name="test_normalize_vdlm2_small_integer_icao" time="0.004" /><testcase classname="skyspy.tests.test_services_alerts.AlertServiceOperatorTests" name="test_compare_contains_case_insensitive" time="0.004" /><testcase classname="skyspy.tests.test_services_alerts.AlertServiceOperatorTests" name="test_compare_contains_match" time="0.003" /><testcase classname="skyspy.tests.test_services_alerts.AlertServiceOperatorTests" name="test_compare_contains_no_match" time="0.002" /><testcase classname="skyspy.tests.test_services_alerts.AlertServiceOperatorTests" name="test_compare_endswith_match" time="0.003" /><testcase classname="skyspy.tests.test_services_alerts.AlertServiceOperatorTests" name="test_compare_endswith_no_match" time="0.002" /><testcase classname="skyspy.tests.test_services_alerts.AlertServiceOperatorTests" name="test_compare_eq_case_insensitive" time="0.002" /><testcase classname="skyspy.tests.test_services_alerts.AlertServiceOperatorTests" name="test_compare_eq_string_match" time="0.003" /><testcase classname="skyspy.tests.test_services_alerts.AlertServiceOperatorTests" name="test_compare_eq_string_no_match" time="0.002" /><testcase classname="skyspy.tests.test_services_alerts.AlertServiceOperatorTests" name="test_compare_ge_equal" time="0.002" /><testcase classname="skyspy.tests.test_services_alerts.AlertServiceOperatorTests" name="test_compare_ge_greater_than" time="0.002" /><testcase classname="skyspy.tests.test_services_alerts.AlertServiceOperatorTests" name="test_compare_ge_less" time="0.002" /><testcase classname="skyspy.tests.test_services_alerts.AlertServiceOperatorTests" name="test_compare_gt_equal" time="0.001" /><testcase classname="skyspy.tests.test_services_alerts.AlertServiceOperatorTests" name="test_compare_gt_greater_than" time="0.002" /><testcase classname="skyspy.tests.test_services_alerts.AlertServiceOperatorTests" name="test_compare_gt_less" time="0.002" /><testcase classname="skyspy.tests.test_services_alerts.AlertServiceOperatorTests" name="test_compare_invalid_operator" time="0.002" /><testcase classname="skyspy.tests.test_services_alerts.AlertServiceOperatorTests" name="test_compare_le_equal" time="0.002" /><testcase classname="skyspy.tests.test_services_alerts.AlertServiceOperatorTests" name="test_compare_le_greater" time="0.003" /><testcase classname="skyspy.tests.test_services_alerts.AlertServiceOperatorTests" name="test_compare_le_less_than" time="0.002" /><testcase classname="skyspy.tests.test_services_alerts.AlertServiceOperatorTests" name="test_compare_lt_equal" time="0.002" /><testcase classname="skyspy.tests.test_services_alerts.AlertServiceOperatorTests" name="test_compare_lt_greater" time="0.004" /><testcase classname="skyspy.tests.test_services_alerts.AlertServiceOperatorTests" name="test_compare_lt_less_than" time="0.002" /><testcase classname="skyspy.tests.test_services_alerts.AlertServiceOperatorTests" name="test_compare_neq_different_values" time="0.003" /><testcase classname="skyspy.tests.test_services_alerts.AlertServiceOperatorTests" name="test_compare_neq_same_values" time="0.002" /><testcase classname="skyspy.tests.test_services_alerts.AlertServiceOperatorTests" name="test_compare_none_value" time="0.003" /><testcase classname="skyspy.tests.test_services_alerts.AlertServiceOperatorTests" name="test_compare_numeric_with_non_numeric_string" time="0.003" /><testcase classname="skyspy.tests.test_services_alerts.AlertServiceOperatorTests" name="test_compare_regex_case_insensitive" time="0.005" /><testcase classname="skyspy.tests.test_services_alerts.AlertServiceOperatorTests" name="test_compare_regex_match" time="0.002" /><testcase classname="skyspy.tests.test_services_alerts.AlertServiceOperatorTests" name="test_compare_regex_no_match" time="0.002" /><testcase classname="skyspy.tests.test_services_alerts.AlertServiceOperatorTests" name="test_compare_startswith_match" time="0.002" /><testcase classname="skyspy.tests.test_services_alerts.AlertServiceOperatorTests" name="test_compare_startswith_no_match" time="0.004" /><testcase classname="skyspy.tests.test_services_alerts.AlertServiceFieldMappingTests" name="test_get_altitude_value" time="0.006" /><testcase classname="skyspy.tests.test_services_alerts.AlertServiceFieldMappingTests" name="test_get_callsign_value" time="0.002" /><testcase classname="skyspy.tests.test_services_alerts.AlertServiceFieldMappingTests" name="test_get_category_value" time="0.002" /><testcase classname="skyspy.tests.test_services_alerts.AlertServiceFieldMappingTests" name="test_get_distance_value" time="0.002" /><testcase classname="skyspy.tests.test_services_alerts.AlertServiceFieldMappingTests" name="test_get_icao_value" time="0.003" /><testcase classname="skyspy.tests.test_services_alerts.AlertServiceFieldMappingTests" name="test_get_military_value" time="0.003" /><testcase classname="skyspy.tests.test_services_alerts.AlertServiceFieldMappingTests" name="test_get_missing_field_returns_none" time="0.002" /><testcase classname="skyspy.tests.test_services_alerts.AlertServiceFieldMappingTests" name="test_get_speed_value" time="0.003" /><testcase classname="skyspy.tests.test_services_alerts.AlertServiceFieldMappingTests" name="test_get_squawk_value" time="0.010" /><testcase classname="skyspy.tests.test_services_alerts.AlertServiceFieldMappingTests" name="test_get_type_value" time="0.004" /><testcase classname="skyspy.tests.test_services_alerts.AlertServiceFieldMappingTests" name="test_get_unknown_field_returns_none" time="0.002" /><testcase classname="skyspy.tests.test_services_alerts.AlertServiceFieldMappingTests" name="test_get_vertical_rate_value" time="0.003" /><testcase classname="skyspy.tests.test_services_alerts.AlertServiceSimpleConditionTests" name="test_simple_condition_altitude_above" time="0.004" /><testcase classname="skyspy.tests.test_services_alerts.AlertServiceSimpleConditionTests" name="test_simple_condition_callsign_startswith" time="0.002" /><testcase classname="skyspy.tests.test_services_alerts.AlertServiceSimpleConditionTests" name="test_simple_condition_icao_match" time="0.002" /><testcase classname="skyspy.tests.test_services_alerts.AlertServiceSimpleConditionTests" name="test_simple_condition_missing_value_returns_false" time="0.002" /><testcase classname="skyspy.tests.test_services_alerts.AlertServiceSimpleConditionTests" name="test_simple_condition_squawk_emergency" time="0.003" /><testcase classname="skyspy.tests.test_services_alerts.AlertServiceComplexConditionTests" name="test_complex_conditions_and_all_true" time="0.006" /><testcase classname="skyspy.tests.test_services_alerts.AlertServiceComplexConditionTests" name="test_complex_conditions_and_one_false" time="0.002" /><testcase classname="skyspy.tests.test_services_alerts.AlertServiceComplexConditionTests" name="test_complex_conditions_default_and_logic" time="0.004" /><testcase classname="skyspy.tests.test_services_alerts.AlertServiceComplexConditionTests" name="test_complex_conditions_empty_conditions_in_group" time="0.010" /><testcase classname="skyspy.tests.test_services_alerts.AlertServiceComplexConditionTests" name="test_complex_conditions_empty_groups" time="0.012" /><testcase classname="skyspy.tests.test_services_alerts.AlertServiceComplexConditionTests" name="test_complex_conditions_multiple_groups" time="0.010" /><testcase classname="skyspy.tests.test_services_alerts.AlertServiceComplexConditionTests" name="test_complex_conditions_or_all_false" time="0.015" /><testcase classname="skyspy.tests.test_services_alerts.AlertServiceComplexConditionTests" name="test_complex_conditions_or_one_true" time="0.023" /><testcase classname="skyspy.tests.test_services_alerts.AlertServiceRuleEvaluationTests" name="test_check_rule_both_simple_and_complex" time="0.117" /><testcase classname="skyspy.tests.test_services_alerts.AlertServiceRuleEvaluationTests" name="test_check_rule_simple_match" time="0.042" /><testcase classname="skyspy.tests.test_services_alerts.AlertServiceRuleEvaluationTests" name="test_check_rule_simple_no_match" time="0.010" /><testcase classname="skyspy.tests.test_services_alerts.AlertServiceRuleEvaluationTests" name="test_check_rule_with_complex_conditions" time="0.047" /><testcase classname="skyspy.tests.test_services_alerts.AlertServiceTriggerTests" name="test_trigger_alert_broadcasts_to_channel" time="0.151" /><testcase classname="skyspy.tests.test_services_alerts.AlertServiceTriggerTests" name="test_trigger_alert_cooldown" time="0.165" /><testcase classname="skyspy.tests.test_services_alerts.AlertServiceTriggerTests" name="test_trigger_alert_different_aircraft_no_cooldown" time="0.001"><skipped type="pytest.skip" message="_trigger_alert expects CompiledRule, not AlertRule - needs refactoring">/Users/maxwatermolen/source/skyspy/skyspy_django/skyspy/tests/test_services_alerts.py:685: _trigger_alert expects CompiledRule, not AlertRule - needs refactoring</skipped></testcase><testcase classname="skyspy.tests.test_services_alerts.AlertServiceTriggerTests" name="test_trigger_alert_stores_history" time="0.160" /><testcase classname="skyspy.tests.test_services_alerts.AlertServiceCheckAlertsTests" name="test_check_alerts_matches_enabled_rules" time="0.057" /><testcase classname="skyspy.tests.test_services_alerts.AlertServiceCheckAlertsTests" name="test_check_alerts_multiple_aircraft" time="0.044" /><testcase classname="skyspy.tests.test_services_alerts.AlertServiceCheckAlertsTests" name="test_check_alerts_multiple_rules" time="0.047" /><testcase classname="skyspy.tests.test_services_alerts.AlertServiceCheckAlertsTests" name="test_check_alerts_respects_schedule" time="0.032" /><testcase classname="skyspy.tests.test_services_alerts.AlertServiceNotificationTests" name="test_send_notification_apprise_called" time="0.022" /><testcase classname="skyspy.tests.test_services_alerts.AlertServiceNotificationTests" name="test_send_notification_disabled_config" time="0.013" /><testcase classname="skyspy.tests.test_services_alerts.AlertServiceNotificationTests" name="test_send_notification_empty_urls" time="0.011" /><testcase classname="skyspy.tests.test_services_alerts.AlertServiceWebhookTests" name="test_call_webhook_failure_does_not_raise" time="0.014" /><testcase classname="skyspy.tests.test_services_alerts.AlertServiceWebhookTests" name="test_call_webhook_success" time="0.006" /><testcase classname="skyspy.tests.test_services_alerts.AlertServiceEdgeCaseTests" name="test_aircraft_without_hex" time="0.014" /><testcase classname="skyspy.tests.test_services_alerts.AlertServiceEdgeCaseTests" name="test_check_alerts_empty_aircraft_list" time="0.013" /><testcase classname="skyspy.tests.test_services_alerts.AlertServiceEdgeCaseTests" name="test_check_alerts_no_rules" time="0.004" /><testcase classname="skyspy.tests.test_services_alerts.AlertServiceEdgeCaseTests" name="test_rule_without_simple_or_complex_conditions" time="0.008" /><testcase classname="skyspy.tests.test_services_safety.SafetyMonitorUnitTests" name="test_cooldown_cleanup" time="0.006" /><testcase classname="skyspy.tests.test_services_safety.SafetyMonitorUnitTests" name="test_cooldown_expiration" time="0.003" /><testcase classname="skyspy.tests.test_services_safety.SafetyMonitorUnitTests" name="test_cooldown_mechanism" time="0.003" /><testcase classname="skyspy.tests.test_services_safety.SafetyMonitorUnitTests" name="test_different_event_types_separate_cooldowns" time="0.003" /><testcase classname="skyspy.tests.test_services_safety.SafetyMonitorUnitTests" name="test_emergency_squawk_7500_hijack" time="0.005" /><testcase classname="skyspy.tests.test_services_safety.SafetyMonitorUnitTests" name="test_emergency_squawk_7600_radio_failure" time="0.004" /><testcase classname="skyspy.tests.test_services_safety.SafetyMonitorUnitTests" name="test_emergency_squawk_7700_emergency" time="0.004" /><testcase classname="skyspy.tests.test_services_safety.SafetyMonitorUnitTests" name="test_emergency_squawk_cooldown" time="0.004" /><testcase classname="skyspy.tests.test_services_safety.SafetyMonitorUnitTests" name="test_emergency_squawk_without_callsign" time="0.005" /><testcase classname="skyspy.tests.test_services_safety.SafetyMonitorUnitTests" name="test_extreme_vs_climbing" time="0.004" /><testcase classname="skyspy.tests.test_services_safety.SafetyMonitorUnitTests" name="test_extreme_vs_cooldown" time="0.004" /><testcase classname="skyspy.tests.test_services_safety.SafetyMonitorUnitTests" name="test_extreme_vs_descending" time="0.004" /><testcase classname="skyspy.tests.test_services_safety.SafetyMonitorUnitTests" name="test_normal_vs_no_alert" time="0.003" /><testcase classname="skyspy.tests.test_services_safety.SafetyMonitorUnitTests" name="test_proximity_conflict_critical_severity" time="0.005" /><testcase classname="skyspy.tests.test_services_safety.SafetyMonitorUnitTests" name="test_proximity_conflict_detection" time="0.004" /><testcase classname="skyspy.tests.test_services_safety.SafetyMonitorUnitTests" name="test_proximity_no_alert_large_altitude_diff" time="0.003" /><testcase classname="skyspy.tests.test_services_safety.SafetyMonitorUnitTests" name="test_proximity_no_alert_large_distance" time="0.003" /><testcase classname="skyspy.tests.test_services_safety.SafetyMonitorUnitTests" name="test_state_cleanup" time="0.003" /><testcase classname="skyspy.tests.test_services_safety.SafetyMonitorUnitTests" name="test_vs_reversal_detection" time="0.205" /><testcase classname="skyspy.tests.test_services_safety.SafetyMonitorUnitTests" name="test_vs_reversal_low_vs_no_alert" time="0.005" /><testcase classname="skyspy.tests.test_services_safety.SafetyMonitorUnitTests" name="test_vs_reversal_one_value_below_threshold" time="0.003" /><testcase classname="skyspy.tests.test_services_safety.SafetyMonitorUnitTests" name="test_vs_reversal_small_change_no_alert" time="0.004" /><testcase classname="skyspy.tests.test_services_safety.SafetyMonitorIntegrationTests" name="test_broadcast_failure_does_not_break_workflow" time="0.022" /><testcase classname="skyspy.tests.test_services_safety.SafetyMonitorIntegrationTests" name="test_disabled_monitoring_returns_empty" time="0.004" /><testcase classname="skyspy.tests.test_services_safety.SafetyMonitorIntegrationTests" name="test_full_update_workflow_emergency_squawk" time="0.008" /><testcase classname="skyspy.tests.test_services_safety.SafetyMonitorIntegrationTests" name="test_full_update_workflow_multiple_events" time="0.007" /><testcase classname="skyspy.tests.test_services_safety.SafetyMonitorIntegrationTests" name="test_full_update_workflow_proximity" time="0.006" /><testcase classname="skyspy.tests.test_services_safety.SafetyMonitorIntegrationTests" name="test_full_update_workflow_vs_reversal_tracking" time="0.007" /><testcase classname="skyspy.tests.test_services_safety.SafetyMonitorEdgeCaseTests" name="test_empty_aircraft_list" time="0.008" /><testcase classname="skyspy.tests.test_services_safety.SafetyMonitorEdgeCaseTests" name="test_lowercase_icao_hex_normalized" time="0.006" /><testcase classname="skyspy.tests.test_services_safety.SafetyMonitorEdgeCaseTests" name="test_missing_icao_hex" time="0.003" /><testcase classname="skyspy.tests.test_services_safety.SafetyMonitorEdgeCaseTests" name="test_multiple_proximity_conflicts" time="0.006" /><testcase classname="skyspy.tests.test_services_safety.SafetyMonitorEdgeCaseTests" name="test_none_values_in_aircraft_data" time="0.002" /><testcase classname="skyspy.tests.test_services_safety.SafetyMonitorEdgeCaseTests" name="test_proximity_check_skips_aircraft_without_position" time="0.004" /><testcase classname="skyspy.tests.test_services_safety.SafetyMonitorEdgeCaseTests" name="test_proximity_check_with_missing_altitude" time="0.003" /><testcase classname="skyspy.tests.test_services_safety.SafetyMonitorEdgeCaseTests" name="test_vs_rate_from_alternative_fields" time="0.004" /><testcase classname="skyspy.tests.test_socketio_events.TestNotamRequestHandlers" name="test_notam_snapshot_handler_exists" time="0.055" /><testcase classname="skyspy.tests.test_socketio_events.TestNotamRequestHandlers" name="test_airport_handler_exists" time="0.006" /><testcase classname="skyspy.tests.test_socketio_events.TestNotamRequestHandlers" name="test_airport_handler_requires_icao" time="0.004" /><testcase classname="skyspy.tests.test_socketio_events.TestNotamRequestHandlers" name="test_refresh_handler_exists" time="0.003" /><testcase classname="skyspy.tests.test_socketio_events.TestSnapshotRequestHandlers" name="test_safety_snapshot_handler" time="0.004" /><testcase classname="skyspy.tests.test_socketio_events.TestSnapshotRequestHandlers" name="test_alert_snapshot_handler" time="0.004" /><testcase classname="skyspy.tests.test_socketio_events.TestSnapshotRequestHandlers" name="test_acars_snapshot_handler" time="0.005"><failure message="AttributeError: 'AcarsMessage' object has no attribute 'flight'">/Users/maxwatermolen/source/skyspy/skyspy_django/skyspy/tests/test_socketio_events.py:482: in test_acars_snapshot_handler
    ???
skyspy/socketio/namespaces/main.py:644: in _handle_generic_request
    return await handler(params)
           ^^^^^^^^^^^^^^^^^^^^^
skyspy/socketio/namespaces/main.py:2601: in _handle_acars_snapshot
    return await self._get_acars_snapshot(params)
           ^^^^^^^^^^^^^^^^^^^^^^^^^^^^^^^^^^^^^^
/opt/venv/lib/python3.14/site-packages/asgiref/sync.py:504: in __call__
    ret = await asyncio.shield(exec_coro)
          ^^^^^^^^^^^^^^^^^^^^^^^^^^^^^^^
/usr/local/lib/python3.14/concurrent/futures/thread.py:86: in run
    result = ctx.run(self.task)
             ^^^^^^^^^^^^^^^^^^
/usr/local/lib/python3.14/concurrent/futures/thread.py:73: in run
    return fn(*args, **kwargs)
           ^^^^^^^^^^^^^^^^^^^
/opt/venv/lib/python3.14/site-packages/asgiref/sync.py:559: in thread_handler
    return func(*args, **kwargs)
           ^^^^^^^^^^^^^^^^^^^^^
skyspy/socketio/namespaces/main.py:2647: in _get_acars_snapshot
    "flight": msg.flight,
              ^^^^^^^^^^
E   AttributeError: 'AcarsMessage' object has no attribute 'flight'</failure></testcase><testcase classname="skyspy.tests.test_socketio_events.TestInitialState" name="test_send_initial_state_sends_aircraft_snapshot" time="0.005" /><testcase classname="skyspy.tests.test_socketio_events.TestInitialState" name="test_send_initial_state_sends_safety_snapshot_if_subscribed" time="0.004" /><testcase classname="skyspy.tests.test_socketio_events.TestInitialState" name="test_send_initial_state_sends_all_snapshots_if_subscribed_to_all" time="0.004" /><testcase classname="skyspy.tests.test_socketio_events.TestInitialState" name="test_send_initial_state_does_not_send_if_not_subscribed" time="0.003" /><testcase classname="skyspy.tests.test_socketio_events.TestNotamRefreshBroadcasting" name="test_refresh_notams_broadcasts_events" time="0.004" /><testcase classname="skyspy.tests.test_socketio_namespaces.TestAuthMiddleware" name="test_authenticate_no_token_public_mode" time="0.003" /><testcase classname="skyspy.tests.test_socketio_namespaces.TestAuthMiddleware" name="test_authenticate_no_token_private_mode" time="0.002" /><testcase classname="skyspy.tests.test_socketio_namespaces.TestAuthMiddleware" name="test_authenticate_invalid_jwt" time="0.005" /><testcase classname="skyspy.tests.test_socketio_namespaces.TestPermissionsMiddleware" name="test_check_topic_permission_public_mode" time="0.003" /><testcase classname="skyspy.tests.test_socketio_namespaces.TestPermissionsMiddleware" name="test_get_allowed_topics" time="0.007" /><testcase classname="skyspy.tests.test_tasks_aircraft.CalculateDistanceTest" name="test_distance_is_symmetric" time="0.006" /><testcase classname="skyspy.tests.test_tasks_aircraft.CalculateDistanceTest" name="test_known_distance" time="0.003" /><testcase classname="skyspy.tests.test_tasks_aircraft.CalculateDistanceTest" name="test_same_point_returns_zero" time="0.003" /><testcase classname="skyspy.tests.test_tasks_aircraft.PollAircraftTaskTest" name="test_poll_aircraft_emergency_squawk" time="0.027" /><testcase classname="skyspy.tests.test_tasks_aircraft.PollAircraftTaskTest" name="test_poll_aircraft_http_error" time="0.009" /><testcase classname="skyspy.tests.test_tasks_aircraft.PollAircraftTaskTest" name="test_poll_aircraft_invalid_json" time="0.003" /><testcase classname="skyspy.tests.test_tasks_aircraft.PollAircraftTaskTest" name="test_poll_aircraft_success" time="0.011" /><testcase classname="skyspy.tests.test_tasks_aircraft.CleanupSessionsTaskTest" name="test_cleanup_sessions_identifies_stale" time="0.259" /><testcase classname="skyspy.tests.test_tasks_aircraft.StoreAircraftSightingsTaskTest" name="test_store_sightings_empty_list" time="1.123" /><testcase classname="skyspy.tests.test_tasks_aircraft.StoreAircraftSightingsTaskTest" name="test_store_sightings_handles_missing_fields" time="0.332" /><testcase classname="skyspy.tests.test_tasks_aircraft.StoreAircraftSightingsTaskTest" name="test_store_sightings_skips_no_position" time="0.448" /><testcase classname="skyspy.tests.test_tasks_aircraft.StoreAircraftSightingsTaskTest" name="test_store_sightings_valid_data" time="0.306" /><testcase classname="skyspy.tests.test_tasks_aircraft.UpdateAircraftSessionsTaskTest" name="test_update_sessions_creates_new_for_stale_session" time="0.227" /><testcase classname="skyspy.tests.test_tasks_aircraft.UpdateAircraftSessionsTaskTest" name="test_update_sessions_creates_new_session" time="0.069" /><testcase classname="skyspy.tests.test_tasks_aircraft.UpdateAircraftSessionsTaskTest" name="test_update_sessions_empty_list" time="0.044" /><testcase classname="skyspy.tests.test_tasks_aircraft.UpdateAircraftSessionsTaskTest" name="test_update_sessions_skips_empty_icao" time="0.045" /><testcase classname="skyspy.tests.test_tasks_aircraft.UpdateAircraftSessionsTaskTest" name="test_update_sessions_updates_existing_session" time="0.049" /><testcase classname="skyspy.tests.test_tasks_aircraft.UpdateStatsCacheTaskTest" name="test_update_stats_cache_empty" time="0.006" /><testcase classname="skyspy.tests.test_tasks_aircraft.UpdateStatsCacheTaskTest" name="test_update_stats_cache_with_aircraft" time="0.004" /><testcase classname="skyspy.tests.test_tasks_aircraft.UpdateSafetyStatsTaskTest" name="test_update_safety_stats_no_events" time="0.012" /><testcase classname="skyspy.tests.test_tasks_aircraft.UpdateSafetyStatsTaskTest" name="test_update_safety_stats_with_events" time="0.014" /><testcase classname="skyspy.tests.test_tasks_aircraft.TaskRetryBehaviorTest" name="test_poll_aircraft_no_retry_on_failure" time="0.013" /><testcase classname="skyspy.tests.test_tasks_aircraft.TaskSchedulingTest" name="test_cleanup_sessions_is_shared_task" time="0.004" /><testcase classname="skyspy.tests.test_tasks_aircraft.TaskSchedulingTest" name="test_poll_aircraft_is_shared_task" time="0.004" /><testcase classname="skyspy.tests.test_tasks_aircraft.TaskSchedulingTest" name="test_store_aircraft_sightings_is_shared_task" time="0.003" /><testcase classname="skyspy.tests.test_tasks_aircraft.TaskSchedulingTest" name="test_update_stats_cache_is_shared_task" time="0.004" /><testcase classname="skyspy.tests.test_tasks_aircraft.TaskAtomicityTest" name="test_store_sightings_atomic_rollback" time="0.006" /><testcase classname="skyspy.tests.test_tasks_aircraft.TaskAtomicityTest" name="test_update_sessions_atomic" time="0.003" /><testcase classname="skyspy.tests.test_tasks_aircraft_stream.NormalizeAircraftFastTest" name="test_normalize_aircraft_fast_basic_fields" time="0.005" /><testcase classname="skyspy.tests.test_tasks_aircraft_stream.NormalizeAircraftFastTest" name="test_normalize_aircraft_fast_emergency_squawks" time="0.003" /><testcase classname="skyspy.tests.test_tasks_aircraft_stream.NormalizeAircraftFastTest" name="test_normalize_aircraft_fast_military_flag" time="0.002" /><testcase classname="skyspy.tests.test_tasks_aircraft_stream.NormalizeAircraftFastTest" name="test_normalize_aircraft_fast_no_position" time="0.002" /><testcase classname="skyspy.tests.test_tasks_aircraft_stream.NormalizeAircraftFastTest" name="test_normalize_aircraft_legacy_wrapper" time="0.004" /><testcase classname="skyspy.tests.test_tasks_aircraft_stream.UpdateStateAndBroadcastTest" name="test_update_state_broadcasts_positions" time="0.007" /><testcase classname="skyspy.tests.test_tasks_aircraft_stream.UpdateStateAndBroadcastTest" name="test_update_state_buffers_for_database" time="0.004" /><testcase classname="skyspy.tests.test_tasks_aircraft_stream.UpdateStateAndBroadcastTest" name="test_update_state_detects_new_aircraft" time="0.003" /><testcase classname="skyspy.tests.test_tasks_aircraft_stream.UpdateStateAndBroadcastTest" name="test_update_state_empty_batch" time="0.005" /><testcase classname="skyspy.tests.test_tasks_aircraft_stream.UpdateStateAndBroadcastTest" name="test_update_state_updates_memory" time="0.006" /><testcase classname="skyspy.tests.test_tasks_aircraft_stream.SyncCacheStateTest" name="test_sync_cache_state_updates_cache" time="0.012" /><testcase classname="skyspy.tests.test_tasks_aircraft_stream.FlushStreamToDatabaseTest" name="test_flush_creates_sightings" time="0.008" /><testcase classname="skyspy.tests.test_tasks_aircraft_stream.FlushStreamToDatabaseTest" name="test_flush_empty_buffer" time="0.004" /><testcase classname="skyspy.tests.test_tasks_aircraft_stream.ProcessNewAircraftLookupsTest" name="test_process_empty_queue" time="0.005" /><testcase classname="skyspy.tests.test_tasks_aircraft_stream.ProcessNewAircraftLookupsTest" name="test_process_queues_lookups" time="0.006" /><testcase classname="skyspy.tests.test_tasks_aircraft_stream.PollAircraftStreamingBypassTest" name="test_poll_aircraft_runs_when_stream_inactive" time="0.009" /><testcase classname="skyspy.tests.test_tasks_aircraft_stream.PollAircraftStreamingBypassTest" name="test_poll_aircraft_runs_when_streaming_disabled" time="0.006" /><testcase classname="skyspy.tests.test_tasks_aircraft_stream.PollAircraftStreamingBypassTest" name="test_poll_aircraft_skips_when_stream_active" time="0.006" /><testcase classname="skyspy.tests.test_tasks_aircraft_stream.StartAircraftStreamTest" name="test_start_stream_already_active" time="0.009" /><testcase classname="skyspy.tests.test_tasks_aircraft_stream.StartAircraftStreamTest" name="test_start_stream_disabled" time="0.006" /><testcase classname="skyspy.tests.test_tasks_aircraft_stream.StartAircraftStreamTest" name="test_start_stream_launches_task" time="0.006" /><testcase classname="skyspy.tests.test_tasks_aircraft_stream.StreamAircraftTaskTest" name="test_stream_aircraft_connection_refused" time="1.011" /><testcase classname="skyspy.tests.test_tasks_aircraft_stream.StreamAircraftTaskTest" name="test_stream_aircraft_exits_when_disabled" time="0.004" /><testcase classname="skyspy.tests.test_tasks_aircraft_stream.StreamAircraftIntegrationTest" name="test_stream_processes_json_lines" time="0.007" /><testcase classname="skyspy.tests.test_tasks_aircraft_stream.StreamAircraftCeleryConfigTest" name="test_flush_stream_to_database_is_shared_task" time="0.006" /><testcase classname="skyspy.tests.test_tasks_aircraft_stream.StreamAircraftCeleryConfigTest" name="test_process_new_aircraft_lookups_is_shared_task" time="0.003" /><testcase classname="skyspy.tests.test_tasks_aircraft_stream.StreamAircraftCeleryConfigTest" name="test_start_aircraft_stream_is_shared_task" time="0.003" /><testcase classname="skyspy.tests.test_tasks_aircraft_stream.StreamAircraftCeleryConfigTest" name="test_stream_aircraft_has_no_retries" time="0.002" /><testcase classname="skyspy.tests.test_tasks_aircraft_stream.StreamAircraftCeleryConfigTest" name="test_stream_aircraft_ignores_result" time="0.003" /><testcase classname="skyspy.tests.test_tasks_aircraft_stream.StreamAircraftCeleryConfigTest" name="test_stream_aircraft_is_shared_task" time="0.002" /><testcase classname="skyspy.tests.test_tasks_aircraft_stream.StreamSettingsTest" name="test_default_batch_ms" time="0.005" /><testcase classname="skyspy.tests.test_tasks_aircraft_stream.StreamSettingsTest" name="test_default_stream_port" time="0.002" /><testcase classname="skyspy.tests.test_tasks_aircraft_stream.StreamSettingsTest" name="test_settings_have_defaults" time="0.002" /><testcase classname="skyspy.tests.test_tasks_aircraft_stream.LowLatencyArchitectureTest" name="test_cache_sync_is_separate_from_broadcast" time="0.005" /><testcase classname="skyspy.tests.test_tasks_aircraft_stream.LowLatencyArchitectureTest" name="test_database_writes_are_buffered" time="0.003" /><testcase classname="skyspy.tests.test_tasks_aircraft_stream.LowLatencyArchitectureTest" name="test_hot_path_does_not_touch_database" time="0.004" /><testcase classname="skyspy.tests.test_tasks_airspace.RefreshAirspaceAdvisoriesTaskTest" name="test_refresh_advisories_broadcasts_update" time="0.025" /><testcase classname="skyspy.tests.test_tasks_airspace.RefreshAirspaceAdvisoriesTaskTest" name="test_refresh_advisories_deletes_expired" time="0.008" /><testcase classname="skyspy.tests.test_tasks_airspace.RefreshAirspaceAdvisoriesTaskTest" name="test_refresh_advisories_handles_broadcast_failure" time="0.008" /><testcase classname="skyspy.tests.test_tasks_airspace.RefreshAirspaceAdvisoriesTaskTest" name="test_refresh_advisories_handles_invalid_dates" time="0.009" /><testcase classname="skyspy.tests.test_tasks_airspace.RefreshAirspaceAdvisoriesTaskTest" name="test_refresh_advisories_http_error" time="0.003" /><testcase classname="skyspy.tests.test_tasks_airspace.RefreshAirspaceAdvisoriesTaskTest" name="test_refresh_advisories_non_200_response" time="0.003" /><testcase classname="skyspy.tests.test_tasks_airspace.RefreshAirspaceAdvisoriesTaskTest" name="test_refresh_advisories_skips_invalid_advisory" time="0.008" /><testcase classname="skyspy.tests.test_tasks_airspace.RefreshAirspaceAdvisoriesTaskTest" name="test_refresh_advisories_success" time="0.009" /><testcase classname="skyspy.tests.test_tasks_airspace.RefreshAirspaceAdvisoriesTaskTest" name="test_refresh_advisories_updates_existing" time="0.009" /><testcase classname="skyspy.tests.test_tasks_airspace.RefreshAirspaceBoundariesTaskTest" name="test_refresh_boundaries_broadcasts_update" time="0.118" /><testcase classname="skyspy.tests.test_tasks_airspace.RefreshAirspaceBoundariesTaskTest" name="test_refresh_boundaries_empty_database" time="0.014" /><testcase classname="skyspy.tests.test_tasks_airspace.RefreshAirspaceBoundariesTaskTest" name="test_refresh_boundaries_handles_broadcast_failure" time="0.011" /><testcase classname="skyspy.tests.test_tasks_airspace.RefreshAirspaceBoundariesTaskTest" name="test_refresh_boundaries_success" time="0.021" /><testcase classname="skyspy.tests.test_tasks_airspace.AirspaceTaskSchedulingTest" name="test_refresh_advisories_is_shared_task" time="0.004" /><testcase classname="skyspy.tests.test_tasks_airspace.AirspaceTaskSchedulingTest" name="test_refresh_boundaries_is_shared_task" time="0.003" /><testcase classname="skyspy.tests.test_tasks_airspace.AirspaceTaskAtomicityTest" name="test_refresh_advisories_uses_atomic" time="0.005" /><testcase classname="skyspy.tests.test_tasks_airspace.AirspaceAdvisoryModelTest" name="test_advisory_types_supported" time="0.009"><failure message="AssertionError: 25 != 5">/Users/maxwatermolen/source/skyspy/skyspy_django/skyspy/tests/test_tasks_airspace.py:391: in test_advisory_types_supported
    ???
E   AssertionError: 25 != 5</failure></testcase><testcase classname="skyspy.tests.test_tasks_airspace.AirspaceAdvisoryModelTest" name="test_hazard_types_supported" time="0.008"><failure message="AssertionError: 29 != 9">/Users/maxwatermolen/source/skyspy/skyspy_django/skyspy/tests/test_tasks_airspace.py:404: in test_hazard_types_supported
    ???
E   AssertionError: 29 != 9</failure></testcase><testcase classname="skyspy.tests.test_tasks_airspace.AirspaceBoundaryModelTest" name="test_airspace_classes_supported" time="0.012"><failure message="AssertionError: 1800 != 10">/Users/maxwatermolen/source/skyspy/skyspy_django/skyspy/tests/test_tasks_airspace.py:425: in test_airspace_classes_supported
    ???
E   AssertionError: 1800 != 10</failure></testcase><testcase classname="skyspy.tests.test_tasks_airspace.AirspaceBoundaryModelTest" name="test_polygon_geojson_storage" time="0.006" /><testcase classname="skyspy.tests.test_tasks_analytics.UpdateAntennaAnalyticsTaskTest" name="test_analytics_cache_timeout" time="1.340" /><testcase classname="skyspy.tests.test_tasks_analytics.UpdateAntennaAnalyticsTaskTest" name="test_analytics_direction_calculation" time="0.034" /><testcase classname="skyspy.tests.test_tasks_analytics.UpdateAntennaAnalyticsTaskTest" name="test_analytics_no_sightings" time="0.011" /><testcase classname="skyspy.tests.test_tasks_analytics.UpdateAntennaAnalyticsTaskTest" name="test_analytics_only_uses_recent_sightings" time="0.034" /><testcase classname="skyspy.tests.test_tasks_analytics.UpdateAntennaAnalyticsTaskTest" name="test_analytics_positions_per_hour" time="0.208" /><testcase classname="skyspy.tests.test_tasks_analytics.UpdateAntennaAnalyticsTaskTest" name="test_analytics_rssi_statistics" time="0.059" /><testcase classname="skyspy.tests.test_tasks_analytics.UpdateAntennaAnalyticsTaskTest" name="test_analytics_skips_null_distance" time="0.067" /><testcase classname="skyspy.tests.test_tasks_analytics.UpdateAntennaAnalyticsTaskTest" name="test_analytics_with_sightings" time="0.058" /><testcase classname="skyspy.tests.test_tasks_analytics.CalculateDailyStatsTaskTest" name="test_daily_stats_calculates_yesterday" time="0.225" /><testcase classname="skyspy.tests.test_tasks_analytics.CalculateDailyStatsTaskTest" name="test_daily_stats_excludes_today" time="0.113" /><testcase classname="skyspy.tests.test_tasks_analytics.CalculateDailyStatsTaskTest" name="test_daily_stats_max_distance" time="0.063" /><testcase classname="skyspy.tests.test_tasks_analytics.CalculateDailyStatsTaskTest" name="test_daily_stats_military_count" time="0.071" /><testcase classname="skyspy.tests.test_tasks_analytics.CalculateDailyStatsTaskTest" name="test_daily_stats_no_data" time="0.020" /><testcase classname="skyspy.tests.test_tasks_analytics.CalculateDailyStatsTaskTest" name="test_daily_stats_unique_aircraft_count" time="0.026" /><testcase classname="skyspy.tests.test_tasks_analytics.AnalyticsTaskSchedulingTest" name="test_calculate_daily_stats_is_shared_task" time="0.016" /><testcase classname="skyspy.tests.test_tasks_analytics.AnalyticsTaskSchedulingTest" name="test_update_antenna_analytics_is_shared_task" time="0.007" /><testcase classname="skyspy.tests.test_tasks_analytics.AnalyticsPerformanceTest" name="test_antenna_analytics_handles_large_dataset" time="0.078" /><testcase classname="skyspy.tests.test_tasks_analytics.AnalyticsEdgeCasesTest" name="test_analytics_handles_extreme_coordinates" time="0.029" /><testcase classname="skyspy.tests.test_tasks_analytics.AnalyticsEdgeCasesTest" name="test_analytics_handles_zero_distance" time="0.011" /><testcase classname="skyspy.tests.test_tasks_analytics.AnalyticsEdgeCasesTest" name="test_daily_stats_completes_without_error" time="0.018" /><testcase classname="skyspy.tests.test_tasks_analytics.AnalyticsEdgeCasesTest" name="test_daily_stats_handles_null_distances" time="0.024" /><testcase classname="skyspy.tests.test_tasks_transcription.ProcessTranscriptionQueueTaskTest" name="test_process_queue_disabled" time="0.022" /><testcase classname="skyspy.tests.test_tasks_transcription.ProcessTranscriptionQueueTaskTest" name="test_process_queue_respects_limit" time="0.013" /><testcase classname="skyspy.tests.test_tasks_transcription.ProcessTranscriptionQueueTaskTest" name="test_process_queue_skips_non_queued" time="0.008" /><testcase classname="skyspy.tests.test_tasks_transcription.ProcessTranscriptionQueueTaskTest" name="test_process_queue_triggers_transcribe" time="0.008" /><testcase classname="skyspy.tests.test_tasks_transcription.TranscribeAudioTaskTest" name="test_transcribe_already_completed" time="0.009" /><testcase classname="skyspy.tests.test_tasks_transcription.TranscribeAudioTaskTest" name="test_transcribe_file_not_found" time="0.013" /><testcase classname="skyspy.tests.test_tasks_transcription.TranscribeAudioTaskTest" name="test_transcribe_marks_processing_status" time="0.019" /><testcase classname="skyspy.tests.test_tasks_transcription.TranscribeAudioTaskTest" name="test_transcribe_no_service_configured" time="0.008" /><testcase classname="skyspy.tests.test_tasks_transcription.TranscribeAudioTaskTest" name="test_transcribe_nonexistent_transmission" time="0.004" /><testcase classname="skyspy.tests.test_tasks_transcription.TranscribeAudioTaskTest" name="test_transcribe_with_external_service" time="0.014" /><testcase classname="skyspy.tests.test_tasks_transcription.TranscribeAudioTaskTest" name="test_transcribe_with_whisper_success" time="0.011" /><testcase classname="skyspy.tests.test_tasks_transcription.TranscribeAudioRetryTest" name="test_transcribe_retries_on_failure" time="0.018" /><testcase classname="skyspy.tests.test_tasks_transcription.TranscribeAudioRetryTest" name="test_transcribe_task_has_max_retries" time="0.004" /><testcase classname="skyspy.tests.test_tasks_transcription.TranscribeWithWhisperTest" name="test_whisper_api_call" time="0.001"><skipped type="pytest.skip" message="_transcribe_with_whisper helper was removed/refactored">/Users/maxwatermolen/source/skyspy/skyspy_django/skyspy/tests/test_tasks_transcription.py:369: _transcribe_with_whisper helper was removed/refactored</skipped></testcase><testcase classname="skyspy.tests.test_tasks_transcription.TranscribeWithServiceTest" name="test_service_api_call_with_auth" time="0.000"><skipped type="pytest.skip" message="_transcribe_with_service helper was removed/refactored">/Users/maxwatermolen/source/skyspy/skyspy_django/skyspy/tests/test_tasks_transcription.py:399: _transcribe_with_service helper was removed/refactored</skipped></testcase><testcase classname="skyspy.tests.test_tasks_transcription.ExtractCallsignsTaskTest" name="test_extract_airline_callsigns" time="0.013" /><testcase classname="skyspy.tests.test_tasks_transcription.ExtractCallsignsTaskTest" name="test_extract_callsigns_no_transcript" time="0.005" /><testcase classname="skyspy.tests.test_tasks_transcription.ExtractCallsignsTaskTest" name="test_extract_callsigns_nonexistent_transmission" time="0.003" /><testcase classname="skyspy.tests.test_tasks_transcription.ExtractCallsignsTaskTest" name="test_extract_multiple_callsign_types" time="0.021" /><testcase classname="skyspy.tests.test_tasks_transcription.ExtractCallsignsTaskTest" name="test_extract_n_numbers" time="0.012" /><testcase classname="skyspy.tests.test_tasks_transcription.BroadcastTranscriptionUpdateTest" name="test_broadcast_completed" time="0.006" /><testcase classname="skyspy.tests.test_tasks_transcription.BroadcastTranscriptionUpdateTest" name="test_broadcast_failed" time="0.004" /><testcase classname="skyspy.tests.test_tasks_transcription.BroadcastTranscriptionUpdateTest" name="test_broadcast_handles_failure" time="0.004" /><testcase classname="skyspy.tests.test_tasks_transcription.BroadcastTranscriptionUpdateTest" name="test_broadcast_started" time="0.004" /><testcase classname="skyspy.tests.test_tasks_transcription.TranscriptionTaskSchedulingTest" name="test_extract_callsigns_is_shared_task" time="0.005" /><testcase classname="skyspy.tests.test_tasks_transcription.TranscriptionTaskSchedulingTest" name="test_process_queue_is_shared_task" time="0.002" /><testcase classname="skyspy.tests.test_tasks_transcription.TranscriptionTaskSchedulingTest" name="test_transcribe_audio_is_shared_task" time="0.003" /><testcase classname="skyspy.tests.test_tasks_transcription.AudioTransmissionModelTest" name="test_transcript_segments_json" time="0.005" /><testcase classname="skyspy.tests.test_tasks_transcription.AudioTransmissionModelTest" name="test_transcription_status_choices" time="0.010" /><testcase classname="skyspy.tests.test_integration.TestAircraftPollingFlow" name="test_calculate_distance" time="0.468" /><testcase classname="skyspy.tests.test_integration.TestAircraftPollingFlow" name="test_store_aircraft_sightings" time="0.248" /><testcase classname="skyspy.tests.test_integration.TestAircraftPollingFlow" name="test_update_aircraft_sessions_new" time="0.262" /><testcase classname="skyspy.tests.test_integration.TestAircraftPollingFlow" name="test_update_aircraft_sessions_existing" time="0.858" /><testcase classname="skyspy.tests.test_integration.TestAircraftPollingFlow" name="test_poll_aircraft_success" time="0.878" /><testcase classname="skyspy.tests.test_integration.TestAircraftPollingFlow" name="test_poll_aircraft_failure" time="0.179" /><testcase classname="skyspy.tests.test_integration.TestAlertFlow" name="test_create_alert_rule" time="0.157" /><testcase classname="skyspy.tests.test_integration.TestAlertFlow" name="test_evaluate_simple_alert" time="0.191" /><testcase classname="skyspy.tests.test_integration.TestAlertFlow" name="test_evaluate_military_alert" time="0.169" /><testcase classname="skyspy.tests.test_integration.TestAlertFlow" name="test_evaluate_complex_conditions" time="0.209" /><testcase classname="skyspy.tests.test_integration.TestAlertFlow" name="test_alert_creates_history" time="0.252" /><testcase classname="skyspy.tests.test_integration.TestAlertFlow" name="test_alert_cooldown" time="0.208" /><testcase classname="skyspy.tests.test_integration.TestAlertFlow" name="test_disabled_rule_not_evaluated" time="0.152" /><testcase classname="skyspy.tests.test_integration.TestAlertFlow" name="test_scheduled_rule_outside_window" time="0.192" /><testcase classname="skyspy.tests.test_integration.TestSafetyEventFlow" name="test_detect_emergency_squawk" time="0.170" /><testcase classname="skyspy.tests.test_integration.TestSafetyEventFlow" name="test_detect_extreme_vertical_speed" time="0.238" /><testcase classname="skyspy.tests.test_integration.TestSafetyEventFlow" name="test_detect_proximity_conflict" time="0.159" /><testcase classname="skyspy.tests.test_integration.TestSafetyEventFlow" name="test_detect_vs_reversal" time="0.265" /><testcase classname="skyspy.tests.test_integration.TestSafetyEventFlow" name="test_safety_event_cooldown" time="0.146" /><testcase classname="skyspy.tests.test_integration.TestSafetyEventFlow" name="test_safety_monitoring_disabled" time="0.175" /><testcase classname="skyspy.tests.test_integration.TestAcarsFlow" name="test_normalize_acars_message" time="0.203" /><testcase classname="skyspy.tests.test_integration.TestAcarsFlow" name="test_normalize_vdlm2_message" time="0.233" /><testcase classname="skyspy.tests.test_integration.TestAcarsFlow" name="test_store_acars_message" time="0.756" /><testcase classname="skyspy.tests.test_integration.TestAcarsFlow" name="test_message_deduplication" time="0.194" /><testcase classname="skyspy.tests.test_integration.TestAcarsFlow" name="test_get_recent_messages" time="0.158" /><testcase classname="skyspy.tests.test_integration.TestAcarsFlow" name="test_get_stats" time="0.153" /><testcase classname="skyspy.tests.test_integration.TestTranscriptionFlow" name="test_create_audio_transmission" time="0.164" /><testcase classname="skyspy.tests.test_integration.TestTranscriptionFlow" name="test_queue_transcription" time="0.149" /><testcase classname="skyspy.tests.test_integration.TestTranscriptionFlow" name="test_transcription_success" time="0.167" /><testcase classname="skyspy.tests.test_integration.TestTranscriptionFlow" name="test_transcription_file_not_found" time="0.154" /><testcase classname="skyspy.tests.test_integration.TestTranscriptionFlow" name="test_process_transcription_queue" time="0.146" /><testcase classname="skyspy.tests.test_integration.TestWebSocketIntegration" name="test_placeholder" time="0.002"><skipped type="pytest.skip" message="Django Channels replaced with Socket.IO">/Users/maxwatermolen/source/skyspy/skyspy_django/skyspy/tests/test_integration.py:689: Django Channels replaced with Socket.IO</skipped></testcase><testcase classname="skyspy.tests.test_integration.TestEndToEndFlows" name="test_aircraft_poll_to_storage_flow" time="0.163" /><testcase classname="skyspy.tests.test_integration.TestEndToEndFlows" name="test_alert_to_notification_flow" time="0.157" /><testcase classname="skyspy.tests.test_integration.TestEndToEndFlows" name="test_safety_event_broadcast_flow" time="0.159" /><testcase classname="skyspy.tests.test_integration.TestPerformance" name="test_bulk_sighting_storage" time="0.755" /><testcase classname="skyspy.tests.test_integration.TestPerformance" name="test_alert_evaluation_performance" time="12.997" /><testcase classname="skyspy.tests.test_integration.TestPerformance" name="test_safety_monitor_performance" time="0.497" /><testcase classname="skyspy.tests.test_integration.TestErrorHandling" name="test_invalid_alert_conditions" time="0.203" /><testcase classname="skyspy.tests.test_integration.TestErrorHandling" name="test_missing_aircraft_fields" time="0.172" /><testcase classname="skyspy.tests.test_integration.TestErrorHandling" name="test_acars_invalid_json" time="0.191" /><testcase classname="skyspy.tests.test_integration.TestErrorHandling" name="test_database_integrity_on_duplicate" time="0.170" /><testcase classname="skyspy.tests.test_socketio_events.TestNotamEventBroadcasting" name="test_notam_tfr_new_event_name" time="0.003" /><testcase classname="skyspy.tests.test_socketio_events.TestNotamEventBroadcasting" name="test_notam_stats_event_name" time="0.002" /><testcase classname="skyspy.tests.test_socketio_events.TestNotamEventBroadcasting" name="test_notam_new_broadcast_format" time="0.001" /><testcase classname="skyspy.tests.test_socketio_events.TestNotamEventBroadcasting" name="test_notam_expired_broadcast" time="0.001" /><testcase classname="skyspy.tests.test_socketio_events.TestSafetyEventBroadcasting" name="test_safety_event_updated_broadcast" time="0.001" /><testcase classname="skyspy.tests.test_socketio_events.TestSafetyEventBroadcasting" name="test_safety_event_resolved_broadcast" time="0.001" /><testcase classname="skyspy.tests.test_socketio_events.TestSafetyEventBroadcasting" name="test_safety_event_action_included" time="0.001" /><testcase classname="skyspy.tests.test_socketio_events.TestAircraftHeartbeat" name="test_broadcast_heartbeat_function_exists" time="0.001" /><testcase classname="skyspy.tests.test_socketio_events.TestAircraftHeartbeat" name="test_broadcast_heartbeat_format" time="0.001" /><testcase classname="skyspy.tests.test_socketio_events.TestAircraftHeartbeat" name="test_sync_cache_state_broadcasts_heartbeat" time="0.001" /><testcase classname="skyspy.tests.test_socketio_events.TestAcarsBroadcasting" name="test_acars_broadcasts_to_main_namespace" time="0.002" /><testcase classname="skyspy.tests.test_socketio_events.TestAirframeErrorBroadcasting" name="test_airframe_error_data_format" time="0.001" /><testcase classname="skyspy.tests.test_socketio_events.TestAirframeErrorBroadcasting" name="test_airframe_error_default_error_type" time="0.001" /><testcase classname="skyspy.tests.test_socketio_events.TestRateLimiterThreadSafety" name="test_rate_limiter_uses_lock" time="0.001" /><testcase classname="skyspy.tests.test_socketio_events.TestRateLimiterThreadSafety" name="test_rate_limiter_uses_monotonic_clock" time="0.001" /><testcase classname="skyspy.tests.test_socketio_events.TestRateLimiterThreadSafety" name="test_rate_limiter_cleanup" time="0.001" /><testcase classname="skyspy.tests.test_socketio_events.TestRateLimiterThreadSafety" name="test_rate_limiter_reset" time="0.001" /><testcase classname="skyspy.tests.test_socketio_events.TestBroadcastRoomRouting" name="test_safety_events_go_to_topic_safety" time="0.001" /><testcase classname="skyspy.tests.test_socketio_events.TestBroadcastRoomRouting" name="test_notam_events_go_to_topic_notams" time="0.001" /><testcase classname="skyspy.tests.test_socketio_events.TestBroadcastRoomRouting" name="test_heartbeat_goes_to_topic_aircraft" time="0.001" /><testcase classname="skyspy.tests.test_socketio_namespaces.TestRateLimiter" name="test_rate_limiter_initialization" time="0.001" /><testcase classname="skyspy.tests.test_socketio_namespaces.TestRateLimiter" name="test_rate_limiter_respects_limits" time="0.001" /><testcase classname="skyspy.tests.test_socketio_namespaces.TestRateLimiter" name="test_rate_limiter_custom_rates" time="0.001" /><testcase classname="skyspy.tests.test_socketio_namespaces.TestRateLimiter" name="test_rate_limiter_get_wait_time" time="0.001" /><testcase classname="skyspy.tests.test_socketio_namespaces.TestMessageBatcher" name="test_batcher_initialization" time="0.002" /><testcase classname="skyspy.tests.test_socketio_namespaces.TestMessageBatcher" name="test_batcher_adds_messages" time="0.002" /><testcase classname="skyspy.tests.test_socketio_namespaces.TestMessageBatcher" name="test_batcher_immediate_types" time="0.001" /><testcase classname="skyspy.tests.test_socketio_namespaces.TestMessageBatcher" name="test_batcher_flush_now" time="0.002" /><testcase classname="skyspy.tests.test_socketio_namespaces.TestBroadcastUtility" name="test_sync_emit_formats_message_correctly" time="0.002" /><testcase classname="skyspy.tests.test_socketio_namespaces.TestBroadcastUtility" name="test_broadcast_to_room" time="0.001" /><testcase classname="skyspy.tests.test_socketio_namespaces.TestMainNamespace" name="test_main_namespace_exists" time="0.001" /><testcase classname="skyspy.tests.test_socketio_namespaces.TestMainNamespace" name="test_main_namespace_initialization" time="0.001" /><testcase classname="skyspy.tests.test_socketio_namespaces.TestAudioNamespace" name="test_audio_namespace_exists" time="0.001" /><testcase classname="skyspy.tests.test_socketio_namespaces.TestAudioNamespace" name="test_audio_namespace_initialization" time="0.001" /><testcase classname="skyspy.tests.test_socketio_namespaces.TestCannonballNamespace" name="test_cannonball_namespace_exists" time="0.001" /><testcase classname="skyspy.tests.test_socketio_namespaces.TestCannonballNamespace" name="test_cannonball_namespace_initialization" time="0.001" /><testcase classname="skyspy.tests.test_socketio_namespaces.TestSocketIOServer" name="test_server_can_be_imported" time="0.001" /><testcase classname="skyspy.tests.test_socketio_namespaces.TestSocketIOServer" name="test_namespace_registration" time="0.043" /></testsuite></testsuites>